ARM GAS  C:\Users\DAELT-~1\AppData\Local\Temp\ccZORpbI.s 			page 1


   1              		.cpu cortex-m4
   2              		.arch armv7e-m
   3              		.fpu fpv4-sp-d16
   4              		.eabi_attribute 27, 1
   5              		.eabi_attribute 28, 1
   6              		.eabi_attribute 20, 1
   7              		.eabi_attribute 21, 1
   8              		.eabi_attribute 23, 3
   9              		.eabi_attribute 24, 1
  10              		.eabi_attribute 25, 1
  11              		.eabi_attribute 26, 1
  12              		.eabi_attribute 30, 6
  13              		.eabi_attribute 34, 1
  14              		.eabi_attribute 18, 4
  15              		.file	"application.c"
  16              		.text
  17              	.Ltext0:
  18              		.cfi_sections	.debug_frame
  19              		.file 1 "Core/Src/application.c"
  20              		.global	potencia
  21              		.section	.bss.potencia,"aw",%nobits
  22              		.align	1
  25              	potencia:
  26 0000 0000     		.space	2
  27              		.section	.text.LoRaWAN_RxEventCallback,"ax",%progbits
  28              		.align	1
  29              		.global	LoRaWAN_RxEventCallback
  30              		.syntax unified
  31              		.thumb
  32              		.thumb_func
  34              	LoRaWAN_RxEventCallback:
  35              	.LFB224:
   1:Core/Src/application.c **** #include "cmsis_os.h"
   2:Core/Src/application.c **** #include "stm32f4xx_hal.h"
   3:Core/Src/application.c **** #include "radioenge_modem.h"
   4:Core/Src/application.c **** #include "termistor.h"
   5:Core/Src/application.c **** 
   6:Core/Src/application.c **** extern osTimerId_t PeriodicSendTimerHandle;
   7:Core/Src/application.c **** extern osThreadId_t AppSendTaskHandle;
   8:Core/Src/application.c **** extern ADC_HandleTypeDef hadc1;
   9:Core/Src/application.c **** extern osEventFlagsId_t ModemStatusFlagsHandle;
  10:Core/Src/application.c **** extern TIM_HandleTypeDef htim3;
  11:Core/Src/application.c **** 
  12:Core/Src/application.c **** uint16_t potencia;
  13:Core/Src/application.c **** 
  14:Core/Src/application.c **** typedef struct {
  15:Core/Src/application.c ****     uint16_t power_compressor;
  16:Core/Src/application.c ****     uint8_t warning_status;
  17:Core/Src/application.c ****     } D;
  18:Core/Src/application.c **** 
  19:Core/Src/application.c **** void LoRaWAN_RxEventCallback(uint8_t *data, uint32_t length, uint32_t port, int32_t rssi, int32_t s
  20:Core/Src/application.c **** {
  36              		.loc 1 20 1
  37              		.cfi_startproc
  38              		@ args = 4, pretend = 0, frame = 24
  39              		@ frame_needed = 1, uses_anonymous_args = 0
  40              		@ link register save eliminated.
ARM GAS  C:\Users\DAELT-~1\AppData\Local\Temp\ccZORpbI.s 			page 2


  41 0000 80B4     		push	{r7}
  42              	.LCFI0:
  43              		.cfi_def_cfa_offset 4
  44              		.cfi_offset 7, -4
  45 0002 87B0     		sub	sp, sp, #28
  46              	.LCFI1:
  47              		.cfi_def_cfa_offset 32
  48 0004 00AF     		add	r7, sp, #0
  49              	.LCFI2:
  50              		.cfi_def_cfa_register 7
  51 0006 F860     		str	r0, [r7, #12]
  52 0008 B960     		str	r1, [r7, #8]
  53 000a 7A60     		str	r2, [r7, #4]
  54 000c 3B60     		str	r3, [r7]
  21:Core/Src/application.c **** 
  22:Core/Src/application.c ****     D* info;
  23:Core/Src/application.c ****     info=(D*)data;
  55              		.loc 1 23 9
  56 000e FB68     		ldr	r3, [r7, #12]
  57 0010 7B61     		str	r3, [r7, #20]
  24:Core/Src/application.c ****     potencia=(*info).power_compressor;
  58              		.loc 1 24 21
  59 0012 7B69     		ldr	r3, [r7, #20]
  60 0014 1A88     		ldrh	r2, [r3]
  61              		.loc 1 24 13
  62 0016 044B     		ldr	r3, .L2
  63 0018 1A80     		strh	r2, [r3]	@ movhi
  25:Core/Src/application.c **** 
  26:Core/Src/application.c **** 
  27:Core/Src/application.c **** }
  64              		.loc 1 27 1
  65 001a 00BF     		nop
  66 001c 1C37     		adds	r7, r7, #28
  67              	.LCFI3:
  68              		.cfi_def_cfa_offset 4
  69 001e BD46     		mov	sp, r7
  70              	.LCFI4:
  71              		.cfi_def_cfa_register 13
  72              		@ sp needed
  73 0020 5DF8047B 		ldr	r7, [sp], #4
  74              	.LCFI5:
  75              		.cfi_restore 7
  76              		.cfi_def_cfa_offset 0
  77 0024 7047     		bx	lr
  78              	.L3:
  79 0026 00BF     		.align	2
  80              	.L2:
  81 0028 00000000 		.word	potencia
  82              		.cfi_endproc
  83              	.LFE224:
  85              		.section	.text.PeriodicSendTimerCallback,"ax",%progbits
  86              		.align	1
  87              		.global	PeriodicSendTimerCallback
  88              		.syntax unified
  89              		.thumb
  90              		.thumb_func
  92              	PeriodicSendTimerCallback:
ARM GAS  C:\Users\DAELT-~1\AppData\Local\Temp\ccZORpbI.s 			page 3


  93              	.LFB225:
  28:Core/Src/application.c **** 
  29:Core/Src/application.c **** void PeriodicSendTimerCallback(void *argument)
  30:Core/Src/application.c **** {
  94              		.loc 1 30 1
  95              		.cfi_startproc
  96              		@ args = 0, pretend = 0, frame = 8
  97              		@ frame_needed = 1, uses_anonymous_args = 0
  98              		@ link register save eliminated.
  99 0000 80B4     		push	{r7}
 100              	.LCFI6:
 101              		.cfi_def_cfa_offset 4
 102              		.cfi_offset 7, -4
 103 0002 83B0     		sub	sp, sp, #12
 104              	.LCFI7:
 105              		.cfi_def_cfa_offset 16
 106 0004 00AF     		add	r7, sp, #0
 107              	.LCFI8:
 108              		.cfi_def_cfa_register 7
 109 0006 7860     		str	r0, [r7, #4]
  31:Core/Src/application.c **** }
 110              		.loc 1 31 1
 111 0008 00BF     		nop
 112 000a 0C37     		adds	r7, r7, #12
 113              	.LCFI9:
 114              		.cfi_def_cfa_offset 4
 115 000c BD46     		mov	sp, r7
 116              	.LCFI10:
 117              		.cfi_def_cfa_register 13
 118              		@ sp needed
 119 000e 5DF8047B 		ldr	r7, [sp], #4
 120              	.LCFI11:
 121              		.cfi_restore 7
 122              		.cfi_def_cfa_offset 0
 123 0012 7047     		bx	lr
 124              		.cfi_endproc
 125              	.LFE225:
 127              		.global	__aeabi_ui2d
 128              		.global	__aeabi_dmul
 129              		.global	__aeabi_ddiv
 130              		.global	__aeabi_d2f
 131              		.section	.text.AppSendTaskCode,"ax",%progbits
 132              		.align	1
 133              		.global	AppSendTaskCode
 134              		.syntax unified
 135              		.thumb
 136              		.thumb_func
 138              	AppSendTaskCode:
 139              	.LFB226:
  32:Core/Src/application.c **** 
  33:Core/Src/application.c ****     typedef struct {
  34:Core/Src/application.c ****     uint32_t seq_no;
  35:Core/Src/application.c ****     int32_t temp_oCx100;
  36:Core/Src/application.c ****     } __attribute__((packed)) TEMPERATURE_OBJ_t;
  37:Core/Src/application.c **** 
  38:Core/Src/application.c **** void AppSendTaskCode(void *argument)
  39:Core/Src/application.c **** {
ARM GAS  C:\Users\DAELT-~1\AppData\Local\Temp\ccZORpbI.s 			page 4


 140              		.loc 1 39 1
 141              		.cfi_startproc
 142              		@ args = 0, pretend = 0, frame = 24
 143              		@ frame_needed = 1, uses_anonymous_args = 0
 144 0000 80B5     		push	{r7, lr}
 145              	.LCFI12:
 146              		.cfi_def_cfa_offset 8
 147              		.cfi_offset 7, -8
 148              		.cfi_offset 14, -4
 149 0002 86B0     		sub	sp, sp, #24
 150              	.LCFI13:
 151              		.cfi_def_cfa_offset 32
 152 0004 00AF     		add	r7, sp, #0
 153              	.LCFI14:
 154              		.cfi_def_cfa_register 7
 155 0006 7860     		str	r0, [r7, #4]
  40:Core/Src/application.c ****     /* USER CODE BEGIN 5 */
  41:Core/Src/application.c ****     /* Infinite loop */    
  42:Core/Src/application.c ****     
  43:Core/Src/application.c ****         
  44:Core/Src/application.c ****     uint32_t read;
  45:Core/Src/application.c ****     TEMPERATURE_OBJ_t temp;
  46:Core/Src/application.c ****     temp.seq_no = 0;
 156              		.loc 1 46 17
 157 0008 0023     		movs	r3, #0
 158 000a FB60     		str	r3, [r7, #12]
 159              	.L6:
  47:Core/Src/application.c **** 
  48:Core/Src/application.c **** 
  49:Core/Src/application.c **** 
  50:Core/Src/application.c ****     while (1)
  51:Core/Src/application.c ****     {
  52:Core/Src/application.c ****         HAL_ADC_Start(&hadc1);
 160              		.loc 1 52 9
 161 000c 2648     		ldr	r0, .L7+16
 162 000e FFF7FEFF 		bl	HAL_ADC_Start
  53:Core/Src/application.c ****         HAL_ADC_PollForConversion(&hadc1, 100);
 163              		.loc 1 53 9
 164 0012 6421     		movs	r1, #100
 165 0014 2448     		ldr	r0, .L7+16
 166 0016 FFF7FEFF 		bl	HAL_ADC_PollForConversion
  54:Core/Src/application.c ****         read = HAL_ADC_GetValue(&hadc1);
 167              		.loc 1 54 16
 168 001a 2348     		ldr	r0, .L7+16
 169 001c FFF7FEFF 		bl	HAL_ADC_GetValue
 170 0020 7861     		str	r0, [r7, #20]
  55:Core/Src/application.c ****         temp.seq_no++;
 171              		.loc 1 55 13
 172 0022 FB68     		ldr	r3, [r7, #12]
 173              		.loc 1 55 20
 174 0024 0133     		adds	r3, r3, #1
 175 0026 FB60     		str	r3, [r7, #12]
  56:Core/Src/application.c ****         temp.temp_oCx100 = DividerVoltageToDegreesCelsius(3300,(3300.0*read / 4095.0))*100;
 176              		.loc 1 56 71
 177 0028 7869     		ldr	r0, [r7, #20]
 178 002a FFF7FEFF 		bl	__aeabi_ui2d
 179 002e 1AA3     		adr	r3, .L7
ARM GAS  C:\Users\DAELT-~1\AppData\Local\Temp\ccZORpbI.s 			page 5


 180 0030 D3E90023 		ldrd	r2, [r3]
 181 0034 FFF7FEFF 		bl	__aeabi_dmul
 182 0038 0246     		mov	r2, r0
 183 003a 0B46     		mov	r3, r1
 184 003c 1046     		mov	r0, r2
 185 003e 1946     		mov	r1, r3
 186              		.loc 1 56 77
 187 0040 17A3     		adr	r3, .L7+8
 188 0042 D3E90023 		ldrd	r2, [r3]
 189 0046 FFF7FEFF 		bl	__aeabi_ddiv
 190 004a 0246     		mov	r2, r0
 191 004c 0B46     		mov	r3, r1
 192              		.loc 1 56 28
 193 004e 1046     		mov	r0, r2
 194 0050 1946     		mov	r1, r3
 195 0052 FFF7FEFF 		bl	__aeabi_d2f
 196 0056 0346     		mov	r3, r0	@ float
 197 0058 00EE903A 		vmov	s1, r3
 198 005c 9FED130A 		vldr.32	s0, .L7+20
 199 0060 FFF7FEFF 		bl	DividerVoltageToDegreesCelsius
 200 0064 F0EE407A 		vmov.f32	s15, s0
 201              		.loc 1 56 87 discriminator 1
 202 0068 9FED117A 		vldr.32	s14, .L7+24
 203 006c 67EE877A 		vmul.f32	s15, s15, s14
 204              		.loc 1 56 26 discriminator 1
 205 0070 FDEEE77A 		vcvt.s32.f32	s15, s15
 206 0074 17EE903A 		vmov	r3, s15	@ int
 207 0078 3B61     		str	r3, [r7, #16]
  57:Core/Src/application.c ****         /*sprintf(sendStr,"Temperature: %2d.%2d",temp/100,temp%100);*/
  58:Core/Src/application.c ****         
  59:Core/Src/application.c ****         LoRaSendB(2, (uint8_t *)&temp, sizeof(TEMPERATURE_OBJ_t));
 208              		.loc 1 59 9
 209 007a 07F10C03 		add	r3, r7, #12
 210 007e 0822     		movs	r2, #8
 211 0080 1946     		mov	r1, r3
 212 0082 0220     		movs	r0, #2
 213 0084 FFF7FEFF 		bl	LoRaSendB
  60:Core/Src/application.c **** 
  61:Core/Src/application.c ****         osDelay(15000);
 214              		.loc 1 61 9 discriminator 1
 215 0088 43F69820 		movw	r0, #15000
 216 008c FFF7FEFF 		bl	osDelay
  52:Core/Src/application.c ****         HAL_ADC_PollForConversion(&hadc1, 100);
 217              		.loc 1 52 9
 218 0090 00BF     		nop
 219 0092 BBE7     		b	.L6
 220              	.L8:
 221 0094 AFF30080 		.align	3
 222              	.L7:
 223 0098 00000000 		.word	0
 224 009c 00C8A940 		.word	1084868608
 225 00a0 00000000 		.word	0
 226 00a4 00FEAF40 		.word	1085275648
 227 00a8 00000000 		.word	hadc1
 228 00ac 00404E45 		.word	1162756096
 229 00b0 0000C842 		.word	1120403456
 230              		.cfi_endproc
ARM GAS  C:\Users\DAELT-~1\AppData\Local\Temp\ccZORpbI.s 			page 6


 231              	.LFE226:
 233              		.text
 234              	.Letext0:
 235              		.file 2 "C:/tools/arm-gnu-toolchain-13.2.rel1-mingw-w64-i686-arm-none-eabi/lib/gcc/arm-none-eabi/1
 236              		.file 3 "C:/tools/arm-gnu-toolchain-13.2.rel1-mingw-w64-i686-arm-none-eabi/arm-none-eabi/include/m
 237              		.file 4 "C:/tools/arm-gnu-toolchain-13.2.rel1-mingw-w64-i686-arm-none-eabi/arm-none-eabi/include/s
 238              		.file 5 "Middlewares/Third_Party/FreeRTOS/Source/CMSIS_RTOS_V2/cmsis_os2.h"
 239              		.file 6 "Drivers/CMSIS/Device/ST/STM32F4xx/Include/stm32f411xe.h"
 240              		.file 7 "Drivers/CMSIS/Device/ST/STM32F4xx/Include/stm32f4xx.h"
 241              		.file 8 "Drivers/STM32F4xx_HAL_Driver/Inc/stm32f4xx_hal_def.h"
 242              		.file 9 "Drivers/STM32F4xx_HAL_Driver/Inc/stm32f4xx_hal_dma.h"
 243              		.file 10 "Drivers/STM32F4xx_HAL_Driver/Inc/stm32f4xx_hal_adc.h"
 244              		.file 11 "Core/Inc/radioenge_modem.h"
 245              		.file 12 "Core/Inc/termistor.h"
ARM GAS  C:\Users\DAELT-~1\AppData\Local\Temp\ccZORpbI.s 			page 7


DEFINED SYMBOLS
                            *ABS*:00000000 application.c
C:\Users\DAELT-~1\AppData\Local\Temp\ccZORpbI.s:25     .bss.potencia:00000000 potencia
C:\Users\DAELT-~1\AppData\Local\Temp\ccZORpbI.s:22     .bss.potencia:00000000 $d
C:\Users\DAELT-~1\AppData\Local\Temp\ccZORpbI.s:28     .text.LoRaWAN_RxEventCallback:00000000 $t
C:\Users\DAELT-~1\AppData\Local\Temp\ccZORpbI.s:34     .text.LoRaWAN_RxEventCallback:00000000 LoRaWAN_RxEventCallback
C:\Users\DAELT-~1\AppData\Local\Temp\ccZORpbI.s:81     .text.LoRaWAN_RxEventCallback:00000028 $d
C:\Users\DAELT-~1\AppData\Local\Temp\ccZORpbI.s:86     .text.PeriodicSendTimerCallback:00000000 $t
C:\Users\DAELT-~1\AppData\Local\Temp\ccZORpbI.s:92     .text.PeriodicSendTimerCallback:00000000 PeriodicSendTimerCallback
C:\Users\DAELT-~1\AppData\Local\Temp\ccZORpbI.s:132    .text.AppSendTaskCode:00000000 $t
C:\Users\DAELT-~1\AppData\Local\Temp\ccZORpbI.s:138    .text.AppSendTaskCode:00000000 AppSendTaskCode
C:\Users\DAELT-~1\AppData\Local\Temp\ccZORpbI.s:223    .text.AppSendTaskCode:00000098 $d

UNDEFINED SYMBOLS
__aeabi_ui2d
__aeabi_dmul
__aeabi_ddiv
__aeabi_d2f
HAL_ADC_Start
HAL_ADC_PollForConversion
HAL_ADC_GetValue
DividerVoltageToDegreesCelsius
LoRaSendB
osDelay
hadc1
