Archive member included to satisfy reference by file (symbol)

C:/tools/arm-gnu-toolchain-13.2.rel1-mingw-w64-i686-arm-none-eabi/bin/../lib/gcc/arm-none-eabi/13.2.1/thumb/v7e-m+fp/hard\libc_nano.a(libc_a-atoi.o)
                              build/uart_at.o (atoi)
C:/tools/arm-gnu-toolchain-13.2.rel1-mingw-w64-i686-arm-none-eabi/bin/../lib/gcc/arm-none-eabi/13.2.1/thumb/v7e-m+fp/hard\libc_nano.a(libc_a-exit.o)
                              C:/tools/arm-gnu-toolchain-13.2.rel1-mingw-w64-i686-arm-none-eabi/bin/../lib/gcc/arm-none-eabi/13.2.1/thumb/v7e-m+fp/hard/crt0.o (exit)
C:/tools/arm-gnu-toolchain-13.2.rel1-mingw-w64-i686-arm-none-eabi/bin/../lib/gcc/arm-none-eabi/13.2.1/thumb/v7e-m+fp/hard\libc_nano.a(libc_a-strtol.o)
                              C:/tools/arm-gnu-toolchain-13.2.rel1-mingw-w64-i686-arm-none-eabi/bin/../lib/gcc/arm-none-eabi/13.2.1/thumb/v7e-m+fp/hard\libc_nano.a(libc_a-atoi.o) (_strtol_r)
C:/tools/arm-gnu-toolchain-13.2.rel1-mingw-w64-i686-arm-none-eabi/bin/../lib/gcc/arm-none-eabi/13.2.1/thumb/v7e-m+fp/hard\libc_nano.a(libc_a-ctype_.o)
                              C:/tools/arm-gnu-toolchain-13.2.rel1-mingw-w64-i686-arm-none-eabi/bin/../lib/gcc/arm-none-eabi/13.2.1/thumb/v7e-m+fp/hard\libc_nano.a(libc_a-strtol.o) (_ctype_)
C:/tools/arm-gnu-toolchain-13.2.rel1-mingw-w64-i686-arm-none-eabi/bin/../lib/gcc/arm-none-eabi/13.2.1/thumb/v7e-m+fp/hard\libc_nano.a(libc_a-findfp.o)
                              C:/tools/arm-gnu-toolchain-13.2.rel1-mingw-w64-i686-arm-none-eabi/bin/../lib/gcc/arm-none-eabi/13.2.1/thumb/v7e-m+fp/hard\libc_nano.a(libc_a-exit.o) (__stdio_exit_handler)
C:/tools/arm-gnu-toolchain-13.2.rel1-mingw-w64-i686-arm-none-eabi/bin/../lib/gcc/arm-none-eabi/13.2.1/thumb/v7e-m+fp/hard\libc_nano.a(libc_a-fwalk.o)
                              C:/tools/arm-gnu-toolchain-13.2.rel1-mingw-w64-i686-arm-none-eabi/bin/../lib/gcc/arm-none-eabi/13.2.1/thumb/v7e-m+fp/hard\libc_nano.a(libc_a-findfp.o) (_fwalk_sglue)
C:/tools/arm-gnu-toolchain-13.2.rel1-mingw-w64-i686-arm-none-eabi/bin/../lib/gcc/arm-none-eabi/13.2.1/thumb/v7e-m+fp/hard\libc_nano.a(libc_a-snprintf.o)
                              build/radioenge_modem.o (snprintf)
C:/tools/arm-gnu-toolchain-13.2.rel1-mingw-w64-i686-arm-none-eabi/bin/../lib/gcc/arm-none-eabi/13.2.1/thumb/v7e-m+fp/hard\libc_nano.a(libc_a-sprintf.o)
                              build/radioenge_modem.o (sprintf)
C:/tools/arm-gnu-toolchain-13.2.rel1-mingw-w64-i686-arm-none-eabi/bin/../lib/gcc/arm-none-eabi/13.2.1/thumb/v7e-m+fp/hard\libc_nano.a(libc_a-stdio.o)
                              C:/tools/arm-gnu-toolchain-13.2.rel1-mingw-w64-i686-arm-none-eabi/bin/../lib/gcc/arm-none-eabi/13.2.1/thumb/v7e-m+fp/hard\libc_nano.a(libc_a-findfp.o) (__sread)
C:/tools/arm-gnu-toolchain-13.2.rel1-mingw-w64-i686-arm-none-eabi/bin/../lib/gcc/arm-none-eabi/13.2.1/thumb/v7e-m+fp/hard\libc_nano.a(libc_a-memset.o)
                              C:/tools/arm-gnu-toolchain-13.2.rel1-mingw-w64-i686-arm-none-eabi/bin/../lib/gcc/arm-none-eabi/13.2.1/thumb/v7e-m+fp/hard/crt0.o (memset)
C:/tools/arm-gnu-toolchain-13.2.rel1-mingw-w64-i686-arm-none-eabi/bin/../lib/gcc/arm-none-eabi/13.2.1/thumb/v7e-m+fp/hard\libc_nano.a(libc_a-strncmp.o)
                              build/uart_at.o (strncmp)
C:/tools/arm-gnu-toolchain-13.2.rel1-mingw-w64-i686-arm-none-eabi/bin/../lib/gcc/arm-none-eabi/13.2.1/thumb/v7e-m+fp/hard\libc_nano.a(libc_a-strtok.o)
                              build/uart_at.o (strtok)
C:/tools/arm-gnu-toolchain-13.2.rel1-mingw-w64-i686-arm-none-eabi/bin/../lib/gcc/arm-none-eabi/13.2.1/thumb/v7e-m+fp/hard\libc_nano.a(libc_a-strtok_r.o)
                              C:/tools/arm-gnu-toolchain-13.2.rel1-mingw-w64-i686-arm-none-eabi/bin/../lib/gcc/arm-none-eabi/13.2.1/thumb/v7e-m+fp/hard\libc_nano.a(libc_a-strtok.o) (__strtok_r)
C:/tools/arm-gnu-toolchain-13.2.rel1-mingw-w64-i686-arm-none-eabi/bin/../lib/gcc/arm-none-eabi/13.2.1/thumb/v7e-m+fp/hard\libc_nano.a(libc_a-closer.o)
                              C:/tools/arm-gnu-toolchain-13.2.rel1-mingw-w64-i686-arm-none-eabi/bin/../lib/gcc/arm-none-eabi/13.2.1/thumb/v7e-m+fp/hard\libc_nano.a(libc_a-stdio.o) (_close_r)
C:/tools/arm-gnu-toolchain-13.2.rel1-mingw-w64-i686-arm-none-eabi/bin/../lib/gcc/arm-none-eabi/13.2.1/thumb/v7e-m+fp/hard\libc_nano.a(libc_a-reent.o)
                              C:/tools/arm-gnu-toolchain-13.2.rel1-mingw-w64-i686-arm-none-eabi/bin/../lib/gcc/arm-none-eabi/13.2.1/thumb/v7e-m+fp/hard\libc_nano.a(libc_a-closer.o) (errno)
C:/tools/arm-gnu-toolchain-13.2.rel1-mingw-w64-i686-arm-none-eabi/bin/../lib/gcc/arm-none-eabi/13.2.1/thumb/v7e-m+fp/hard\libc_nano.a(libc_a-impure.o)
                              C:/tools/arm-gnu-toolchain-13.2.rel1-mingw-w64-i686-arm-none-eabi/bin/../lib/gcc/arm-none-eabi/13.2.1/thumb/v7e-m+fp/hard\libc_nano.a(libc_a-strtol.o) (_impure_ptr)
C:/tools/arm-gnu-toolchain-13.2.rel1-mingw-w64-i686-arm-none-eabi/bin/../lib/gcc/arm-none-eabi/13.2.1/thumb/v7e-m+fp/hard\libc_nano.a(libc_a-lseekr.o)
[...]
Memory Configuration

Name             Origin             Length             Attributes
RAM              0x20000000         0x00020000         xrw
FLASH            0x08000000         0x00080000         xr
*default*        0x00000000         0xffffffff

Linker script and memory map

LOAD C:/tools/arm-gnu-toolchain-13.2.rel1-mingw-w64-i686-arm-none-eabi/bin/../lib/gcc/arm-none-eabi/13.2.1/thumb/v7e-m+fp/hard/crti.o
LOAD C:/tools/arm-gnu-toolchain-13.2.rel1-mingw-w64-i686-arm-none-eabi/bin/../lib/gcc/arm-none-eabi/13.2.1/thumb/v7e-m+fp/hard/crtbegin.o
LOAD C:/tools/arm-gnu-toolchain-13.2.rel1-mingw-w64-i686-arm-none-eabi/bin/../lib/gcc/arm-none-eabi/13.2.1/thumb/v7e-m+fp/hard/crt0.o
LOAD build/main.o
LOAD build/termistor.o
LOAD build/stm32f4xx_it.o
LOAD build/stm32f4xx_hal_msp.o
LOAD build/freertos.o
LOAD build/stm32f4xx_hal_timebase_tim.o
LOAD build/croutine.o
LOAD build/event_groups.o
LOAD build/list.o
LOAD build/queue.o
LOAD build/stream_buffer.o
LOAD build/tasks.o
LOAD build/timers.o
LOAD build/cmsis_os2.o
LOAD build/heap_4.o
LOAD build/port.o
LOAD build/usb_device.o
LOAD build/usbd_desc.o
LOAD build/usbd_cdc_if.o
LOAD build/usbd_conf.o
LOAD build/stm32f4xx_hal_pcd.o
LOAD build/stm32f4xx_hal_pcd_ex.o
LOAD build/stm32f4xx_ll_usb.o
LOAD build/stm32f4xx_hal_rcc.o
LOAD build/stm32f4xx_hal_rcc_ex.o
LOAD build/stm32f4xx_hal_flash.o
LOAD build/stm32f4xx_hal_flash_ex.o
LOAD build/stm32f4xx_hal_flash_ramfunc.o
LOAD build/stm32f4xx_hal_gpio.o
LOAD build/stm32f4xx_hal_dma_ex.o
LOAD build/stm32f4xx_hal_dma.o
LOAD build/stm32f4xx_hal_pwr.o
LOAD build/stm32f4xx_hal_pwr_ex.o
LOAD build/stm32f4xx_hal_cortex.o
LOAD build/stm32f4xx_hal.o
LOAD build/stm32f4xx_hal_exti.o
LOAD build/stm32f4xx_hal_tim.o
LOAD build/stm32f4xx_hal_tim_ex.o
LOAD build/stm32f4xx_hal_uart.o
LOAD build/system_stm32f4xx.o
LOAD build/usbd_core.o
LOAD build/usbd_ctlreq.o
LOAD build/usbd_ioreq.o
LOAD build/usbd_cdc.o
LOAD build/uart_at.o
LOAD build/uartRingBufDMA.o
LOAD build/radioenge_modem.o
LOAD build/application.o
LOAD build/stm32f4xx_hal_adc.o
LOAD build/stm32f4xx_hal_adc_ex.o
LOAD build/stm32f4xx_ll_adc.o
LOAD build/startup_stm32f411xe.o
LOAD C:/tools/arm-gnu-toolchain-13.2.rel1-mingw-w64-i686-arm-none-eabi/bin/../lib/gcc/arm-none-eabi/13.2.1/thumb/v7e-m+fp/hard\libc_nano.a
LOAD C:/tools/arm-gnu-toolchain-13.2.rel1-mingw-w64-i686-arm-none-eabi/bin/../lib/gcc/arm-none-eabi/13.2.1/thumb/v7e-m+fp/hard\libm.a
LOAD C:/tools/arm-gnu-toolchain-13.2.rel1-mingw-w64-i686-arm-none-eabi/bin/../lib/gcc/arm-none-eabi/13.2.1/thumb/v7e-m+fp/hard\libnosys.a
START GROUP
LOAD C:/tools/arm-gnu-toolchain-13.2.rel1-mingw-w64-i686-arm-none-eabi/bin/../lib/gcc/arm-none-eabi/13.2.1/thumb/v7e-m+fp/hard\libgcc.a
LOAD C:/tools/arm-gnu-toolchain-13.2.rel1-mingw-w64-i686-arm-none-eabi/bin/../lib/gcc/arm-none-eabi/13.2.1/thumb/v7e-m+fp/hard\libc_nano.a
END GROUP
START GROUP
LOAD C:/tools/arm-gnu-toolchain-13.2.rel1-mingw-w64-i686-arm-none-eabi/bin/../lib/gcc/arm-none-eabi/13.2.1/thumb/v7e-m+fp/hard\libgcc.a
LOAD C:/tools/arm-gnu-toolchain-13.2.rel1-mingw-w64-i686-arm-none-eabi/bin/../lib/gcc/arm-none-eabi/13.2.1/thumb/v7e-m+fp/hard\libc_nano.a
END GROUP
LOAD C:/tools/arm-gnu-toolchain-13.2.rel1-mingw-w64-i686-arm-none-eabi/bin/../lib/gcc/arm-none-eabi/13.2.1/thumb/v7e-m+fp/hard/crtend.o
LOAD C:/tools/arm-gnu-toolchain-13.2.rel1-mingw-w64-i686-arm-none-eabi/bin/../lib/gcc/arm-none-eabi/13.2.1/thumb/v7e-m+fp/hard/crtn.o
                0x20020000                        _estack = (ORIGIN (RAM) + LENGTH (RAM))
                0x00000200                        _Min_Heap_Size = 0x200
                0x00000400                        _Min_Stack_Size = 0x400

.isr_vector     0x08000000      0x198
                0x08000000                        . = ALIGN (0x4)
 *(.isr_vector)
 .isr_vector    0x08000000      0x198 build/startup_stm32f411xe.o
                0x08000000                g_pfnVectors
                0x08000198                        . = ALIGN (0x4)

.text           0x080001a0    0x1348c
                0x080001a0                        . = ALIGN (0x4)
 *(.text)
 .text          0x080001a0       0x10 C:/tools/arm-gnu-toolchain-13.2.rel1-mingw-w64-i686-arm-none-eabi/bin/../lib/gcc/arm-none-eabi/13.2.1/thumb/v7e-m+fp/hard\libc_nano.a(libc_a-strlen.o)
                0x080001a0                strlen
 .text          0x080001b0       0xa0 C:/tools/arm-gnu-toolchain-13.2.rel1-mingw-w64-i686-arm-none-eabi/bin/../lib/gcc/arm-none-eabi/13.2.1/thumb/v7e-m+fp/hard\libc_nano.a(libc_a-memchr.o)
                0x080001b0                memchr
 .text          0x08000250      0x378 C:/tools/arm-gnu-toolchain-13.2.rel1-mingw-w64-i686-arm-none-eabi/bin/../lib/gcc/arm-none-eabi/13.2.1/thumb/v7e-m+fp/hard\libgcc.a(_arm_addsubdf3.o)
                0x08000250                __aeabi_drsub
                0x08000258                __aeabi_dsub
                0x08000258                __subdf3
                0x0800025c                __aeabi_dadd
                0x0800025c                __adddf3
                0x080004d4                __floatunsidf
                0x080004d4                __aeabi_ui2d
                0x080004f4                __floatsidf
                0x080004f4                __aeabi_i2d
                0x08000518                __aeabi_f2d
                0x08000518                __extendsfdf2
                0x0800055c                __floatundidf
                0x0800055c                __aeabi_ul2d
                0x0800056c                __floatdidf
                0x0800056c                __aeabi_l2d
 .text          0x080005c8      0x424 C:/tools/arm-gnu-toolchain-13.2.rel1-mingw-w64-i686-arm-none-eabi/bin/../lib/gcc/arm-none-eabi/13.2.1/thumb/v7e-m+fp/hard\libgcc.a(_arm_muldivdf3.o)
                0x080005c8                __aeabi_dmul
                0x080005c8                __muldf3
                0x0800081c                __divdf3
                0x0800081c                __aeabi_ddiv
 .text          0x080009ec      0x110 C:/tools/arm-gnu-toolchain-13.2.rel1-mingw-w64-i686-arm-none-eabi/bin/../lib/gcc/arm-none-eabi/13.2.1/thumb/v7e-m+fp/hard\libgcc.a(_arm_cmpdf2.o)
                0x080009ec                __gtdf2
                0x080009ec                __gedf2
                0x080009f4                __ltdf2
                0x080009f4                __ledf2
                0x080009fc                __nedf2
                0x080009fc                __eqdf2
                0x080009fc                __cmpdf2
                0x08000a78                __aeabi_cdrcmple
                0x08000a88                __aeabi_cdcmpeq
                0x08000a88                __aeabi_cdcmple
                0x08000a98                __aeabi_dcmpeq
                0x08000aac                __aeabi_dcmplt
                0x08000ac0                __aeabi_dcmple
                0x08000ad4                __aeabi_dcmpge
                0x08000ae8                __aeabi_dcmpgt
 .text          0x08000afc       0x2c C:/tools/arm-gnu-toolchain-13.2.rel1-mingw-w64-i686-arm-none-eabi/bin/../lib/gcc/arm-none-eabi/13.2.1/thumb/v7e-m+fp/hard\libgcc.a(_arm_unorddf2.o)
                0x08000afc                __unorddf2
                0x08000afc                __aeabi_dcmpun
 .text          0x08000b28       0xa0 C:/tools/arm-gnu-toolchain-13.2.rel1-mingw-w64-i686-arm-none-eabi/bin/../lib/gcc/arm-none-eabi/13.2.1/thumb/v7e-m+fp/hard\libgcc.a(_arm_truncdfsf2.o)
                0x08000b28                __truncdfsf2
                0x08000b28                __aeabi_d2f
 .text          0x08000bc8       0x30 C:/tools/arm-gnu-toolchain-13.2.rel1-mingw-w64-i686-arm-none-eabi/bin/../lib/gcc/arm-none-eabi/13.2.1/thumb/v7e-m+fp/hard\libgcc.a(_aeabi_uldivmod.o)
                0x08000bc8                __aeabi_uldivmod
 .text          0x08000bf8        0x4 C:/tools/arm-gnu-toolchain-13.2.rel1-mingw-w64-i686-arm-none-eabi/bin/../lib/gcc/arm-none-eabi/13.2.1/thumb/v7e-m+fp/hard\libgcc.a(_dvmd_tls.o)
                0x08000bf8                __aeabi_idiv0
                0x08000bf8                __aeabi_ldiv0
 *(.text*)
 .text.deregister_tm_clones
                0x08000bfc       0x1c C:/tools/arm-gnu-toolchain-13.2.rel1-mingw-w64-i686-arm-none-eabi/bin/../lib/gcc/arm-none-eabi/13.2.1/thumb/v7e-m+fp/hard/crtbegin.o
 .text.register_tm_clones
                0x08000c18       0x24 C:/tools/arm-gnu-toolchain-13.2.rel1-mingw-w64-i686-arm-none-eabi/bin/../lib/gcc/arm-none-eabi/13.2.1/thumb/v7e-m+fp/hard/crtbegin.o
 .text.__do_global_dtors_aux
                0x08000c3c       0x28 C:/tools/arm-gnu-toolchain-13.2.rel1-mingw-w64-i686-arm-none-eabi/bin/../lib/gcc/arm-none-eabi/13.2.1/thumb/v7e-m+fp/hard/crtbegin.o
 .text.frame_dummy
                0x08000c64       0x24 C:/tools/arm-gnu-toolchain-13.2.rel1-mingw-w64-i686-arm-none-eabi/bin/../lib/gcc/arm-none-eabi/13.2.1/thumb/v7e-m+fp/hard/crtbegin.o
 .text.CONFIGURE_TIMER_FOR_RUN_TIME_STATS
                0x08000c88       0x14 build/main.o
                0x08000c88                CONFIGURE_TIMER_FOR_RUN_TIME_STATS
 .text.GET_RUN_TIME_COUNTER_VALUE
                0x08000c9c       0x18 build/main.o
                0x08000c9c                GET_RUN_TIME_COUNTER_VALUE
 .text.main     0x08000cb4      0x2a0 build/main.o
                0x08000cb4                main
 .text.SystemClock_Config
                0x08000f54       0xd0 build/main.o
                0x08000f54                SystemClock_Config
 .text.MX_ADC1_Init
                0x08001024       0xa4 build/main.o
 .text.MX_TIM1_Init
                0x080010c8      0x144 build/main.o
 .text.MX_TIM2_Init
                0x0800120c       0x9c build/main.o
 .text.MX_TIM3_Init
                0x080012a8       0xf0 build/main.o
 .text.MX_USART1_UART_Init
                0x08001398       0x54 build/main.o
 .text.MX_DMA_Init
                0x080013ec       0x50 build/main.o
 .text.MX_GPIO_Init
                0x0800143c      0x130 build/main.o
 .text.StartDefaultTask
                0x0800156c       0x14 build/main.o
                0x0800156c                StartDefaultTask
 .text.HAL_TIM_PeriodElapsedCallback
                0x08001580       0x24 build/main.o
                0x08001580                HAL_TIM_PeriodElapsedCallback
 .text.Error_Handler
                0x080015a4        0xc build/main.o
                0x080015a4                Error_Handler
 .text.DividerVoltageToDegreesCelsius
                0x080015b0       0xf0 build/termistor.o
                0x080015b0                DividerVoltageToDegreesCelsius
 .text.NMI_Handler
                0x080016a0        0x8 build/stm32f4xx_it.o
                0x080016a0                NMI_Handler
 .text.HardFault_Handler
                0x080016a8        0x8 build/stm32f4xx_it.o
                0x080016a8                HardFault_Handler
 .text.MemManage_Handler
                0x080016b0        0x8 build/stm32f4xx_it.o
                0x080016b0                MemManage_Handler
 .text.BusFault_Handler
                0x080016b8        0x8 build/stm32f4xx_it.o
                0x080016b8                BusFault_Handler
 .text.UsageFault_Handler
                0x080016c0        0x8 build/stm32f4xx_it.o
                0x080016c0                UsageFault_Handler
 .text.DebugMon_Handler
                0x080016c8        0xe build/stm32f4xx_it.o
                0x080016c8                DebugMon_Handler
 *fill*         0x080016d6        0x2 
 .text.TIM1_TRG_COM_TIM11_IRQHandler
                0x080016d8       0x1c build/stm32f4xx_it.o
                0x080016d8                TIM1_TRG_COM_TIM11_IRQHandler
 .text.USART1_IRQHandler
                0x080016f4       0x14 build/stm32f4xx_it.o
                0x080016f4                USART1_IRQHandler
 .text.DMA2_Stream2_IRQHandler
                0x08001708       0x14 build/stm32f4xx_it.o
                0x08001708                DMA2_Stream2_IRQHandler
 .text.OTG_FS_IRQHandler
                0x0800171c       0x14 build/stm32f4xx_it.o
                0x0800171c                OTG_FS_IRQHandler
 .text.DMA2_Stream7_IRQHandler
                0x08001730       0x14 build/stm32f4xx_it.o
                0x08001730                DMA2_Stream7_IRQHandler
 .text.HAL_MspInit
                0x08001744       0x58 build/stm32f4xx_hal_msp.o
                0x08001744                HAL_MspInit
 .text.HAL_ADC_MspInit
                0x0800179c       0x88 build/stm32f4xx_hal_msp.o
                0x0800179c                HAL_ADC_MspInit
 .text.HAL_TIM_Base_MspInit
                0x08001824       0xa4 build/stm32f4xx_hal_msp.o
                0x08001824                HAL_TIM_Base_MspInit
 .text.HAL_TIM_MspPostInit
                0x080018c8       0xc0 build/stm32f4xx_hal_msp.o
                0x080018c8                HAL_TIM_MspPostInit
 .text.HAL_UART_MspInit
                0x08001988      0x16c build/stm32f4xx_hal_msp.o
                0x08001988                HAL_UART_MspInit
 .text.PreSleepProcessing
                0x08001af4       0x14 build/freertos.o
                0x08001af4                PreSleepProcessing
 .text.PostSleepProcessing
                0x08001b08       0x14 build/freertos.o
                0x08001b08                PostSleepProcessing
 .text.HAL_InitTick
                0x08001b1c       0xe4 build/stm32f4xx_hal_timebase_tim.o
                0x08001b1c                HAL_InitTick
 .text.xEventGroupCreateStatic
                0x08001c00       0x72 build/event_groups.o
                0x08001c00                xEventGroupCreateStatic
 .text.xEventGroupCreate
                0x08001c72       0x34 build/event_groups.o
                0x08001c72                xEventGroupCreate
 *fill*         0x08001ca6        0x2 
 .text.xEventGroupWaitBits
                0x08001ca8      0x1a4 build/event_groups.o
                0x08001ca8                xEventGroupWaitBits
 .text.xEventGroupClearBits
                0x08001e4c       0x72 build/event_groups.o
                0x08001e4c                xEventGroupClearBits
 *fill*         0x08001ebe        0x2 
 .text.xEventGroupClearBitsFromISR
                0x08001ec0       0x28 build/event_groups.o
                0x08001ec0                xEventGroupClearBitsFromISR
 .text.xEventGroupGetBitsFromISR
                0x08001ee8       0x48 build/event_groups.o
                0x08001ee8                xEventGroupGetBitsFromISR
 .text.xEventGroupSetBits
                0x08001f30      0x118 build/event_groups.o
                0x08001f30                xEventGroupSetBits
 .text.vEventGroupSetBitsCallback
                0x08002048       0x1a build/event_groups.o
                0x08002048                vEventGroupSetBitsCallback
 .text.vEventGroupClearBitsCallback
                0x08002062       0x1a build/event_groups.o
                0x08002062                vEventGroupClearBitsCallback
 .text.prvTestWaitCondition
                0x0800207c       0x44 build/event_groups.o
 .text.xEventGroupSetBitsFromISR
                0x080020c0       0x28 build/event_groups.o
                0x080020c0                xEventGroupSetBitsFromISR
 .text.vListInitialise
                0x080020e8       0x40 build/list.o
                0x080020e8                vListInitialise
 .text.vListInitialiseItem
                0x08002128       0x1a build/list.o
                0x08002128                vListInitialiseItem
 .text.vListInsertEnd
                0x08002142       0x48 build/list.o
                0x08002142                vListInsertEnd
 .text.vListInsert
                0x0800218a       0x72 build/list.o
                0x0800218a                vListInsert
 .text.uxListRemove
                0x080021fc       0x54 build/list.o
                0x080021fc                uxListRemove
 .text.xQueueGenericReset
                0x08002250       0xd4 build/queue.o
                0x08002250                xQueueGenericReset
 .text.xQueueGenericCreateStatic
                0x08002324       0xfa build/queue.o
                0x08002324                xQueueGenericCreateStatic
 .text.xQueueGenericCreate
                0x0800241e       0x76 build/queue.o
                0x0800241e                xQueueGenericCreate
 .text.prvInitialiseNewQueue
                0x08002494       0x46 build/queue.o
 .text.xQueueCreateCountingSemaphoreStatic
                0x080024da       0x72 build/queue.o
                0x080024da                xQueueCreateCountingSemaphoreStatic
 .text.xQueueCreateCountingSemaphore
                0x0800254c       0x6a build/queue.o
                0x0800254c                xQueueCreateCountingSemaphore
 *fill*         0x080025b6        0x2 
 .text.xQueueGenericSend
                0x080025b8      0x204 build/queue.o
                0x080025b8                xQueueGenericSend
 .text.xQueueGenericSendFromISR
                0x080027bc      0x13c build/queue.o
                0x080027bc                xQueueGenericSendFromISR
 .text.xQueueGiveFromISR
                0x080028f8      0x120 build/queue.o
                0x080028f8                xQueueGiveFromISR
 .text.xQueueReceive
                0x08002a18      0x1c4 build/queue.o
                0x08002a18                xQueueReceive
 .text.xQueueSemaphoreTake
                0x08002bdc      0x220 build/queue.o
                0x08002bdc                xQueueSemaphoreTake
 .text.xQueueReceiveFromISR
                0x08002dfc      0x104 build/queue.o
                0x08002dfc                xQueueReceiveFromISR
 .text.uxQueueMessagesWaiting
                0x08002f00       0x3e build/queue.o
                0x08002f00                uxQueueMessagesWaiting
 .text.uxQueueMessagesWaitingFromISR
                0x08002f3e       0x3e build/queue.o
                0x08002f3e                uxQueueMessagesWaitingFromISR
 .text.vQueueDelete
                0x08002f7c       0x48 build/queue.o
                0x08002f7c                vQueueDelete
 .text.prvGetDisinheritPriorityAfterTimeout
                0x08002fc4       0x30 build/queue.o
 .text.prvCopyDataToQueue
                0x08002ff4       0xd4 build/queue.o
 .text.prvCopyDataFromQueue
                0x080030c8       0x4c build/queue.o
 .text.prvUnlockQueue
                0x08003114       0xa4 build/queue.o
 .text.prvIsQueueEmpty
                0x080031b8       0x2c build/queue.o
 .text.prvIsQueueFull
                0x080031e4       0x30 build/queue.o
 .text.vQueueAddToRegistry
                0x08003214       0x54 build/queue.o
                0x08003214                vQueueAddToRegistry
 .text.vQueueUnregisterQueue
                0x08003268       0x54 build/queue.o
                0x08003268                vQueueUnregisterQueue
 .text.vQueueWaitForMessageRestricted
                0x080032bc       0x68 build/queue.o
                0x080032bc                vQueueWaitForMessageRestricted
 .text.xTaskCreateStatic
                0x08003324       0xc0 build/tasks.o
                0x08003324                xTaskCreateStatic
 .text.xTaskCreate
                0x080033e4       0x8a build/tasks.o
                0x080033e4                xTaskCreate
 .text.prvInitialiseNewTask
                0x0800346e      0x12c build/tasks.o
 *fill*         0x0800359a        0x2 
 .text.prvAddNewTaskToReadyList
                0x0800359c       0xe0 build/tasks.o
 .text.vTaskDelay
                0x0800367c       0x6c build/tasks.o
                0x0800367c                vTaskDelay
 .text.vTaskStartScheduler
                0x080036e8       0xd4 build/tasks.o
                0x080036e8                vTaskStartScheduler
 .text.vTaskSuspendAll
                0x080037bc       0x1c build/tasks.o
                0x080037bc                vTaskSuspendAll
 .text.prvGetExpectedIdleTime
                0x080037d8       0x70 build/tasks.o
 .text.xTaskResumeAll
                0x08003848      0x13c build/tasks.o
                0x08003848                xTaskResumeAll
 .text.xTaskGetTickCount
                0x08003984       0x20 build/tasks.o
                0x08003984                xTaskGetTickCount
 .text.vTaskStepTick
                0x080039a4       0x50 build/tasks.o
                0x080039a4                vTaskStepTick
 .text.xTaskIncrementTick
                0x080039f4      0x174 build/tasks.o
                0x080039f4                xTaskIncrementTick
 .text.vTaskSwitchContext
                0x08003b68       0xf4 build/tasks.o
                0x08003b68                vTaskSwitchContext
 .text.vTaskPlaceOnEventList
                0x08003c5c       0x4c build/tasks.o
                0x08003c5c                vTaskPlaceOnEventList
 .text.vTaskPlaceOnUnorderedEventList
                0x08003ca8       0x7c build/tasks.o
                0x08003ca8                vTaskPlaceOnUnorderedEventList
 .text.vTaskPlaceOnEventListRestricted
                0x08003d24       0x58 build/tasks.o
                0x08003d24                vTaskPlaceOnEventListRestricted
 .text.xTaskRemoveFromEventList
                0x08003d7c       0xcc build/tasks.o
                0x08003d7c                xTaskRemoveFromEventList
 .text.vTaskRemoveFromUnorderedEventList
                0x08003e48       0xcc build/tasks.o
                0x08003e48                vTaskRemoveFromUnorderedEventList
 .text.vTaskInternalSetTimeOutState
                0x08003f14       0x2c build/tasks.o
                0x08003f14                vTaskInternalSetTimeOutState
 .text.xTaskCheckForTimeOut
                0x08003f40       0xc8 build/tasks.o
                0x08003f40                xTaskCheckForTimeOut
 .text.vTaskMissedYield
                0x08004008       0x18 build/tasks.o
                0x08004008                vTaskMissedYield
 .text.prvIdleTask
                0x08004020       0x80 build/tasks.o
 .text.eTaskConfirmSleepModeStatus
                0x080040a0       0x5c build/tasks.o
                0x080040a0                eTaskConfirmSleepModeStatus
 .text.prvInitialiseTaskLists
                0x080040fc       0x80 build/tasks.o
 .text.prvCheckTasksWaitingTermination
                0x0800417c       0x5c build/tasks.o
 .text.prvDeleteTCB
                0x080041d8       0x60 build/tasks.o
 .text.prvResetNextTaskUnblockTime
                0x08004238       0x40 build/tasks.o
 .text.xTaskGetCurrentTaskHandle
                0x08004278       0x20 build/tasks.o
                0x08004278                xTaskGetCurrentTaskHandle
 .text.xTaskGetSchedulerState
                0x08004298       0x3c build/tasks.o
                0x08004298                xTaskGetSchedulerState
 .text.xTaskPriorityInherit
                0x080042d4       0xd0 build/tasks.o
                0x080042d4                xTaskPriorityInherit
 .text.xTaskPriorityDisinherit
                0x080043a4       0xe0 build/tasks.o
                0x080043a4                xTaskPriorityDisinherit
 .text.vTaskPriorityDisinheritAfterTimeout
                0x08004484      0x108 build/tasks.o
                0x08004484                vTaskPriorityDisinheritAfterTimeout
 .text.uxTaskResetEventItemValue
                0x0800458c       0x30 build/tasks.o
                0x0800458c                uxTaskResetEventItemValue
 .text.pvTaskIncrementMutexHeldCount
                0x080045bc       0x28 build/tasks.o
                0x080045bc                pvTaskIncrementMutexHeldCount
 .text.xTaskNotifyWait
                0x080045e4       0xb4 build/tasks.o
                0x080045e4                xTaskNotifyWait
 .text.xTaskGenericNotify
                0x08004698      0x178 build/tasks.o
                0x08004698                xTaskGenericNotify
 .text.xTaskGenericNotifyFromISR
                0x08004810      0x1c0 build/tasks.o
                0x08004810                xTaskGenericNotifyFromISR
 .text.prvAddCurrentTaskToDelayedList
                0x080049d0       0xa8 build/tasks.o
 .text.xTimerCreateTimerTask
                0x08004a78       0x94 build/timers.o
                0x08004a78                xTimerCreateTimerTask
 .text.xTimerCreate
                0x08004b0c       0x42 build/timers.o
                0x08004b0c                xTimerCreate
 .text.xTimerCreateStatic
                0x08004b4e       0x80 build/timers.o
                0x08004b4e                xTimerCreateStatic
 .text.prvInitialiseNewTimer
                0x08004bce       0x78 build/timers.o
 *fill*         0x08004c46        0x2 
 .text.xTimerGenericCommand
                0x08004c48       0x9c build/timers.o
                0x08004c48                xTimerGenericCommand
 .text.prvProcessExpiredTimer
                0x08004ce4       0x9c build/timers.o
 .text.prvTimerTask
                0x08004d80       0x26 build/timers.o
 *fill*         0x08004da6        0x2 
 .text.prvProcessTimerOrBlockTask
                0x08004da8       0x9c build/timers.o
 .text.prvGetNextExpireTime
                0x08004e44       0x48 build/timers.o
 .text.prvSampleTimeNow
                0x08004e8c       0x40 build/timers.o
 .text.prvInsertTimerInActiveList
                0x08004ecc       0x84 build/timers.o
 .text.prvProcessReceivedCommands
                0x08004f50      0x1cc build/timers.o
 .text.prvSwitchTimerLists
                0x0800511c       0xcc build/timers.o
 .text.prvCheckForValidListAndQueue
                0x080051e8       0x80 build/timers.o
 .text.pvTimerGetTimerID
                0x08005268       0x42 build/timers.o
                0x08005268                pvTimerGetTimerID
 *fill*         0x080052aa        0x2 
 .text.xTimerPendFunctionCallFromISR
                0x080052ac       0x40 build/timers.o
                0x080052ac                xTimerPendFunctionCallFromISR
 .text.__NVIC_SetPriority
                0x080052ec       0x54 build/cmsis_os2.o
 .text.SysTick_Handler
                0x08005340       0x20 build/cmsis_os2.o
                0x08005340                SysTick_Handler
 .text.SVC_Setup
                0x08005360       0x12 build/cmsis_os2.o
 *fill*         0x08005372        0x2 
 .text.osKernelInitialize
                0x08005374       0x48 build/cmsis_os2.o
                0x08005374                osKernelInitialize
 .text.osKernelStart
                0x080053bc       0x4c build/cmsis_os2.o
                0x080053bc                osKernelStart
 .text.osThreadNew
                0x08005408      0x124 build/cmsis_os2.o
                0x08005408                osThreadNew
 .text.osThreadGetId
                0x0800552c       0x16 build/cmsis_os2.o
                0x0800552c                osThreadGetId
 *fill*         0x08005542        0x2 
 .text.osThreadFlagsSet
                0x08005544       0x9c build/cmsis_os2.o
                0x08005544                osThreadFlagsSet
 .text.osThreadFlagsClear
                0x080055e0       0x7c build/cmsis_os2.o
                0x080055e0                osThreadFlagsClear
 .text.osThreadFlagsWait
                0x0800565c      0x102 build/cmsis_os2.o
                0x0800565c                osThreadFlagsWait
 .text.osDelay  0x0800575e       0x36 build/cmsis_os2.o
                0x0800575e                osDelay
 .text.TimerCallback
                0x08005794       0x2a build/cmsis_os2.o
 *fill*         0x080057be        0x2 
 .text.osTimerNew
                0x080057c0       0xf8 build/cmsis_os2.o
                0x080057c0                osTimerNew
 .text.osTimerStart
                0x080058b8       0x5c build/cmsis_os2.o
                0x080058b8                osTimerStart
 .text.osEventFlagsNew
                0x08005914       0x7e build/cmsis_os2.o
                0x08005914                osEventFlagsNew
 *fill*         0x08005992        0x2 
 .text.osEventFlagsSet
                0x08005994       0x84 build/cmsis_os2.o
                0x08005994                osEventFlagsSet
 .text.osEventFlagsClear
                0x08005a18       0x62 build/cmsis_os2.o
                0x08005a18                osEventFlagsClear
 .text.osEventFlagsWait
                0x08005a7a       0xca build/cmsis_os2.o
                0x08005a7a                osEventFlagsWait
 .text.osSemaphoreNew
                0x08005b44      0x112 build/cmsis_os2.o
                0x08005b44                osSemaphoreNew
 *fill*         0x08005c56        0x2 
 .text.osSemaphoreAcquire
                0x08005c58       0xa4 build/cmsis_os2.o
                0x08005c58                osSemaphoreAcquire
 .text.osSemaphoreRelease
                0x08005cfc       0x88 build/cmsis_os2.o
                0x08005cfc                osSemaphoreRelease
 .text.osMessageQueueNew
                0x08005d84       0xe6 build/cmsis_os2.o
                0x08005d84                osMessageQueueNew
 *fill*         0x08005e6a        0x2 
 .text.osMessageQueuePut
                0x08005e6c       0xc0 build/cmsis_os2.o
                0x08005e6c                osMessageQueuePut
 .text.osMessageQueueGet
                0x08005f2c       0xbc build/cmsis_os2.o
                0x08005f2c                osMessageQueueGet
 .text.osMemoryPoolNew
                0x08005fe8      0x1ac build/cmsis_os2.o
                0x08005fe8                osMemoryPoolNew
 .text.osMemoryPoolAlloc
                0x08006194       0xec build/cmsis_os2.o
                0x08006194                osMemoryPoolAlloc
 .text.osMemoryPoolFree
                0x08006280      0x130 build/cmsis_os2.o
                0x08006280                osMemoryPoolFree
 .text.CreateBlock
                0x080063b0       0x44 build/cmsis_os2.o
 .text.AllocBlock
                0x080063f4       0x30 build/cmsis_os2.o
 .text.FreeBlock
                0x08006424       0x28 build/cmsis_os2.o
 .text.vApplicationGetIdleTaskMemory
                0x0800644c       0x34 build/cmsis_os2.o
                0x0800644c                vApplicationGetIdleTaskMemory
 .text.vApplicationGetTimerTaskMemory
                0x08006480       0x34 build/cmsis_os2.o
                0x08006480                vApplicationGetTimerTaskMemory
 .text.pvPortMalloc
                0x080064b4      0x19c build/heap_4.o
                0x080064b4                pvPortMalloc
 .text.vPortFree
                0x08006650       0xc8 build/heap_4.o
                0x08006650                vPortFree
 .text.prvHeapInit
                0x08006718       0xc4 build/heap_4.o
 .text.prvInsertBlockIntoFreeList
                0x080067dc       0xb4 build/heap_4.o
 .text.pxPortInitialiseStack
                0x08006890       0x68 build/port.o
                0x08006890                pxPortInitialiseStack
 .text.prvTaskExitError
                0x080068f8       0x5c build/port.o
 *fill*         0x08006954        0xc 
 .text.SVC_Handler
                0x08006960       0x28 build/port.o
                0x08006960                SVC_Handler
 .text.prvPortStartFirstTask
                0x08006988       0x28 build/port.o
 .text.xPortStartScheduler
                0x080069b0      0x148 build/port.o
                0x080069b0                xPortStartScheduler
 .text.vPortEnterCritical
                0x08006af8       0x64 build/port.o
                0x08006af8                vPortEnterCritical
 .text.vPortExitCritical
                0x08006b5c       0x54 build/port.o
                0x08006b5c                vPortExitCritical
 .text.PendSV_Handler
                0x08006bb0       0x68 build/port.o
                0x08006bb0                PendSV_Handler
 .text.xPortSysTickHandler
                0x08006c18       0x44 build/port.o
                0x08006c18                xPortSysTickHandler
 .text.vPortSuppressTicksAndSleep
                0x08006c5c      0x198 build/port.o
                0x08006c5c                vPortSuppressTicksAndSleep
 .text.vPortSetupTimerInterrupt
                0x08006df4       0x78 build/port.o
                0x08006df4                vPortSetupTimerInterrupt
 .text.vPortEnableVFP
                0x08006e6c       0x14 build/port.o
 .text.vPortValidateInterruptPriority
                0x08006e80       0x84 build/port.o
                0x08006e80                vPortValidateInterruptPriority
 .text.MX_USB_DEVICE_Init
                0x08006f04       0x60 build/usb_device.o
                0x08006f04                MX_USB_DEVICE_Init
 .text.USBD_FS_DeviceDescriptor
                0x08006f64       0x24 build/usbd_desc.o
                0x08006f64                USBD_FS_DeviceDescriptor
 .text.USBD_FS_LangIDStrDescriptor
                0x08006f88       0x24 build/usbd_desc.o
                0x08006f88                USBD_FS_LangIDStrDescriptor
 .text.USBD_FS_ProductStrDescriptor
                0x08006fac       0x3c build/usbd_desc.o
                0x08006fac                USBD_FS_ProductStrDescriptor
 .text.USBD_FS_ManufacturerStrDescriptor
                0x08006fe8       0x28 build/usbd_desc.o
                0x08006fe8                USBD_FS_ManufacturerStrDescriptor
 .text.USBD_FS_SerialStrDescriptor
                0x08007010       0x24 build/usbd_desc.o
                0x08007010                USBD_FS_SerialStrDescriptor
 .text.USBD_FS_ConfigStrDescriptor
                0x08007034       0x3c build/usbd_desc.o
                0x08007034                USBD_FS_ConfigStrDescriptor
 .text.USBD_FS_InterfaceStrDescriptor
                0x08007070       0x3c build/usbd_desc.o
                0x08007070                USBD_FS_InterfaceStrDescriptor
 .text.Get_SerialNum
                0x080070ac       0x58 build/usbd_desc.o
 .text.IntToUnicode
                0x08007104       0x7e build/usbd_desc.o
 *fill*         0x08007182        0x2 
 .text.CDC_Init_FS
                0x08007184       0x28 build/usbd_cdc_if.o
 .text.CDC_DeInit_FS
                0x080071ac       0x10 build/usbd_cdc_if.o
 .text.CDC_Control_FS
                0x080071bc       0xbc build/usbd_cdc_if.o
 .text.CDC_Receive_FS
                0x08007278       0x28 build/usbd_cdc_if.o
 .text.CDC_TransmitCplt_FS
                0x080072a0       0x22 build/usbd_cdc_if.o
 *fill*         0x080072c2        0x2 
 .text.HAL_PCD_MspInit
                0x080072c4       0xa8 build/usbd_conf.o
                0x080072c4                HAL_PCD_MspInit
 .text.HAL_PCD_SetupStageCallback
                0x0800736c       0x24 build/usbd_conf.o
                0x0800736c                HAL_PCD_SetupStageCallback
 .text.HAL_PCD_DataOutStageCallback
                0x08007390       0x36 build/usbd_conf.o
                0x08007390                HAL_PCD_DataOutStageCallback
 .text.HAL_PCD_DataInStageCallback
                0x080073c6       0x34 build/usbd_conf.o
                0x080073c6                HAL_PCD_DataInStageCallback
 .text.HAL_PCD_SOFCallback
                0x080073fa       0x1c build/usbd_conf.o
                0x080073fa                HAL_PCD_SOFCallback
 .text.HAL_PCD_ResetCallback
                0x08007416       0x3c build/usbd_conf.o
                0x08007416                HAL_PCD_ResetCallback
 *fill*         0x08007452        0x2 
 .text.HAL_PCD_SuspendCallback
                0x08007454       0x4c build/usbd_conf.o
                0x08007454                HAL_PCD_SuspendCallback
 .text.HAL_PCD_ResumeCallback
                0x080074a0       0x1c build/usbd_conf.o
                0x080074a0                HAL_PCD_ResumeCallback
 .text.HAL_PCD_ISOOUTIncompleteCallback
                0x080074bc       0x24 build/usbd_conf.o
                0x080074bc                HAL_PCD_ISOOUTIncompleteCallback
 .text.HAL_PCD_ISOINIncompleteCallback
                0x080074e0       0x24 build/usbd_conf.o
                0x080074e0                HAL_PCD_ISOINIncompleteCallback
 .text.HAL_PCD_ConnectCallback
                0x08007504       0x1c build/usbd_conf.o
                0x08007504                HAL_PCD_ConnectCallback
 .text.HAL_PCD_DisconnectCallback
                0x08007520       0x1c build/usbd_conf.o
                0x08007520                HAL_PCD_DisconnectCallback
 .text.USBD_LL_Init
                0x0800753c       0x98 build/usbd_conf.o
                0x0800753c                USBD_LL_Init
 .text.USBD_LL_Start
                0x080075d4       0x36 build/usbd_conf.o
                0x080075d4                USBD_LL_Start
 .text.USBD_LL_OpenEP
                0x0800760a       0x4c build/usbd_conf.o
                0x0800760a                USBD_LL_OpenEP
 .text.USBD_LL_CloseEP
                0x08007656       0x3e build/usbd_conf.o
                0x08007656                USBD_LL_CloseEP
 .text.USBD_LL_StallEP
                0x08007694       0x3e build/usbd_conf.o
                0x08007694                USBD_LL_StallEP
 .text.USBD_LL_ClearStallEP
                0x080076d2       0x3e build/usbd_conf.o
                0x080076d2                USBD_LL_ClearStallEP
 .text.USBD_LL_IsStallEP
                0x08007710       0x58 build/usbd_conf.o
                0x08007710                USBD_LL_IsStallEP
 .text.USBD_LL_SetUSBAddress
                0x08007768       0x3e build/usbd_conf.o
                0x08007768                USBD_LL_SetUSBAddress
 .text.USBD_LL_Transmit
                0x080077a6       0x42 build/usbd_conf.o
                0x080077a6                USBD_LL_Transmit
 .text.USBD_LL_PrepareReceive
                0x080077e8       0x42 build/usbd_conf.o
                0x080077e8                USBD_LL_PrepareReceive
 .text.USBD_LL_GetRxDataSize
                0x0800782a       0x26 build/usbd_conf.o
                0x0800782a                USBD_LL_GetRxDataSize
 .text.USBD_static_malloc
                0x08007850       0x1c build/usbd_conf.o
                0x08007850                USBD_static_malloc
 .text.USBD_static_free
                0x0800786c       0x14 build/usbd_conf.o
                0x0800786c                USBD_static_free
 .text.USBD_Get_USB_Status
                0x08007880       0x58 build/usbd_conf.o
                0x08007880                USBD_Get_USB_Status
 .text.HAL_PCD_Init
                0x080078d8      0x21e build/stm32f4xx_hal_pcd.o
                0x080078d8                HAL_PCD_Init
 .text.HAL_PCD_Start
                0x08007af6       0x6a build/stm32f4xx_hal_pcd.o
                0x08007af6                HAL_PCD_Start
 .text.HAL_PCD_IRQHandler
                0x08007b60      0x942 build/stm32f4xx_hal_pcd.o
                0x08007b60                HAL_PCD_IRQHandler
 .text.HAL_PCD_SetAddress
                0x080084a2       0x48 build/stm32f4xx_hal_pcd.o
                0x080084a2                HAL_PCD_SetAddress
 .text.HAL_PCD_EP_Open
                0x080084ea       0xd4 build/stm32f4xx_hal_pcd.o
                0x080084ea                HAL_PCD_EP_Open
 .text.HAL_PCD_EP_Close
                0x080085be       0x94 build/stm32f4xx_hal_pcd.o
                0x080085be                HAL_PCD_EP_Close
 .text.HAL_PCD_EP_Receive
                0x08008652       0x76 build/stm32f4xx_hal_pcd.o
                0x08008652                HAL_PCD_EP_Receive
 .text.HAL_PCD_EP_GetRxCount
                0x080086c8       0x30 build/stm32f4xx_hal_pcd.o
                0x080086c8                HAL_PCD_EP_GetRxCount
 .text.HAL_PCD_EP_Transmit
                0x080086f8       0x74 build/stm32f4xx_hal_pcd.o
                0x080086f8                HAL_PCD_EP_Transmit
 .text.HAL_PCD_EP_SetStall
                0x0800876c       0xc6 build/stm32f4xx_hal_pcd.o
                0x0800876c                HAL_PCD_EP_SetStall
 .text.HAL_PCD_EP_ClrStall
                0x08008832       0xac build/stm32f4xx_hal_pcd.o
                0x08008832                HAL_PCD_EP_ClrStall
 .text.HAL_PCD_EP_Abort
                0x080088de       0x62 build/stm32f4xx_hal_pcd.o
                0x080088de                HAL_PCD_EP_Abort
 .text.PCD_WriteEmptyTxFifo
                0x08008940      0x118 build/stm32f4xx_hal_pcd.o
 .text.PCD_EP_OutXfrComplete_int
                0x08008a58      0x1d0 build/stm32f4xx_hal_pcd.o
 .text.PCD_EP_OutSetupPacket_int
                0x08008c28       0x8c build/stm32f4xx_hal_pcd.o
 .text.HAL_PCDEx_SetTxFiFo
                0x08008cb4       0x8e build/stm32f4xx_hal_pcd_ex.o
                0x08008cb4                HAL_PCDEx_SetTxFiFo
 .text.HAL_PCDEx_SetRxFiFo
                0x08008d42       0x22 build/stm32f4xx_hal_pcd_ex.o
                0x08008d42                HAL_PCDEx_SetRxFiFo
 .text.HAL_PCDEx_LPM_Callback
                0x08008d64       0x18 build/stm32f4xx_hal_pcd_ex.o
                0x08008d64                HAL_PCDEx_LPM_Callback
 .text.USB_CoreInit
                0x08008d7c       0xc8 build/stm32f4xx_ll_usb.o
                0x08008d7c                USB_CoreInit
 .text.USB_SetTurnaroundTime
                0x08008e44      0x144 build/stm32f4xx_ll_usb.o
                0x08008e44                USB_SetTurnaroundTime
 .text.USB_EnableGlobalInt
                0x08008f88       0x22 build/stm32f4xx_ll_usb.o
                0x08008f88                USB_EnableGlobalInt
 .text.USB_DisableGlobalInt
                0x08008faa       0x22 build/stm32f4xx_ll_usb.o
                0x08008faa                USB_DisableGlobalInt
 .text.USB_SetCurrentMode
                0x08008fcc       0x98 build/stm32f4xx_ll_usb.o
                0x08008fcc                USB_SetCurrentMode
 .text.USB_DevInit
                0x08009064      0x2c8 build/stm32f4xx_ll_usb.o
                0x08009064                USB_DevInit
 .text.USB_FlushTxFifo
                0x0800932c       0x64 build/stm32f4xx_ll_usb.o
                0x0800932c                USB_FlushTxFifo
 .text.USB_FlushRxFifo
                0x08009390       0x5c build/stm32f4xx_ll_usb.o
                0x08009390                USB_FlushRxFifo
 .text.USB_SetDevSpeed
                0x080093ec       0x32 build/stm32f4xx_ll_usb.o
                0x080093ec                USB_SetDevSpeed
 .text.USB_GetDevSpeed
                0x0800941e       0x4a build/stm32f4xx_ll_usb.o
                0x0800941e                USB_GetDevSpeed
 .text.USB_ActivateEndpoint
                0x08009468      0x10e build/stm32f4xx_ll_usb.o
                0x08009468                USB_ActivateEndpoint
 *fill*         0x08009576        0x2 
 .text.USB_DeactivateEndpoint
                0x08009578      0x1b8 build/stm32f4xx_ll_usb.o
                0x08009578                USB_DeactivateEndpoint
 .text.USB_EPStartXfer
                0x08009730      0x53c build/stm32f4xx_ll_usb.o
                0x08009730                USB_EPStartXfer
 .text.USB_EPStopXfer
                0x08009c6c      0x154 build/stm32f4xx_ll_usb.o
                0x08009c6c                USB_EPStopXfer
 .text.USB_WritePacket
                0x08009dc0       0x7c build/stm32f4xx_ll_usb.o
                0x08009dc0                USB_WritePacket
 .text.USB_ReadPacket
                0x08009e3c       0xb0 build/stm32f4xx_ll_usb.o
                0x08009e3c                USB_ReadPacket
 .text.USB_EPSetStall
                0x08009eec       0xdc build/stm32f4xx_ll_usb.o
                0x08009eec                USB_EPSetStall
 .text.USB_EPClearStall
                0x08009fc8       0xcc build/stm32f4xx_ll_usb.o
                0x08009fc8                USB_EPClearStall
 .text.USB_SetDevAddress
                0x0800a094       0x4c build/stm32f4xx_ll_usb.o
                0x0800a094                USB_SetDevAddress
 .text.USB_DevConnect
                0x0800a0e0       0x42 build/stm32f4xx_ll_usb.o
                0x0800a0e0                USB_DevConnect
 .text.USB_DevDisconnect
                0x0800a122       0x42 build/stm32f4xx_ll_usb.o
                0x0800a122                USB_DevDisconnect
 .text.USB_ReadInterrupts
                0x0800a164       0x26 build/stm32f4xx_ll_usb.o
                0x0800a164                USB_ReadInterrupts
 .text.USB_ReadDevAllOutEpInterrupt
                0x0800a18a       0x34 build/stm32f4xx_ll_usb.o
                0x0800a18a                USB_ReadDevAllOutEpInterrupt
 .text.USB_ReadDevAllInEpInterrupt
                0x0800a1be       0x34 build/stm32f4xx_ll_usb.o
                0x0800a1be                USB_ReadDevAllInEpInterrupt
 .text.USB_ReadDevOutEPInterrupt
                0x0800a1f2       0x3c build/stm32f4xx_ll_usb.o
                0x0800a1f2                USB_ReadDevOutEPInterrupt
 .text.USB_ReadDevInEPInterrupt
                0x0800a22e       0x5c build/stm32f4xx_ll_usb.o
                0x0800a22e                USB_ReadDevInEPInterrupt
 .text.USB_GetMode
                0x0800a28a       0x1c build/stm32f4xx_ll_usb.o
                0x0800a28a                USB_GetMode
 .text.USB_ActivateSetup
                0x0800a2a6       0x46 build/stm32f4xx_ll_usb.o
                0x0800a2a6                USB_ActivateSetup
 .text.USB_EP0_OutStart
                0x0800a2ec       0xbc build/stm32f4xx_ll_usb.o
                0x0800a2ec                USB_EP0_OutStart
 .text.USB_CoreReset
                0x0800a3a8       0x70 build/stm32f4xx_ll_usb.o
 .text.HAL_RCC_OscConfig
                0x0800a418      0x4f0 build/stm32f4xx_hal_rcc.o
                0x0800a418                HAL_RCC_OscConfig
 .text.HAL_RCC_ClockConfig
                0x0800a908      0x1cc build/stm32f4xx_hal_rcc.o
                0x0800a908                HAL_RCC_ClockConfig
 .text.HAL_RCC_GetSysClockFreq
                0x0800aad4      0x18c build/stm32f4xx_hal_rcc.o
                0x0800aad4                HAL_RCC_GetSysClockFreq
 .text.HAL_RCC_GetHCLKFreq
                0x0800ac60       0x18 build/stm32f4xx_hal_rcc.o
                0x0800ac60                HAL_RCC_GetHCLKFreq
 .text.HAL_RCC_GetPCLK1Freq
                0x0800ac78       0x28 build/stm32f4xx_hal_rcc.o
                0x0800ac78                HAL_RCC_GetPCLK1Freq
 .text.HAL_RCC_GetPCLK2Freq
                0x0800aca0       0x28 build/stm32f4xx_hal_rcc.o
                0x0800aca0                HAL_RCC_GetPCLK2Freq
 .text.HAL_RCC_GetClockConfig
                0x0800acc8       0x64 build/stm32f4xx_hal_rcc.o
                0x0800acc8                HAL_RCC_GetClockConfig
 .text.HAL_GPIO_Init
                0x0800ad2c      0x308 build/stm32f4xx_hal_gpio.o
                0x0800ad2c                HAL_GPIO_Init
 .text.HAL_GPIO_WritePin
                0x0800b034       0x32 build/stm32f4xx_hal_gpio.o
                0x0800b034                HAL_GPIO_WritePin
 .text.HAL_GPIO_TogglePin
                0x0800b066       0x34 build/stm32f4xx_hal_gpio.o
                0x0800b066                HAL_GPIO_TogglePin
 *fill*         0x0800b09a        0x2 
 .text.HAL_DMA_Init
                0x0800b09c      0x15c build/stm32f4xx_hal_dma.o
                0x0800b09c                HAL_DMA_Init
 .text.HAL_DMA_Start_IT
                0x0800b1f8       0xb0 build/stm32f4xx_hal_dma.o
                0x0800b1f8                HAL_DMA_Start_IT
 .text.HAL_DMA_Abort
                0x0800b2a8       0xe0 build/stm32f4xx_hal_dma.o
                0x0800b2a8                HAL_DMA_Abort
 .text.HAL_DMA_Abort_IT
                0x0800b388       0x44 build/stm32f4xx_hal_dma.o
                0x0800b388                HAL_DMA_Abort_IT
 .text.HAL_DMA_IRQHandler
                0x0800b3cc      0x314 build/stm32f4xx_hal_dma.o
                0x0800b3cc                HAL_DMA_IRQHandler
 .text.DMA_SetConfig
                0x0800b6e0       0x5c build/stm32f4xx_hal_dma.o
 .text.DMA_CalcBaseAndBitshift
                0x0800b73c       0x6c build/stm32f4xx_hal_dma.o
 .text.DMA_CheckFifoParam
                0x0800b7a8       0xf8 build/stm32f4xx_hal_dma.o
 .text.__NVIC_SetPriorityGrouping
                0x0800b8a0       0x48 build/stm32f4xx_hal_cortex.o
 .text.__NVIC_GetPriorityGrouping
                0x0800b8e8       0x1c build/stm32f4xx_hal_cortex.o
 .text.__NVIC_EnableIRQ
                0x0800b904       0x3c build/stm32f4xx_hal_cortex.o
 .text.__NVIC_SetPriority
                0x0800b940       0x54 build/stm32f4xx_hal_cortex.o
 .text.NVIC_EncodePriority
                0x0800b994       0x66 build/stm32f4xx_hal_cortex.o
 .text.HAL_NVIC_SetPriorityGrouping
                0x0800b9fa       0x16 build/stm32f4xx_hal_cortex.o
                0x0800b9fa                HAL_NVIC_SetPriorityGrouping
 .text.HAL_NVIC_SetPriority
                0x0800ba10       0x38 build/stm32f4xx_hal_cortex.o
                0x0800ba10                HAL_NVIC_SetPriority
 .text.HAL_NVIC_EnableIRQ
                0x0800ba48       0x1c build/stm32f4xx_hal_cortex.o
                0x0800ba48                HAL_NVIC_EnableIRQ
 .text.HAL_Init
                0x0800ba64       0x44 build/stm32f4xx_hal.o
                0x0800ba64                HAL_Init
 .text.HAL_IncTick
                0x0800baa8       0x28 build/stm32f4xx_hal.o
                0x0800baa8                HAL_IncTick
 .text.HAL_GetTick
                0x0800bad0       0x18 build/stm32f4xx_hal.o
                0x0800bad0                HAL_GetTick
 .text.HAL_Delay
                0x0800bae8       0x48 build/stm32f4xx_hal.o
                0x0800bae8                HAL_Delay
 .text.HAL_TIM_Base_Init
                0x0800bb30       0x9e build/stm32f4xx_hal_tim.o
                0x0800bb30                HAL_TIM_Base_Init
 *fill*         0x0800bbce        0x2 
 .text.HAL_TIM_Base_Start
                0x0800bbd0       0xb4 build/stm32f4xx_hal_tim.o
                0x0800bbd0                HAL_TIM_Base_Start
 .text.HAL_TIM_Base_Start_IT
                0x0800bc84       0xc4 build/stm32f4xx_hal_tim.o
                0x0800bc84                HAL_TIM_Base_Start_IT
 .text.HAL_TIM_PWM_Init
                0x0800bd48       0x9e build/stm32f4xx_hal_tim.o
                0x0800bd48                HAL_TIM_PWM_Init
 .text.HAL_TIM_PWM_MspInit
                0x0800bde6       0x14 build/stm32f4xx_hal_tim.o
                0x0800bde6                HAL_TIM_PWM_MspInit
 *fill*         0x0800bdfa        0x2 
 .text.HAL_TIM_PWM_Start
                0x0800bdfc      0x160 build/stm32f4xx_hal_tim.o
                0x0800bdfc                HAL_TIM_PWM_Start
 .text.HAL_TIM_IRQHandler
                0x0800bf5c      0x1e0 build/stm32f4xx_hal_tim.o
                0x0800bf5c                HAL_TIM_IRQHandler
 .text.HAL_TIM_PWM_ConfigChannel
                0x0800c13c      0x184 build/stm32f4xx_hal_tim.o
                0x0800c13c                HAL_TIM_PWM_ConfigChannel
 .text.HAL_TIM_ConfigClockSource
                0x0800c2c0      0x18e build/stm32f4xx_hal_tim.o
                0x0800c2c0                HAL_TIM_ConfigClockSource
 .text.HAL_TIM_OC_DelayElapsedCallback
                0x0800c44e       0x14 build/stm32f4xx_hal_tim.o
                0x0800c44e                HAL_TIM_OC_DelayElapsedCallback
 .text.HAL_TIM_IC_CaptureCallback
                0x0800c462       0x14 build/stm32f4xx_hal_tim.o
                0x0800c462                HAL_TIM_IC_CaptureCallback
 .text.HAL_TIM_PWM_PulseFinishedCallback
                0x0800c476       0x14 build/stm32f4xx_hal_tim.o
                0x0800c476                HAL_TIM_PWM_PulseFinishedCallback
 .text.HAL_TIM_TriggerCallback
                0x0800c48a       0x14 build/stm32f4xx_hal_tim.o
                0x0800c48a                HAL_TIM_TriggerCallback
 *fill*         0x0800c49e        0x2 
 .text.TIM_Base_SetConfig
                0x0800c4a0      0x10c build/stm32f4xx_hal_tim.o
                0x0800c4a0                TIM_Base_SetConfig
 .text.TIM_OC1_SetConfig
                0x0800c5ac       0xcc build/stm32f4xx_hal_tim.o
 .text.TIM_OC2_SetConfig
                0x0800c678       0xd8 build/stm32f4xx_hal_tim.o
                0x0800c678                TIM_OC2_SetConfig
 .text.TIM_OC3_SetConfig
                0x0800c750       0xd4 build/stm32f4xx_hal_tim.o
 .text.TIM_OC4_SetConfig
                0x0800c824       0xa0 build/stm32f4xx_hal_tim.o
 .text.TIM_TI1_ConfigInputStage
                0x0800c8c4       0x5e build/stm32f4xx_hal_tim.o
 .text.TIM_TI2_ConfigInputStage
                0x0800c922       0x60 build/stm32f4xx_hal_tim.o
 .text.TIM_ITRx_SetConfig
                0x0800c982       0x36 build/stm32f4xx_hal_tim.o
 .text.TIM_ETR_SetConfig
                0x0800c9b8       0x40 build/stm32f4xx_hal_tim.o
                0x0800c9b8                TIM_ETR_SetConfig
 .text.TIM_CCxChannelCmd
                0x0800c9f8       0x4a build/stm32f4xx_hal_tim.o
                0x0800c9f8                TIM_CCxChannelCmd
 *fill*         0x0800ca42        0x2 
 .text.HAL_TIMEx_MasterConfigSynchronization
                0x0800ca44       0xdc build/stm32f4xx_hal_tim_ex.o
                0x0800ca44                HAL_TIMEx_MasterConfigSynchronization
 .text.HAL_TIMEx_ConfigBreakDeadTime
                0x0800cb20       0xa4 build/stm32f4xx_hal_tim_ex.o
                0x0800cb20                HAL_TIMEx_ConfigBreakDeadTime
 .text.HAL_TIMEx_CommutCallback
                0x0800cbc4       0x14 build/stm32f4xx_hal_tim_ex.o
                0x0800cbc4                HAL_TIMEx_CommutCallback
 .text.HAL_TIMEx_BreakCallback
                0x0800cbd8       0x14 build/stm32f4xx_hal_tim_ex.o
                0x0800cbd8                HAL_TIMEx_BreakCallback
 .text.HAL_UART_Init
                0x0800cbec       0xa0 build/stm32f4xx_hal_uart.o
                0x0800cbec                HAL_UART_Init
 .text.HAL_UART_Transmit_DMA
                0x0800cc8c       0xf8 build/stm32f4xx_hal_uart.o
                0x0800cc8c                HAL_UART_Transmit_DMA
 .text.HAL_UARTEx_ReceiveToIdle_DMA
                0x0800cd84       0xb2 build/stm32f4xx_hal_uart.o
                0x0800cd84                HAL_UARTEx_ReceiveToIdle_DMA
 *fill*         0x0800ce36        0x2 
 .text.HAL_UART_IRQHandler
                0x0800ce38      0x554 build/stm32f4xx_hal_uart.o
                0x0800ce38                HAL_UART_IRQHandler
 .text.HAL_UART_RxCpltCallback
                0x0800d38c       0x14 build/stm32f4xx_hal_uart.o
                0x0800d38c                HAL_UART_RxCpltCallback
 .text.HAL_UART_RxHalfCpltCallback
                0x0800d3a0       0x14 build/stm32f4xx_hal_uart.o
                0x0800d3a0                HAL_UART_RxHalfCpltCallback
 .text.HAL_UART_ErrorCallback
                0x0800d3b4       0x14 build/stm32f4xx_hal_uart.o
                0x0800d3b4                HAL_UART_ErrorCallback
 .text.UART_DMATransmitCplt
                0x0800d3c8       0x9a build/stm32f4xx_hal_uart.o
 .text.UART_DMATxHalfCplt
                0x0800d462       0x1c build/stm32f4xx_hal_uart.o
 .text.UART_DMAReceiveCplt
                0x0800d47e      0x12c build/stm32f4xx_hal_uart.o
 .text.UART_DMARxHalfCplt
                0x0800d5aa       0x3c build/stm32f4xx_hal_uart.o
 .text.UART_DMAError
                0x0800d5e6       0x94 build/stm32f4xx_hal_uart.o
 *fill*         0x0800d67a        0x2 
 .text.UART_Start_Receive_DMA
                0x0800d67c      0x14c build/stm32f4xx_hal_uart.o
                0x0800d67c                UART_Start_Receive_DMA
 .text.UART_EndTxTransfer
                0x0800d7c8       0x50 build/stm32f4xx_hal_uart.o
 .text.UART_EndRxTransfer
                0x0800d818       0xc6 build/stm32f4xx_hal_uart.o
 .text.UART_DMAAbortOnError
                0x0800d8de       0x22 build/stm32f4xx_hal_uart.o
 .text.UART_Transmit_IT
                0x0800d900       0xa0 build/stm32f4xx_hal_uart.o
 .text.UART_EndTransmit_IT
                0x0800d9a0       0x30 build/stm32f4xx_hal_uart.o
 .text.UART_Receive_IT
                0x0800d9d0      0x17c build/stm32f4xx_hal_uart.o
 .text.UART_SetConfig
                0x0800db4c      0x4e8 build/stm32f4xx_hal_uart.o
 .text.SystemInit
                0x0800e034       0x24 build/system_stm32f4xx.o
                0x0800e034                SystemInit
 .text.USBD_Init
                0x0800e058       0x60 build/usbd_core.o
                0x0800e058                USBD_Init
 .text.USBD_RegisterClass
                0x0800e0b8       0x6c build/usbd_core.o
                0x0800e0b8                USBD_RegisterClass
 .text.USBD_Start
                0x0800e124       0x18 build/usbd_core.o
                0x0800e124                USBD_Start
 .text.USBD_RunTestMode
                0x0800e13c       0x16 build/usbd_core.o
                0x0800e13c                USBD_RunTestMode
 .text.USBD_SetClassConfig
                0x0800e152       0x38 build/usbd_core.o
                0x0800e152                USBD_SetClassConfig
 .text.USBD_ClrClassConfig
                0x0800e18a       0x34 build/usbd_core.o
                0x0800e18a                USBD_ClrClassConfig
 .text.USBD_LL_SetupStage
                0x0800e1be       0xaa build/usbd_core.o
                0x0800e1be                USBD_LL_SetupStage
 .text.USBD_LL_DataOutStage
                0x0800e268      0x178 build/usbd_core.o
                0x0800e268                USBD_LL_DataOutStage
 .text.USBD_LL_DataInStage
                0x0800e3e0      0x176 build/usbd_core.o
                0x0800e3e0                USBD_LL_DataInStage
 .text.USBD_LL_Reset
                0x0800e556       0xa6 build/usbd_core.o
                0x0800e556                USBD_LL_Reset
 .text.USBD_LL_SetSpeed
                0x0800e5fc       0x20 build/usbd_core.o
                0x0800e5fc                USBD_LL_SetSpeed
 .text.USBD_LL_Suspend
                0x0800e61c       0x38 build/usbd_core.o
                0x0800e61c                USBD_LL_Suspend
 .text.USBD_LL_Resume
                0x0800e654       0x30 build/usbd_core.o
                0x0800e654                USBD_LL_Resume
 .text.USBD_LL_SOF
                0x0800e684       0x40 build/usbd_core.o
                0x0800e684                USBD_LL_SOF
 .text.USBD_LL_IsoINIncomplete
                0x0800e6c4       0x64 build/usbd_core.o
                0x0800e6c4                USBD_LL_IsoINIncomplete
 .text.USBD_LL_IsoOUTIncomplete
                0x0800e728       0x64 build/usbd_core.o
                0x0800e728                USBD_LL_IsoOUTIncomplete
 .text.USBD_LL_DevConnected
                0x0800e78c       0x16 build/usbd_core.o
                0x0800e78c                USBD_LL_DevConnected
 .text.USBD_LL_DevDisconnected
                0x0800e7a2       0x46 build/usbd_core.o
                0x0800e7a2                USBD_LL_DevDisconnected
 .text.USBD_CoreFindIF
                0x0800e7e8       0x1a build/usbd_core.o
                0x0800e7e8                USBD_CoreFindIF
 .text.USBD_CoreFindEP
                0x0800e802       0x1a build/usbd_core.o
                0x0800e802                USBD_CoreFindEP
 .text.USBD_GetEpDesc
                0x0800e81c       0x70 build/usbd_core.o
                0x0800e81c                USBD_GetEpDesc
 .text.USBD_GetNextDesc
                0x0800e88c       0x38 build/usbd_core.o
                0x0800e88c                USBD_GetNextDesc
 .text.SWAPBYTE
                0x0800e8c4       0x3e build/usbd_ctlreq.o
 *fill*         0x0800e902        0x2 
 .text.USBD_StdDevReq
                0x0800e904       0xe4 build/usbd_ctlreq.o
                0x0800e904                USBD_StdDevReq
 .text.USBD_StdItfReq
                0x0800e9e8       0xd8 build/usbd_ctlreq.o
                0x0800e9e8                USBD_StdItfReq
 .text.USBD_StdEPReq
                0x0800eac0      0x33e build/usbd_ctlreq.o
                0x0800eac0                USBD_StdEPReq
 *fill*         0x0800edfe        0x2 
 .text.USBD_GetDescriptor
                0x0800ee00      0x2d4 build/usbd_ctlreq.o
 .text.USBD_SetAddress
                0x0800f0d4       0x88 build/usbd_ctlreq.o
 .text.USBD_SetConfig
                0x0800f15c      0x154 build/usbd_ctlreq.o
 .text.USBD_GetConfig
                0x0800f2b0       0x6c build/usbd_ctlreq.o
 .text.USBD_GetStatus
                0x0800f31c       0x68 build/usbd_ctlreq.o
 .text.USBD_SetFeature
                0x0800f384       0x52 build/usbd_ctlreq.o
 .text.USBD_ClrFeature
                0x0800f3d6       0x44 build/usbd_ctlreq.o
 .text.USBD_ParseSetupRequest
                0x0800f41a       0x74 build/usbd_ctlreq.o
                0x0800f41a                USBD_ParseSetupRequest
 .text.USBD_CtlError
                0x0800f48e       0x22 build/usbd_ctlreq.o
                0x0800f48e                USBD_CtlError
 .text.USBD_GetString
                0x0800f4b0       0xa4 build/usbd_ctlreq.o
                0x0800f4b0                USBD_GetString
 .text.USBD_GetLen
                0x0800f554       0x34 build/usbd_ctlreq.o
 .text.USBD_CtlSendData
                0x0800f588       0x3c build/usbd_ioreq.o
                0x0800f588                USBD_CtlSendData
 .text.USBD_CtlContinueSendData
                0x0800f5c4       0x22 build/usbd_ioreq.o
                0x0800f5c4                USBD_CtlContinueSendData
 .text.USBD_CtlPrepareRx
                0x0800f5e6       0x42 build/usbd_ioreq.o
                0x0800f5e6                USBD_CtlPrepareRx
 .text.USBD_CtlContinueRx
                0x0800f628       0x22 build/usbd_ioreq.o
                0x0800f628                USBD_CtlContinueRx
 .text.USBD_CtlSendStatus
                0x0800f64a       0x26 build/usbd_ioreq.o
                0x0800f64a                USBD_CtlSendStatus
 .text.USBD_CtlReceiveStatus
                0x0800f670       0x26 build/usbd_ioreq.o
                0x0800f670                USBD_CtlReceiveStatus
 *fill*         0x0800f696        0x2 
 .text.USBD_CDC_Init
                0x0800f698      0x1f0 build/usbd_cdc.o
 .text.USBD_CDC_DeInit
                0x0800f888      0x104 build/usbd_cdc.o
 .text.USBD_CDC_Setup
                0x0800f98c      0x1b8 build/usbd_cdc.o
 .text.USBD_CDC_DataIn
                0x0800fb44       0xfe build/usbd_cdc.o
 .text.USBD_CDC_DataOut
                0x0800fc42       0x70 build/usbd_cdc.o
 .text.USBD_CDC_EP0_RxReady
                0x0800fcb2       0x74 build/usbd_cdc.o
 *fill*         0x0800fd26        0x2 
 .text.USBD_CDC_GetFSCfgDesc
                0x0800fd28       0x70 build/usbd_cdc.o
 .text.USBD_CDC_GetHSCfgDesc
                0x0800fd98       0x70 build/usbd_cdc.o
 .text.USBD_CDC_GetOtherSpeedCfgDesc
                0x0800fe08       0x70 build/usbd_cdc.o
 .text.USBD_CDC_GetDeviceQualifierDescriptor
                0x0800fe78       0x20 build/usbd_cdc.o
                0x0800fe78                USBD_CDC_GetDeviceQualifierDescriptor
 .text.USBD_CDC_RegisterInterface
                0x0800fe98       0x34 build/usbd_cdc.o
                0x0800fe98                USBD_CDC_RegisterInterface
 .text.USBD_CDC_SetTxBuffer
                0x0800fecc       0x44 build/usbd_cdc.o
                0x0800fecc                USBD_CDC_SetTxBuffer
 .text.USBD_CDC_SetRxBuffer
                0x0800ff10       0x3a build/usbd_cdc.o
                0x0800ff10                USBD_CDC_SetRxBuffer
 *fill*         0x0800ff4a        0x2 
 .text.USBD_CDC_ReceivePacket
                0x0800ff4c       0x6c build/usbd_cdc.o
                0x0800ff4c                USBD_CDC_ReceivePacket
 .text.sendRAWAT
                0x0800ffb8      0x130 build/uart_at.o
                0x0800ffb8                sendRAWAT
 .text.ParseResponse
                0x080100e8       0x78 build/uart_at.o
                0x080100e8                ParseResponse
 .text.ParseAT  0x08010160       0x74 build/uart_at.o
                0x08010160                ParseAT
 .text.ATHandlingTaskCode
                0x080101d4      0x2e4 build/uart_at.o
                0x080101d4                ATHandlingTaskCode
 .text.ATParsingTaskCode
                0x080104b8      0x1b0 build/uart_at.o
                0x080104b8                ATParsingTaskCode
 .text.Ringbuf_Init
                0x08010668       0x54 build/uartRingBufDMA.o
                0x08010668                Ringbuf_Init
 .text.Ringbuf_Reset
                0x080106bc       0x4c build/uartRingBufDMA.o
                0x080106bc                Ringbuf_Reset
 .text.labscim_buffer_direct_input
                0x08010708       0xc0 build/uartRingBufDMA.o
                0x08010708                labscim_buffer_direct_input
 .text.labscim_buffer_peek
                0x080107c8       0xa8 build/uartRingBufDMA.o
 .text.labscim_find_char_on_buffer
                0x08010870       0xe8 build/uartRingBufDMA.o
                0x08010870                labscim_find_char_on_buffer
 .text.labscim_buffer_retrieve
                0x08010958       0x48 build/uartRingBufDMA.o
                0x08010958                labscim_buffer_retrieve
 .text.labscim_buffer_used
                0x080109a0       0x18 build/uartRingBufDMA.o
                0x080109a0                labscim_buffer_used
 .text.HAL_UARTEx_RxEventCallback
                0x080109b8       0x54 build/uartRingBufDMA.o
                0x080109b8                HAL_UARTEx_RxEventCallback
 .text.SendToUART
                0x08010a0c       0x60 build/uartRingBufDMA.o
                0x08010a0c                SendToUART
 .text.HAL_UART_TxHalfCpltCallback
                0x08010a6c       0x14 build/uartRingBufDMA.o
                0x08010a6c                HAL_UART_TxHalfCpltCallback
 .text.HAL_UART_TxCpltCallback
                0x08010a80       0x20 build/uartRingBufDMA.o
                0x08010a80                HAL_UART_TxCpltCallback
 .text.UARTProcTaskCode
                0x08010aa0       0x88 build/uartRingBufDMA.o
                0x08010aa0                UARTProcTaskCode
 .text.LoRaWAN_JoinCallback
                0x08010b28       0x84 build/radioenge_modem.o
                0x08010b28                LoRaWAN_JoinCallback
 .text.DutyCycleTimerCallback
                0x08010bac       0x40 build/radioenge_modem.o
                0x08010bac                DutyCycleTimerCallback
 .text.resetRadio
                0x08010bec       0x24 build/radioenge_modem.o
                0x08010bec                resetRadio
 .text.SetRadioState
                0x08010c10       0x2c build/radioenge_modem.o
                0x08010c10                SetRadioState
 .text.ModemLedCallback
                0x08010c3c      0x158 build/radioenge_modem.o
                0x08010c3c                ModemLedCallback
 .text.ModemManagerTaskCode
                0x08010d94      0x154 build/radioenge_modem.o
                0x08010d94                ModemManagerTaskCode
 .text.bin_encode
                0x08010ee8       0x70 build/radioenge_modem.o
                0x08010ee8                bin_encode
 .text.LoRaSendB
                0x08010f58       0x24 build/radioenge_modem.o
                0x08010f58                LoRaSendB
 .text.LoRaWaitDutyCycle
                0x08010f7c       0x40 build/radioenge_modem.o
                0x08010f7c                LoRaWaitDutyCycle
 .text.LoRaSendBNow
                0x08010fbc       0x9c build/radioenge_modem.o
                0x08010fbc                LoRaSendBNow
 .text.LoRaWAN_RxEventCallback
                0x08011058       0x38 build/application.o
                0x08011058                LoRaWAN_RxEventCallback
 .text.PeriodicSendTimerCallback
                0x08011090       0x14 build/application.o
                0x08011090                PeriodicSendTimerCallback
 *fill*         0x080110a4        0x4 
 .text.AppSendTaskCode
                0x080110a8       0xb4 build/application.o
                0x080110a8                AppSendTaskCode
 .text.HAL_ADC_Init
                0x0801115c       0x86 build/stm32f4xx_hal_adc.o
                0x0801115c                HAL_ADC_Init
 *fill*         0x080111e2        0x2 
 .text.HAL_ADC_Start
                0x080111e4      0x168 build/stm32f4xx_hal_adc.o
                0x080111e4                HAL_ADC_Start
 .text.HAL_ADC_PollForConversion
                0x0801134c      0x116 build/stm32f4xx_hal_adc.o
                0x0801134c                HAL_ADC_PollForConversion
 .text.HAL_ADC_GetValue
                0x08011462       0x1a build/stm32f4xx_hal_adc.o
                0x08011462                HAL_ADC_GetValue
 .text.HAL_ADC_ConfigChannel
                0x0801147c      0x264 build/stm32f4xx_hal_adc.o
                0x0801147c                HAL_ADC_ConfigChannel
 .text.ADC_Init
                0x080116e0      0x1f8 build/stm32f4xx_hal_adc.o
 .text.Reset_Handler
                0x080118d8       0x50 build/startup_stm32f411xe.o
                0x080118d8                Reset_Handler
 .text.Default_Handler
                0x08011928        0x2 build/startup_stm32f411xe.o
                0x08011928                RTC_Alarm_IRQHandler
                0x08011928                EXTI2_IRQHandler
                0x08011928                SPI4_IRQHandler
                0x08011928                TIM1_CC_IRQHandler
                0x08011928                DMA2_Stream5_IRQHandler
                0x08011928                DMA1_Stream5_IRQHandler
                0x08011928                PVD_IRQHandler
                0x08011928                SDIO_IRQHandler
                0x08011928                TAMP_STAMP_IRQHandler
                0x08011928                EXTI3_IRQHandler
                0x08011928                TIM1_UP_TIM10_IRQHandler
                0x08011928                I2C3_ER_IRQHandler
                0x08011928                EXTI0_IRQHandler
                0x08011928                I2C2_EV_IRQHandler
                0x08011928                DMA1_Stream2_IRQHandler
                0x08011928                FPU_IRQHandler
                0x08011928                SPI1_IRQHandler
                0x08011928                TIM1_BRK_TIM9_IRQHandler
                0x08011928                DMA2_Stream3_IRQHandler
                0x08011928                USART6_IRQHandler
                0x08011928                DMA2_Stream0_IRQHandler
                0x08011928                TIM4_IRQHandler
                0x08011928                I2C1_EV_IRQHandler
                0x08011928                DMA1_Stream6_IRQHandler
                0x08011928                DMA1_Stream1_IRQHandler
                0x08011928                TIM3_IRQHandler
                0x08011928                RCC_IRQHandler
                0x08011928                Default_Handler
                0x08011928                EXTI15_10_IRQHandler
                0x08011928                ADC_IRQHandler
                0x08011928                DMA1_Stream7_IRQHandler
                0x08011928                SPI5_IRQHandler
                0x08011928                TIM5_IRQHandler
                0x08011928                I2C3_EV_IRQHandler
                0x08011928                EXTI9_5_IRQHandler
                0x08011928                RTC_WKUP_IRQHandler
                0x08011928                SPI2_IRQHandler
                0x08011928                DMA1_Stream0_IRQHandler
                0x08011928                EXTI4_IRQHandler
                0x08011928                WWDG_IRQHandler
                0x08011928                TIM2_IRQHandler
                0x08011928                OTG_FS_WKUP_IRQHandler
                0x08011928                EXTI1_IRQHandler
                0x08011928                USART2_IRQHandler
                0x08011928                I2C2_ER_IRQHandler
                0x08011928                DMA2_Stream1_IRQHandler
                0x08011928                FLASH_IRQHandler
                0x08011928                DMA2_Stream4_IRQHandler
                0x08011928                SPI3_IRQHandler
                0x08011928                DMA1_Stream4_IRQHandler
                0x08011928                I2C1_ER_IRQHandler
                0x08011928                DMA2_Stream6_IRQHandler
                0x08011928                DMA1_Stream3_IRQHandler
 .text.atoi     0x0801192a        0x8 C:/tools/arm-gnu-toolchain-13.2.rel1-mingw-w64-i686-arm-none-eabi/bin/../lib/gcc/arm-none-eabi/13.2.1/thumb/v7e-m+fp/hard\libc_nano.a(libc_a-atoi.o)
                0x0801192a                atoi
 *fill*         0x08011932        0x2 
 .text._strtol_l.isra.0
                0x08011934       0xf4 C:/tools/arm-gnu-toolchain-13.2.rel1-mingw-w64-i686-arm-none-eabi/bin/../lib/gcc/arm-none-eabi/13.2.1/thumb/v7e-m+fp/hard\libc_nano.a(libc_a-strtol.o)
 .text.strtol   0x08011a28       0x14 C:/tools/arm-gnu-toolchain-13.2.rel1-mingw-w64-i686-arm-none-eabi/bin/../lib/gcc/arm-none-eabi/13.2.1/thumb/v7e-m+fp/hard\libc_nano.a(libc_a-strtol.o)
                0x08011a28                strtol
 .text.std      0x08011a3c       0x6c C:/tools/arm-gnu-toolchain-13.2.rel1-mingw-w64-i686-arm-none-eabi/bin/../lib/gcc/arm-none-eabi/13.2.1/thumb/v7e-m+fp/hard\libc_nano.a(libc_a-findfp.o)
 .text.stdio_exit_handler
                0x08011aa8       0x18 C:/tools/arm-gnu-toolchain-13.2.rel1-mingw-w64-i686-arm-none-eabi/bin/../lib/gcc/arm-none-eabi/13.2.1/thumb/v7e-m+fp/hard\libc_nano.a(libc_a-findfp.o)
 .text.cleanup_stdio
                0x08011ac0       0x40 C:/tools/arm-gnu-toolchain-13.2.rel1-mingw-w64-i686-arm-none-eabi/bin/../lib/gcc/arm-none-eabi/13.2.1/thumb/v7e-m+fp/hard\libc_nano.a(libc_a-findfp.o)
 .text.global_stdio_init.part.0
                0x08011b00       0x3c C:/tools/arm-gnu-toolchain-13.2.rel1-mingw-w64-i686-arm-none-eabi/bin/../lib/gcc/arm-none-eabi/13.2.1/thumb/v7e-m+fp/hard\libc_nano.a(libc_a-findfp.o)
 .text.__sfp_lock_acquire
                0x08011b3c        0xc C:/tools/arm-gnu-toolchain-13.2.rel1-mingw-w64-i686-arm-none-eabi/bin/../lib/gcc/arm-none-eabi/13.2.1/thumb/v7e-m+fp/hard\libc_nano.a(libc_a-findfp.o)
                0x08011b3c                __sfp_lock_acquire
 .text.__sfp_lock_release
                0x08011b48        0xc C:/tools/arm-gnu-toolchain-13.2.rel1-mingw-w64-i686-arm-none-eabi/bin/../lib/gcc/arm-none-eabi/13.2.1/thumb/v7e-m+fp/hard\libc_nano.a(libc_a-findfp.o)
                0x08011b48                __sfp_lock_release
 .text.__sinit  0x08011b54       0x30 C:/tools/arm-gnu-toolchain-13.2.rel1-mingw-w64-i686-arm-none-eabi/bin/../lib/gcc/arm-none-eabi/13.2.1/thumb/v7e-m+fp/hard\libc_nano.a(libc_a-findfp.o)
                0x08011b54                __sinit
 .text._fwalk_sglue
                0x08011b84       0x3c C:/tools/arm-gnu-toolchain-13.2.rel1-mingw-w64-i686-arm-none-eabi/bin/../lib/gcc/arm-none-eabi/13.2.1/thumb/v7e-m+fp/hard\libc_nano.a(libc_a-fwalk.o)
                0x08011b84                _fwalk_sglue
 .text.snprintf
                0x08011bc0       0x68 C:/tools/arm-gnu-toolchain-13.2.rel1-mingw-w64-i686-arm-none-eabi/bin/../lib/gcc/arm-none-eabi/13.2.1/thumb/v7e-m+fp/hard\libc_nano.a(libc_a-snprintf.o)
                0x08011bc0                sniprintf
                0x08011bc0                snprintf
 .text.sprintf  0x08011c28       0x40 C:/tools/arm-gnu-toolchain-13.2.rel1-mingw-w64-i686-arm-none-eabi/bin/../lib/gcc/arm-none-eabi/13.2.1/thumb/v7e-m+fp/hard\libc_nano.a(libc_a-sprintf.o)
                0x08011c28                siprintf
                0x08011c28                sprintf
 .text.__sread  0x08011c68       0x22 C:/tools/arm-gnu-toolchain-13.2.rel1-mingw-w64-i686-arm-none-eabi/bin/../lib/gcc/arm-none-eabi/13.2.1/thumb/v7e-m+fp/hard\libc_nano.a(libc_a-stdio.o)
                0x08011c68                __sread
 .text.__swrite
                0x08011c8a       0x38 C:/tools/arm-gnu-toolchain-13.2.rel1-mingw-w64-i686-arm-none-eabi/bin/../lib/gcc/arm-none-eabi/13.2.1/thumb/v7e-m+fp/hard\libc_nano.a(libc_a-stdio.o)
                0x08011c8a                __swrite
 .text.__sseek  0x08011cc2       0x24 C:/tools/arm-gnu-toolchain-13.2.rel1-mingw-w64-i686-arm-none-eabi/bin/../lib/gcc/arm-none-eabi/13.2.1/thumb/v7e-m+fp/hard\libc_nano.a(libc_a-stdio.o)
                0x08011cc2                __sseek
 .text.__sclose
                0x08011ce6        0x8 C:/tools/arm-gnu-toolchain-13.2.rel1-mingw-w64-i686-arm-none-eabi/bin/../lib/gcc/arm-none-eabi/13.2.1/thumb/v7e-m+fp/hard\libc_nano.a(libc_a-stdio.o)
                0x08011ce6                __sclose
 .text.memset   0x08011cee       0x10 C:/tools/arm-gnu-toolchain-13.2.rel1-mingw-w64-i686-arm-none-eabi/bin/../lib/gcc/arm-none-eabi/13.2.1/thumb/v7e-m+fp/hard\libc_nano.a(libc_a-memset.o)
                0x08011cee                memset
 .text.strncmp  0x08011cfe       0x24 C:/tools/arm-gnu-toolchain-13.2.rel1-mingw-w64-i686-arm-none-eabi/bin/../lib/gcc/arm-none-eabi/13.2.1/thumb/v7e-m+fp/hard\libc_nano.a(libc_a-strncmp.o)
                0x08011cfe                strncmp
 *fill*         0x08011d22        0x2 
 .text.strtok   0x08011d24       0x68 C:/tools/arm-gnu-toolchain-13.2.rel1-mingw-w64-i686-arm-none-eabi/bin/../lib/gcc/arm-none-eabi/13.2.1/thumb/v7e-m+fp/hard\libc_nano.a(libc_a-strtok.o)
                0x08011d24                strtok
 .text.__strtok_r
                0x08011d8c       0x50 C:/tools/arm-gnu-toolchain-13.2.rel1-mingw-w64-i686-arm-none-eabi/bin/../lib/gcc/arm-none-eabi/13.2.1/thumb/v7e-m+fp/hard\libc_nano.a(libc_a-strtok_r.o)
                0x08011d8c                __strtok_r
 .text._close_r
                0x08011ddc       0x20 C:/tools/arm-gnu-toolchain-13.2.rel1-mingw-w64-i686-arm-none-eabi/bin/../lib/gcc/arm-none-eabi/13.2.1/thumb/v7e-m+fp/hard\libc_nano.a(libc_a-closer.o)
                0x08011ddc                _close_r
 .text._lseek_r
                0x08011dfc       0x24 C:/tools/arm-gnu-toolchain-13.2.rel1-mingw-w64-i686-arm-none-eabi/bin/../lib/gcc/arm-none-eabi/13.2.1/thumb/v7e-m+fp/hard\libc_nano.a(libc_a-lseekr.o)
                0x08011dfc                _lseek_r
 .text._read_r  0x08011e20       0x24 C:/tools/arm-gnu-toolchain-13.2.rel1-mingw-w64-i686-arm-none-eabi/bin/../lib/gcc/arm-none-eabi/13.2.1/thumb/v7e-m+fp/hard\libc_nano.a(libc_a-readr.o)
                0x08011e20                _read_r
 .text._write_r
                0x08011e44       0x24 C:/tools/arm-gnu-toolchain-13.2.rel1-mingw-w64-i686-arm-none-eabi/bin/../lib/gcc/arm-none-eabi/13.2.1/thumb/v7e-m+fp/hard\libc_nano.a(libc_a-writer.o)
                0x08011e44                _write_r
 .text.__errno  0x08011e68        0xc C:/tools/arm-gnu-toolchain-13.2.rel1-mingw-w64-i686-arm-none-eabi/bin/../lib/gcc/arm-none-eabi/13.2.1/thumb/v7e-m+fp/hard\libc_nano.a(libc_a-errno.o)
                0x08011e68                __errno
 .text.__libc_init_array
                0x08011e74       0x48 C:/tools/arm-gnu-toolchain-13.2.rel1-mingw-w64-i686-arm-none-eabi/bin/../lib/gcc/arm-none-eabi/13.2.1/thumb/v7e-m+fp/hard\libc_nano.a(libc_a-init.o)
                0x08011e74                __libc_init_array
 .text.__retarget_lock_init_recursive
                0x08011ebc        0x2 C:/tools/arm-gnu-toolchain-13.2.rel1-mingw-w64-i686-arm-none-eabi/bin/../lib/gcc/arm-none-eabi/13.2.1/thumb/v7e-m+fp/hard\libc_nano.a(libc_a-lock.o)
                0x08011ebc                __retarget_lock_init_recursive
 .text.__retarget_lock_acquire_recursive
                0x08011ebe        0x2 C:/tools/arm-gnu-toolchain-13.2.rel1-mingw-w64-i686-arm-none-eabi/bin/../lib/gcc/arm-none-eabi/13.2.1/thumb/v7e-m+fp/hard\libc_nano.a(libc_a-lock.o)
                0x08011ebe                __retarget_lock_acquire_recursive
 .text.__retarget_lock_release_recursive
                0x08011ec0        0x2 C:/tools/arm-gnu-toolchain-13.2.rel1-mingw-w64-i686-arm-none-eabi/bin/../lib/gcc/arm-none-eabi/13.2.1/thumb/v7e-m+fp/hard\libc_nano.a(libc_a-lock.o)
                0x08011ec0                __retarget_lock_release_recursive
 .text.memcpy   0x08011ec2       0x1c C:/tools/arm-gnu-toolchain-13.2.rel1-mingw-w64-i686-arm-none-eabi/bin/../lib/gcc/arm-none-eabi/13.2.1/thumb/v7e-m+fp/hard\libc_nano.a(libc_a-memcpy-stub.o)
                0x08011ec2                memcpy
 *fill*         0x08011ede        0x2 
 .text.__assert_func
                0x08011ee0       0x3c C:/tools/arm-gnu-toolchain-13.2.rel1-mingw-w64-i686-arm-none-eabi/bin/../lib/gcc/arm-none-eabi/13.2.1/thumb/v7e-m+fp/hard\libc_nano.a(libc_a-assert.o)
                0x08011ee0                __assert_func
 .text._free_r  0x08011f1c       0x94 C:/tools/arm-gnu-toolchain-13.2.rel1-mingw-w64-i686-arm-none-eabi/bin/../lib/gcc/arm-none-eabi/13.2.1/thumb/v7e-m+fp/hard\libc_nano.a(libc_a-freer.o)
                0x08011f1c                _free_r
 .text.malloc   0x08011fb0       0x10 C:/tools/arm-gnu-toolchain-13.2.rel1-mingw-w64-i686-arm-none-eabi/bin/../lib/gcc/arm-none-eabi/13.2.1/thumb/v7e-m+fp/hard\libc_nano.a(libc_a-malloc.o)
                0x08011fb0                malloc
 .text.sbrk_aligned
                0x08011fc0       0x44 C:/tools/arm-gnu-toolchain-13.2.rel1-mingw-w64-i686-arm-none-eabi/bin/../lib/gcc/arm-none-eabi/13.2.1/thumb/v7e-m+fp/hard\libc_nano.a(libc_a-mallocr.o)
 .text._malloc_r
                0x08012004      0x100 C:/tools/arm-gnu-toolchain-13.2.rel1-mingw-w64-i686-arm-none-eabi/bin/../lib/gcc/arm-none-eabi/13.2.1/thumb/v7e-m+fp/hard\libc_nano.a(libc_a-mallocr.o)
                0x08012004                _malloc_r
 .text.__malloc_lock
                0x08012104        0xc C:/tools/arm-gnu-toolchain-13.2.rel1-mingw-w64-i686-arm-none-eabi/bin/../lib/gcc/arm-none-eabi/13.2.1/thumb/v7e-m+fp/hard\libc_nano.a(libc_a-mlock.o)
                0x08012104                __malloc_lock
 .text.__malloc_unlock
                0x08012110        0xc C:/tools/arm-gnu-toolchain-13.2.rel1-mingw-w64-i686-arm-none-eabi/bin/../lib/gcc/arm-none-eabi/13.2.1/thumb/v7e-m+fp/hard\libc_nano.a(libc_a-mlock.o)
                0x08012110                __malloc_unlock
 .text.__ssputs_r
                0x0801211c       0xb6 C:/tools/arm-gnu-toolchain-13.2.rel1-mingw-w64-i686-arm-none-eabi/bin/../lib/gcc/arm-none-eabi/13.2.1/thumb/v7e-m+fp/hard\libc_nano.a(libc_a-nano-svfprintf.o)
                0x0801211c                __ssputs_r
 *fill*         0x080121d2        0x2 
 .text._svfprintf_r
                0x080121d4      0x1f8 C:/tools/arm-gnu-toolchain-13.2.rel1-mingw-w64-i686-arm-none-eabi/bin/../lib/gcc/arm-none-eabi/13.2.1/thumb/v7e-m+fp/hard\libc_nano.a(libc_a-nano-svfprintf.o)
                0x080121d4                _svfiprintf_r
                0x080121d4                _svfprintf_r
 .text._printf_common
                0x080123cc       0xda C:/tools/arm-gnu-toolchain-13.2.rel1-mingw-w64-i686-arm-none-eabi/bin/../lib/gcc/arm-none-eabi/13.2.1/thumb/v7e-m+fp/hard\libc_nano.a(libc_a-nano-vfprintf_i.o)
                0x080123cc                _printf_common
 *fill*         0x080124a6        0x2 
 .text._printf_i
                0x080124a8      0x23c C:/tools/arm-gnu-toolchain-13.2.rel1-mingw-w64-i686-arm-none-eabi/bin/../lib/gcc/arm-none-eabi/13.2.1/thumb/v7e-m+fp/hard\libc_nano.a(libc_a-nano-vfprintf_i.o)
                0x080124a8                _printf_i
 .text.__sflush_r
                0x080126e4      0x108 C:/tools/arm-gnu-toolchain-13.2.rel1-mingw-w64-i686-arm-none-eabi/bin/../lib/gcc/arm-none-eabi/13.2.1/thumb/v7e-m+fp/hard\libc_nano.a(libc_a-fflush.o)
                0x080126e4                __sflush_r
 .text._fflush_r
                0x080127ec       0x50 C:/tools/arm-gnu-toolchain-13.2.rel1-mingw-w64-i686-arm-none-eabi/bin/../lib/gcc/arm-none-eabi/13.2.1/thumb/v7e-m+fp/hard\libc_nano.a(libc_a-fflush.o)
                0x080127ec                _fflush_r
 .text.fprintf  0x0801283c       0x24 C:/tools/arm-gnu-toolchain-13.2.rel1-mingw-w64-i686-arm-none-eabi/bin/../lib/gcc/arm-none-eabi/13.2.1/thumb/v7e-m+fp/hard\libc_nano.a(libc_a-fprintf.o)
                0x0801283c                fiprintf
                0x0801283c                fprintf
 .text.memmove  0x08012860       0x34 C:/tools/arm-gnu-toolchain-13.2.rel1-mingw-w64-i686-arm-none-eabi/bin/../lib/gcc/arm-none-eabi/13.2.1/thumb/v7e-m+fp/hard\libc_nano.a(libc_a-memmove.o)
                0x08012860                memmove
 .text._sbrk_r  0x08012894       0x20 C:/tools/arm-gnu-toolchain-13.2.rel1-mingw-w64-i686-arm-none-eabi/bin/../lib/gcc/arm-none-eabi/13.2.1/thumb/v7e-m+fp/hard\libc_nano.a(libc_a-sbrkr.o)
                0x08012894                _sbrk_r
 .text.abort    0x080128b4        0xe C:/tools/arm-gnu-toolchain-13.2.rel1-mingw-w64-i686-arm-none-eabi/bin/../lib/gcc/arm-none-eabi/13.2.1/thumb/v7e-m+fp/hard\libc_nano.a(libc_a-abort.o)
                0x080128b4                abort
 .text._realloc_r
                0x080128c2       0x5c C:/tools/arm-gnu-toolchain-13.2.rel1-mingw-w64-i686-arm-none-eabi/bin/../lib/gcc/arm-none-eabi/13.2.1/thumb/v7e-m+fp/hard\libc_nano.a(libc_a-reallocr.o)
                0x080128c2                _realloc_r
 .text.__sfputc_r
                0x0801291e       0x2e C:/tools/arm-gnu-toolchain-13.2.rel1-mingw-w64-i686-arm-none-eabi/bin/../lib/gcc/arm-none-eabi/13.2.1/thumb/v7e-m+fp/hard\libc_nano.a(libc_a-nano-vfprintf.o)
 .text.__sfputs_r
                0x0801294c       0x24 C:/tools/arm-gnu-toolchain-13.2.rel1-mingw-w64-i686-arm-none-eabi/bin/../lib/gcc/arm-none-eabi/13.2.1/thumb/v7e-m+fp/hard\libc_nano.a(libc_a-nano-vfprintf.o)
                0x0801294c                __sfputs_r
 .text._vfprintf_r
                0x08012970      0x230 C:/tools/arm-gnu-toolchain-13.2.rel1-mingw-w64-i686-arm-none-eabi/bin/../lib/gcc/arm-none-eabi/13.2.1/thumb/v7e-m+fp/hard\libc_nano.a(libc_a-nano-vfprintf.o)
                0x08012970                _vfprintf_r
                0x08012970                _vfiprintf_r
 .text.__swbuf_r
                0x08012ba0       0x7c C:/tools/arm-gnu-toolchain-13.2.rel1-mingw-w64-i686-arm-none-eabi/bin/../lib/gcc/arm-none-eabi/13.2.1/thumb/v7e-m+fp/hard\libc_nano.a(libc_a-wbuf.o)
                0x08012ba0                __swbuf_r
 .text.__swsetup_r
                0x08012c1c       0xac C:/tools/arm-gnu-toolchain-13.2.rel1-mingw-w64-i686-arm-none-eabi/bin/../lib/gcc/arm-none-eabi/13.2.1/thumb/v7e-m+fp/hard\libc_nano.a(libc_a-wsetup.o)
                0x08012c1c                __swsetup_r
 .text._raise_r
                0x08012cc8       0x50 C:/tools/arm-gnu-toolchain-13.2.rel1-mingw-w64-i686-arm-none-eabi/bin/../lib/gcc/arm-none-eabi/13.2.1/thumb/v7e-m+fp/hard\libc_nano.a(libc_a-signal.o)
                0x08012cc8                _raise_r
 .text.raise    0x08012d18       0x10 C:/tools/arm-gnu-toolchain-13.2.rel1-mingw-w64-i686-arm-none-eabi/bin/../lib/gcc/arm-none-eabi/13.2.1/thumb/v7e-m+fp/hard\libc_nano.a(libc_a-signal.o)
                0x08012d18                raise
 .text._kill_r  0x08012d28       0x24 C:/tools/arm-gnu-toolchain-13.2.rel1-mingw-w64-i686-arm-none-eabi/bin/../lib/gcc/arm-none-eabi/13.2.1/thumb/v7e-m+fp/hard\libc_nano.a(libc_a-signalr.o)
                0x08012d28                _kill_r
 .text._getpid_r
                0x08012d4c        0x4 C:/tools/arm-gnu-toolchain-13.2.rel1-mingw-w64-i686-arm-none-eabi/bin/../lib/gcc/arm-none-eabi/13.2.1/thumb/v7e-m+fp/hard\libc_nano.a(libc_a-signalr.o)
                0x08012d4c                _getpid_r
 .text._malloc_usable_size_r
                0x08012d50       0x10 C:/tools/arm-gnu-toolchain-13.2.rel1-mingw-w64-i686-arm-none-eabi/bin/../lib/gcc/arm-none-eabi/13.2.1/thumb/v7e-m+fp/hard\libc_nano.a(libc_a-msizer.o)
                0x08012d50                _malloc_usable_size_r
 .text.__swhatbuf_r
                0x08012d60       0x4c C:/tools/arm-gnu-toolchain-13.2.rel1-mingw-w64-i686-arm-none-eabi/bin/../lib/gcc/arm-none-eabi/13.2.1/thumb/v7e-m+fp/hard\libc_nano.a(libc_a-makebuf.o)
                0x08012d60                __swhatbuf_r
 .text.__smakebuf_r
                0x08012dac       0x78 C:/tools/arm-gnu-toolchain-13.2.rel1-mingw-w64-i686-arm-none-eabi/bin/../lib/gcc/arm-none-eabi/13.2.1/thumb/v7e-m+fp/hard\libc_nano.a(libc_a-makebuf.o)
                0x08012dac                __smakebuf_r
 .text._fstat_r
                0x08012e24       0x24 C:/tools/arm-gnu-toolchain-13.2.rel1-mingw-w64-i686-arm-none-eabi/bin/../lib/gcc/arm-none-eabi/13.2.1/thumb/v7e-m+fp/hard\libc_nano.a(libc_a-fstatr.o)
                0x08012e24                _fstat_r
 .text._isatty_r
                0x08012e48       0x20 C:/tools/arm-gnu-toolchain-13.2.rel1-mingw-w64-i686-arm-none-eabi/bin/../lib/gcc/arm-none-eabi/13.2.1/thumb/v7e-m+fp/hard\libc_nano.a(libc_a-isattyr.o)
                0x08012e48                _isatty_r
 .text.log      0x08012e68       0x84 C:/tools/arm-gnu-toolchain-13.2.rel1-mingw-w64-i686-arm-none-eabi/bin/../lib/gcc/arm-none-eabi/13.2.1/thumb/v7e-m+fp/hard\libm.a(libm_a-w_log.o)
                0x08012e68                log
 *fill*         0x08012eec        0x4 
 .text.nan      0x08012ef0       0x10 C:/tools/arm-gnu-toolchain-13.2.rel1-mingw-w64-i686-arm-none-eabi/bin/../lib/gcc/arm-none-eabi/13.2.1/thumb/v7e-m+fp/hard\libm.a(libm_a-s_nan.o)
                0x08012ef0                nan
 .text.__ieee754_log
                0x08012f00      0x3b8 C:/tools/arm-gnu-toolchain-13.2.rel1-mingw-w64-i686-arm-none-eabi/bin/../lib/gcc/arm-none-eabi/13.2.1/thumb/v7e-m+fp/hard\libm.a(libm_a-e_log.o)
                0x08012f00                __ieee754_log
 .text._close   0x080132b8       0x10 C:/tools/arm-gnu-toolchain-13.2.rel1-mingw-w64-i686-arm-none-eabi/bin/../lib/gcc/arm-none-eabi/13.2.1/thumb/v7e-m+fp/hard\libnosys.a(close.o)
                0x080132b8                _close
 .text._fstat   0x080132c8       0x10 C:/tools/arm-gnu-toolchain-13.2.rel1-mingw-w64-i686-arm-none-eabi/bin/../lib/gcc/arm-none-eabi/13.2.1/thumb/v7e-m+fp/hard\libnosys.a(fstat.o)
                0x080132c8                _fstat
 .text._getpid  0x080132d8       0x10 C:/tools/arm-gnu-toolchain-13.2.rel1-mingw-w64-i686-arm-none-eabi/bin/../lib/gcc/arm-none-eabi/13.2.1/thumb/v7e-m+fp/hard\libnosys.a(getpid.o)
                0x080132d8                _getpid
 .text._isatty  0x080132e8       0x10 C:/tools/arm-gnu-toolchain-13.2.rel1-mingw-w64-i686-arm-none-eabi/bin/../lib/gcc/arm-none-eabi/13.2.1/thumb/v7e-m+fp/hard\libnosys.a(isatty.o)
                0x080132e8                _isatty
 .text._kill    0x080132f8       0x10 C:/tools/arm-gnu-toolchain-13.2.rel1-mingw-w64-i686-arm-none-eabi/bin/../lib/gcc/arm-none-eabi/13.2.1/thumb/v7e-m+fp/hard\libnosys.a(kill.o)
                0x080132f8                _kill
 .text._lseek   0x08013308       0x10 C:/tools/arm-gnu-toolchain-13.2.rel1-mingw-w64-i686-arm-none-eabi/bin/../lib/gcc/arm-none-eabi/13.2.1/thumb/v7e-m+fp/hard\libnosys.a(lseek.o)
                0x08013308                _lseek
 .text._read    0x08013318       0x10 C:/tools/arm-gnu-toolchain-13.2.rel1-mingw-w64-i686-arm-none-eabi/bin/../lib/gcc/arm-none-eabi/13.2.1/thumb/v7e-m+fp/hard\libnosys.a(read.o)
                0x08013318                _read
 .text._sbrk    0x08013328       0x1c C:/tools/arm-gnu-toolchain-13.2.rel1-mingw-w64-i686-arm-none-eabi/bin/../lib/gcc/arm-none-eabi/13.2.1/thumb/v7e-m+fp/hard\libnosys.a(sbrk.o)
                0x08013328                _sbrk
 .text._write   0x08013344       0x10 C:/tools/arm-gnu-toolchain-13.2.rel1-mingw-w64-i686-arm-none-eabi/bin/../lib/gcc/arm-none-eabi/13.2.1/thumb/v7e-m+fp/hard\libnosys.a(write.o)
                0x08013344                _write
 .text._exit    0x08013354        0x4 C:/tools/arm-gnu-toolchain-13.2.rel1-mingw-w64-i686-arm-none-eabi/bin/../lib/gcc/arm-none-eabi/13.2.1/thumb/v7e-m+fp/hard\libnosys.a(_exit.o)
                0x08013354                _exit
 .text.__udivmoddi4
                0x08013358      0x2bc C:/tools/arm-gnu-toolchain-13.2.rel1-mingw-w64-i686-arm-none-eabi/bin/../lib/gcc/arm-none-eabi/13.2.1/thumb/v7e-m+fp/hard\libgcc.a(_udivmoddi4.o)
                0x08013358                __udivmoddi4
 *(.glue_7)
 .glue_7        0x08013614        0x0 linker stubs
 *(.glue_7t)
 .glue_7t       0x08013614        0x0 linker stubs
 *(.eh_frame)
 .eh_frame      0x08013614        0x0 C:/tools/arm-gnu-toolchain-13.2.rel1-mingw-w64-i686-arm-none-eabi/bin/../lib/gcc/arm-none-eabi/13.2.1/thumb/v7e-m+fp/hard/crtbegin.o
 *(.init)
 .init          0x08013614        0x4 C:/tools/arm-gnu-toolchain-13.2.rel1-mingw-w64-i686-arm-none-eabi/bin/../lib/gcc/arm-none-eabi/13.2.1/thumb/v7e-m+fp/hard/crti.o
                0x08013614                _init
 .init          0x08013618        0x8 C:/tools/arm-gnu-toolchain-13.2.rel1-mingw-w64-i686-arm-none-eabi/bin/../lib/gcc/arm-none-eabi/13.2.1/thumb/v7e-m+fp/hard/crtn.o
 *(.fini)
 .fini          0x08013620        0x4 C:/tools/arm-gnu-toolchain-13.2.rel1-mingw-w64-i686-arm-none-eabi/bin/../lib/gcc/arm-none-eabi/13.2.1/thumb/v7e-m+fp/hard/crti.o
                0x08013620                _fini
 .fini          0x08013624        0x8 C:/tools/arm-gnu-toolchain-13.2.rel1-mingw-w64-i686-arm-none-eabi/bin/../lib/gcc/arm-none-eabi/13.2.1/thumb/v7e-m+fp/hard/crtn.o
                0x0801362c                        . = ALIGN (0x4)
                0x0801362c                        _etext = .

.vfp11_veneer   0x0801362c        0x0
 .vfp11_veneer  0x0801362c        0x0 linker stubs

.v4_bx          0x0801362c        0x0
 .v4_bx         0x0801362c        0x0 linker stubs

.iplt           0x0801362c        0x0
 .iplt          0x0801362c        0x0 C:/tools/arm-gnu-toolchain-13.2.rel1-mingw-w64-i686-arm-none-eabi/bin/../lib/gcc/arm-none-eabi/13.2.1/thumb/v7e-m+fp/hard/crtbegin.o

.rodata         0x0801362c      0x7a8
                0x0801362c                        . = ALIGN (0x4)
 *(.rodata)
 .rodata        0x0801362c      0x11d build/main.o
 *fill*         0x08013749        0x3 
 .rodata        0x0801374c        0x5 build/tasks.o
 *fill*         0x08013751        0x3 
 .rodata        0x08013754        0xd build/timers.o
 *fill*         0x08013761        0x3 
 .rodata        0x08013764       0x46 build/usbd_desc.o
 *fill*         0x080137aa        0x2 
 .rodata        0x080137ac        0x2 build/uart_at.o
 *fill*         0x080137ae        0x2 
 .rodata        0x080137b0       0x31 build/radioenge_modem.o
 *(.rodata*)
 *fill*         0x080137e1        0x3 
 .rodata.defaultTask_attributes
                0x080137e4       0x24 build/main.o
                0x080137e4                defaultTask_attributes
 .rodata.ATParsingTask_attributes
                0x08013808       0x24 build/main.o
                0x08013808                ATParsingTask_attributes
 .rodata.ATHandlingTask_attributes
                0x0801382c       0x24 build/main.o
                0x0801382c                ATHandlingTask_attributes
 .rodata.UARTProcTask_attributes
                0x08013850       0x24 build/main.o
                0x08013850                UARTProcTask_attributes
 .rodata.ModemMngrTask_attributes
                0x08013874       0x24 build/main.o
                0x08013874                ModemMngrTask_attributes
 .rodata.AppSendTask_attributes
                0x08013898       0x24 build/main.o
                0x08013898                AppSendTask_attributes
 .rodata.uartQueue_attributes
                0x080138bc       0x18 build/main.o
                0x080138bc                uartQueue_attributes
 .rodata.ATQueue_attributes
                0x080138d4       0x18 build/main.o
                0x080138d4                ATQueue_attributes
 .rodata.ModemSendQueue_attributes
                0x080138ec       0x18 build/main.o
                0x080138ec                ModemSendQueue_attributes
 .rodata.PeriodicSendTimer_attributes
                0x08013904       0x10 build/main.o
                0x08013904                PeriodicSendTimer_attributes
 .rodata.ModemLedTimer_attributes
                0x08013914       0x10 build/main.o
                0x08013914                ModemLedTimer_attributes