ARM GAS  C:\Users\DAELT-~1\AppData\Local\Temp\cc2JXkNO.s 			page 1


   1              		.cpu cortex-m4
   2              		.arch armv7e-m
   3              		.fpu fpv4-sp-d16
   4              		.eabi_attribute 27, 1
   5              		.eabi_attribute 28, 1
   6              		.eabi_attribute 20, 1
   7              		.eabi_attribute 21, 1
   8              		.eabi_attribute 23, 3
   9              		.eabi_attribute 24, 1
  10              		.eabi_attribute 25, 1
  11              		.eabi_attribute 26, 1
  12              		.eabi_attribute 30, 6
  13              		.eabi_attribute 34, 1
  14              		.eabi_attribute 18, 4
  15              		.file	"radioenge_modem.c"
  16              		.text
  17              	.Ltext0:
  18              		.cfi_sections	.debug_frame
  19              		.file 1 "Core/Src/radioenge_modem.c"
  20              		.global	gJoinedFSM
  21              		.section	.bss.gJoinedFSM,"aw",%nobits
  24              	gJoinedFSM:
  25 0000 00       		.space	1
  26              		.global	gRadioState
  27              		.section	.data.gRadioState,"aw"
  30              	gRadioState:
  31 0000 01       		.byte	1
  32              		.global	gConfigCmds
  33              		.section	.data.gConfigCmds,"aw"
  34              		.align	2
  37              	gConfigCmds:
  38 0000 41542B43 		.ascii	"AT+CFM=0\012\000"
  38      464D3D30 
  38      0A00
  39 000a 00000000 		.space	246
  39      00000000 
  39      00000000 
  39      00000000 
  39      00000000 
  40 0100 41542B41 		.ascii	"AT+APPKEY=D1:C0:89:9F:F8:C9:E7:0C:60:63:A1:C0:A8:AD"
  40      50504B45 
  40      593D4431 
  40      3A43303A 
  40      38393A39 
  41 0133 3A38353A 		.ascii	":85:C7\012\000"
  41      43370A00 
  42 013b 00000000 		.space	197
  42      00000000 
  42      00000000 
  42      00000000 
  42      00000000 
  43 0200 41542B41 		.ascii	"AT+APPEUI=00:00:00:00:00:00:00:00\012\000"
  43      50504555 
  43      493D3030 
  43      3A30303A 
  43      30303A30 
  44 0223 00000000 		.space	221
ARM GAS  C:\Users\DAELT-~1\AppData\Local\Temp\cc2JXkNO.s 			page 2


  44      00000000 
  44      00000000 
  44      00000000 
  44      00000000 
  45 0300 41542B43 		.ascii	"AT+CHMASK=FF00:0000:0000:0000:0002:0000\012\000"
  45      484D4153 
  45      4B3D4646 
  45      30303A30 
  45      3030303A 
  46 0329 00000000 		.space	215
  46      00000000 
  46      00000000 
  46      00000000 
  46      00000000 
  47 0400 41542B41 		.ascii	"AT+ADR=1\012\000"
  47      44523D31 
  47      0A00
  48 040a 00000000 		.space	246
  48      00000000 
  48      00000000 
  48      00000000 
  48      00000000 
  49 0500 41542B4E 		.ascii	"AT+NJM=1\012\000"
  49      4A4D3D31 
  49      0A00
  50 050a 00000000 		.space	246
  50      00000000 
  50      00000000 
  50      00000000 
  50      00000000 
  51 0600 41542B4A 		.ascii	"AT+JOIN\012\000"
  51      4F494E0A 
  51      00
  52 0609 00000000 		.space	247
  52      00000000 
  52      00000000 
  52      00000000 
  52      00000000 
  53              		.global	gConsecutiveJoinErrors
  54              		.section	.bss.gConsecutiveJoinErrors,"aw",%nobits
  55              		.align	2
  58              	gConsecutiveJoinErrors:
  59 0000 00000000 		.space	4
  60              		.section	.text.LoRaWAN_JoinCallback,"ax",%progbits
  61              		.align	1
  62              		.global	LoRaWAN_JoinCallback
  63              		.syntax unified
  64              		.thumb
  65              		.thumb_func
  67              	LoRaWAN_JoinCallback:
  68              	.LFB227:
   1:Core/Src/radioenge_modem.c **** #include "cmsis_os.h"
   2:Core/Src/radioenge_modem.c **** #include "radioenge_modem.h"
   3:Core/Src/radioenge_modem.c **** #include "uart_at.h"
   4:Core/Src/radioenge_modem.c **** #include "main.h"
   5:Core/Src/radioenge_modem.c **** #include <string.h>
   6:Core/Src/radioenge_modem.c **** #include <stdio.h>
ARM GAS  C:\Users\DAELT-~1\AppData\Local\Temp\cc2JXkNO.s 			page 3


   7:Core/Src/radioenge_modem.c **** #include "cmsis_os2.h"
   8:Core/Src/radioenge_modem.c **** 
   9:Core/Src/radioenge_modem.c **** volatile JOINED_STATE gJoinedFSM = JOINED_TX;
  10:Core/Src/radioenge_modem.c **** volatile RADIO_STATE gRadioState = RADIO_RESET;
  11:Core/Src/radioenge_modem.c **** 
  12:Core/Src/radioenge_modem.c **** extern osThreadId_t ModemMngrTaskHandle;
  13:Core/Src/radioenge_modem.c **** extern osThreadId_t ModemSendTaskHandle;
  14:Core/Src/radioenge_modem.c **** extern osSemaphoreId_t RadioStateSemaphoreHandle;
  15:Core/Src/radioenge_modem.c **** extern osMessageQueueId_t ModemSendQueueHandle;
  16:Core/Src/radioenge_modem.c **** extern osSemaphoreId_t LoRaTXSemaphoreHandle;
  17:Core/Src/radioenge_modem.c **** extern osEventFlagsId_t ModemStatusFlagsHandle;
  18:Core/Src/radioenge_modem.c **** extern osTimerId_t ModemLedTimerHandle;
  19:Core/Src/radioenge_modem.c **** extern osMessageQueueId_t uartQueueHandle;
  20:Core/Src/radioenge_modem.c **** extern osTimerId_t DutyCycleTimerHandle;
  21:Core/Src/radioenge_modem.c **** 
  22:Core/Src/radioenge_modem.c **** #define NUMBER_OF_STRINGS (7)
  23:Core/Src/radioenge_modem.c **** #define STRING_LENGTH (255)
  24:Core/Src/radioenge_modem.c **** char gConfigCmds[NUMBER_OF_STRINGS][STRING_LENGTH + 1] = {
  25:Core/Src/radioenge_modem.c ****     "AT+CFM=0\n",
  26:Core/Src/radioenge_modem.c ****     "AT+APPKEY=D1:C0:89:9F:F8:C9:E7:0C:60:63:A1:C0:A8:AD:85:C7\n",
  27:Core/Src/radioenge_modem.c ****     //"AT+APPEUI=11:01:54:c4:e6:28:4b:e4:90:92:07:1e:dc:25:a6:1f\n",
  28:Core/Src/radioenge_modem.c ****     "AT+APPEUI=00:00:00:00:00:00:00:00\n",
  29:Core/Src/radioenge_modem.c ****     "AT+CHMASK=FF00:0000:0000:0000:0002:0000\n",
  30:Core/Src/radioenge_modem.c ****     "AT+ADR=1\n",
  31:Core/Src/radioenge_modem.c ****     "AT+NJM=1\n",
  32:Core/Src/radioenge_modem.c ****     "AT+JOIN\n"
  33:Core/Src/radioenge_modem.c ****     };
  34:Core/Src/radioenge_modem.c **** 
  35:Core/Src/radioenge_modem.c **** 
  36:Core/Src/radioenge_modem.c **** uint32_t gConsecutiveJoinErrors = 0;
  37:Core/Src/radioenge_modem.c **** 
  38:Core/Src/radioenge_modem.c **** void LoRaWAN_JoinCallback(ATResponse response)
  39:Core/Src/radioenge_modem.c **** {
  69              		.loc 1 39 1
  70              		.cfi_startproc
  71              		@ args = 0, pretend = 0, frame = 8
  72              		@ frame_needed = 1, uses_anonymous_args = 0
  73 0000 80B5     		push	{r7, lr}
  74              	.LCFI0:
  75              		.cfi_def_cfa_offset 8
  76              		.cfi_offset 7, -8
  77              		.cfi_offset 14, -4
  78 0002 82B0     		sub	sp, sp, #8
  79              	.LCFI1:
  80              		.cfi_def_cfa_offset 16
  81 0004 00AF     		add	r7, sp, #0
  82              	.LCFI2:
  83              		.cfi_def_cfa_register 7
  84 0006 0346     		mov	r3, r0
  85 0008 FB71     		strb	r3, [r7, #7]
  40:Core/Src/radioenge_modem.c ****     osSemaphoreAcquire(RadioStateSemaphoreHandle, osWaitForever);
  86              		.loc 1 40 5
  87 000a 1A4B     		ldr	r3, .L5
  88 000c 1B68     		ldr	r3, [r3]
  89 000e 4FF0FF31 		mov	r1, #-1
  90 0012 1846     		mov	r0, r3
  91 0014 FFF7FEFF 		bl	osSemaphoreAcquire
ARM GAS  C:\Users\DAELT-~1\AppData\Local\Temp\cc2JXkNO.s 			page 4


  41:Core/Src/radioenge_modem.c ****     if (gRadioState == RADIO_JOINING)
  92              		.loc 1 41 21
  93 0018 174B     		ldr	r3, .L5+4
  94 001a 1B78     		ldrb	r3, [r3]
  95 001c DBB2     		uxtb	r3, r3
  96              		.loc 1 41 8
  97 001e 042B     		cmp	r3, #4
  98 0020 1ED1     		bne	.L2
  42:Core/Src/radioenge_modem.c ****     {
  43:Core/Src/radioenge_modem.c ****         if (response == AT_JOINED)
  99              		.loc 1 43 12
 100 0022 FB79     		ldrb	r3, [r7, #7]	@ zero_extendqisi2
 101 0024 042B     		cmp	r3, #4
 102 0026 06D1     		bne	.L3
 103              	.LBB2:
  44:Core/Src/radioenge_modem.c ****         {
  45:Core/Src/radioenge_modem.c ****             gConsecutiveJoinErrors = 0;
 104              		.loc 1 45 36
 105 0028 144B     		ldr	r3, .L5+8
 106 002a 0022     		movs	r2, #0
 107 002c 1A60     		str	r2, [r3]
  46:Core/Src/radioenge_modem.c ****             SetRadioState(RADIO_READY);
 108              		.loc 1 46 13
 109 002e 0820     		movs	r0, #8
 110 0030 FFF7FEFF 		bl	SetRadioState
 111              	.LBE2:
 112 0034 0EE0     		b	.L4
 113              	.L3:
  47:Core/Src/radioenge_modem.c ****         }
  48:Core/Src/radioenge_modem.c ****         else
  49:Core/Src/radioenge_modem.c ****         {
  50:Core/Src/radioenge_modem.c ****             gConsecutiveJoinErrors++;
 114              		.loc 1 50 35
 115 0036 114B     		ldr	r3, .L5+8
 116 0038 1B68     		ldr	r3, [r3]
 117 003a 0133     		adds	r3, r3, #1
 118 003c 0F4A     		ldr	r2, .L5+8
 119 003e 1360     		str	r3, [r2]
  51:Core/Src/radioenge_modem.c ****             if(gConsecutiveJoinErrors>=5) //radioenge modem stops after 9 join errors
 120              		.loc 1 51 38
 121 0040 0E4B     		ldr	r3, .L5+8
 122 0042 1B68     		ldr	r3, [r3]
 123              		.loc 1 51 15
 124 0044 042B     		cmp	r3, #4
 125 0046 05D9     		bls	.L4
 126              	.LBB3:
  52:Core/Src/radioenge_modem.c ****             {
  53:Core/Src/radioenge_modem.c ****                 gConsecutiveJoinErrors = 0;
 127              		.loc 1 53 40
 128 0048 0C4B     		ldr	r3, .L5+8
 129 004a 0022     		movs	r2, #0
 130 004c 1A60     		str	r2, [r3]
  54:Core/Src/radioenge_modem.c ****                 SetRadioState(RADIO_RESET);
 131              		.loc 1 54 17
 132 004e 0120     		movs	r0, #1
 133 0050 FFF7FEFF 		bl	SetRadioState
 134              	.L4:
ARM GAS  C:\Users\DAELT-~1\AppData\Local\Temp\cc2JXkNO.s 			page 5


 135              	.LBE3:
  55:Core/Src/radioenge_modem.c ****             }
  56:Core/Src/radioenge_modem.c ****         }
  57:Core/Src/radioenge_modem.c ****         osThreadFlagsSet(ModemMngrTaskHandle, 0x01);
 136              		.loc 1 57 9
 137 0054 0A4B     		ldr	r3, .L5+12
 138 0056 1B68     		ldr	r3, [r3]
 139 0058 0121     		movs	r1, #1
 140 005a 1846     		mov	r0, r3
 141 005c FFF7FEFF 		bl	osThreadFlagsSet
 142              	.L2:
  58:Core/Src/radioenge_modem.c ****     }  
  59:Core/Src/radioenge_modem.c ****     osSemaphoreRelease(RadioStateSemaphoreHandle);    
 143              		.loc 1 59 5
 144 0060 044B     		ldr	r3, .L5
 145 0062 1B68     		ldr	r3, [r3]
 146 0064 1846     		mov	r0, r3
 147 0066 FFF7FEFF 		bl	osSemaphoreRelease
  60:Core/Src/radioenge_modem.c **** }
 148              		.loc 1 60 1
 149 006a 00BF     		nop
 150 006c 0837     		adds	r7, r7, #8
 151              	.LCFI3:
 152              		.cfi_def_cfa_offset 8
 153 006e BD46     		mov	sp, r7
 154              	.LCFI4:
 155              		.cfi_def_cfa_register 13
 156              		@ sp needed
 157 0070 80BD     		pop	{r7, pc}
 158              	.L6:
 159 0072 00BF     		.align	2
 160              	.L5:
 161 0074 00000000 		.word	RadioStateSemaphoreHandle
 162 0078 00000000 		.word	gRadioState
 163 007c 00000000 		.word	gConsecutiveJoinErrors
 164 0080 00000000 		.word	ModemMngrTaskHandle
 165              		.cfi_endproc
 166              	.LFE227:
 168              		.section	.text.DutyCycleTimerCallback,"ax",%progbits
 169              		.align	1
 170              		.global	DutyCycleTimerCallback
 171              		.syntax unified
 172              		.thumb
 173              		.thumb_func
 175              	DutyCycleTimerCallback:
 176              	.LFB228:
  61:Core/Src/radioenge_modem.c **** 
  62:Core/Src/radioenge_modem.c **** void DutyCycleTimerCallback (void *argument) 
  63:Core/Src/radioenge_modem.c **** {
 177              		.loc 1 63 1
 178              		.cfi_startproc
 179              		@ args = 0, pretend = 0, frame = 8
 180              		@ frame_needed = 1, uses_anonymous_args = 0
 181 0000 80B5     		push	{r7, lr}
 182              	.LCFI5:
 183              		.cfi_def_cfa_offset 8
 184              		.cfi_offset 7, -8
ARM GAS  C:\Users\DAELT-~1\AppData\Local\Temp\cc2JXkNO.s 			page 6


 185              		.cfi_offset 14, -4
 186 0002 82B0     		sub	sp, sp, #8
 187              	.LCFI6:
 188              		.cfi_def_cfa_offset 16
 189 0004 00AF     		add	r7, sp, #0
 190              	.LCFI7:
 191              		.cfi_def_cfa_register 7
 192 0006 7860     		str	r0, [r7, #4]
  64:Core/Src/radioenge_modem.c ****     osSemaphoreAcquire(RadioStateSemaphoreHandle, osWaitForever);
 193              		.loc 1 64 5
 194 0008 0B4B     		ldr	r3, .L9
 195 000a 1B68     		ldr	r3, [r3]
 196 000c 4FF0FF31 		mov	r1, #-1
 197 0010 1846     		mov	r0, r3
 198 0012 FFF7FEFF 		bl	osSemaphoreAcquire
  65:Core/Src/radioenge_modem.c ****     if(gRadioState==RADIO_DUTYCYCLED)
 199              		.loc 1 65 19
 200 0016 094B     		ldr	r3, .L9+4
 201 0018 1B78     		ldrb	r3, [r3]
 202 001a DBB2     		uxtb	r3, r3
 203              		.loc 1 65 7
 204 001c 102B     		cmp	r3, #16
 205 001e 02D1     		bne	.L8
 206              	.LBB4:
  66:Core/Src/radioenge_modem.c ****     {
  67:Core/Src/radioenge_modem.c ****         SetRadioState(RADIO_READY);
 207              		.loc 1 67 9
 208 0020 0820     		movs	r0, #8
 209 0022 FFF7FEFF 		bl	SetRadioState
 210              	.L8:
 211              	.LBE4:
  68:Core/Src/radioenge_modem.c ****     }  
  69:Core/Src/radioenge_modem.c ****     osSemaphoreRelease(RadioStateSemaphoreHandle);  
 212              		.loc 1 69 5
 213 0026 044B     		ldr	r3, .L9
 214 0028 1B68     		ldr	r3, [r3]
 215 002a 1846     		mov	r0, r3
 216 002c FFF7FEFF 		bl	osSemaphoreRelease
  70:Core/Src/radioenge_modem.c **** }
 217              		.loc 1 70 1
 218 0030 00BF     		nop
 219 0032 0837     		adds	r7, r7, #8
 220              	.LCFI8:
 221              		.cfi_def_cfa_offset 8
 222 0034 BD46     		mov	sp, r7
 223              	.LCFI9:
 224              		.cfi_def_cfa_register 13
 225              		@ sp needed
 226 0036 80BD     		pop	{r7, pc}
 227              	.L10:
 228              		.align	2
 229              	.L9:
 230 0038 00000000 		.word	RadioStateSemaphoreHandle
 231 003c 00000000 		.word	gRadioState
 232              		.cfi_endproc
 233              	.LFE228:
 235              		.section	.rodata
ARM GAS  C:\Users\DAELT-~1\AppData\Local\Temp\cc2JXkNO.s 			page 7


 236              		.align	2
 237              	.LC0:
 238 0000 41545A0D 		.ascii	"ATZ\015\012\000"
 238      0A00
 239              		.section	.text.resetRadio,"ax",%progbits
 240              		.align	1
 241              		.global	resetRadio
 242              		.syntax unified
 243              		.thumb
 244              		.thumb_func
 246              	resetRadio:
 247              	.LFB229:
  71:Core/Src/radioenge_modem.c **** 
  72:Core/Src/radioenge_modem.c **** void resetRadio(void)
  73:Core/Src/radioenge_modem.c **** {
 248              		.loc 1 73 1
 249              		.cfi_startproc
 250              		@ args = 0, pretend = 0, frame = 0
 251              		@ frame_needed = 1, uses_anonymous_args = 0
 252 0000 80B5     		push	{r7, lr}
 253              	.LCFI10:
 254              		.cfi_def_cfa_offset 8
 255              		.cfi_offset 7, -8
 256              		.cfi_offset 14, -4
 257 0002 00AF     		add	r7, sp, #0
 258              	.LCFI11:
 259              		.cfi_def_cfa_register 7
  74:Core/Src/radioenge_modem.c ****     while (sendRAWAT("ATZ\r\n") != AT_RESET)
 260              		.loc 1 74 11
 261 0004 03E0     		b	.L12
 262              	.L13:
  75:Core/Src/radioenge_modem.c ****     {
  76:Core/Src/radioenge_modem.c ****         osDelay(5000);
 263              		.loc 1 76 9
 264 0006 41F28830 		movw	r0, #5000
 265 000a FFF7FEFF 		bl	osDelay
 266              	.L12:
  74:Core/Src/radioenge_modem.c ****     while (sendRAWAT("ATZ\r\n") != AT_RESET)
 267              		.loc 1 74 12
 268 000e 0448     		ldr	r0, .L15
 269 0010 FFF7FEFF 		bl	sendRAWAT
 270 0014 0346     		mov	r3, r0
  74:Core/Src/radioenge_modem.c ****     while (sendRAWAT("ATZ\r\n") != AT_RESET)
 271              		.loc 1 74 33 discriminator 1
 272 0016 082B     		cmp	r3, #8
 273 0018 F5D1     		bne	.L13
  77:Core/Src/radioenge_modem.c ****     }
  78:Core/Src/radioenge_modem.c ****     return;
 274              		.loc 1 78 5
 275 001a 00BF     		nop
  79:Core/Src/radioenge_modem.c **** }
 276              		.loc 1 79 1
 277 001c 80BD     		pop	{r7, pc}
 278              	.L16:
 279 001e 00BF     		.align	2
 280              	.L15:
 281 0020 00000000 		.word	.LC0
ARM GAS  C:\Users\DAELT-~1\AppData\Local\Temp\cc2JXkNO.s 			page 8


 282              		.cfi_endproc
 283              	.LFE229:
 285              		.section	.text.SetRadioState,"ax",%progbits
 286              		.align	1
 287              		.global	SetRadioState
 288              		.syntax unified
 289              		.thumb
 290              		.thumb_func
 292              	SetRadioState:
 293              	.LFB230:
  80:Core/Src/radioenge_modem.c **** 
  81:Core/Src/radioenge_modem.c **** //calls to this function must be protected by semaphore RadioStateSemaphoreHandle
  82:Core/Src/radioenge_modem.c **** void SetRadioState(RADIO_STATE state)
  83:Core/Src/radioenge_modem.c **** {    
 294              		.loc 1 83 1
 295              		.cfi_startproc
 296              		@ args = 0, pretend = 0, frame = 8
 297              		@ frame_needed = 1, uses_anonymous_args = 0
 298 0000 80B5     		push	{r7, lr}
 299              	.LCFI12:
 300              		.cfi_def_cfa_offset 8
 301              		.cfi_offset 7, -8
 302              		.cfi_offset 14, -4
 303 0002 82B0     		sub	sp, sp, #8
 304              	.LCFI13:
 305              		.cfi_def_cfa_offset 16
 306 0004 00AF     		add	r7, sp, #0
 307              	.LCFI14:
 308              		.cfi_def_cfa_register 7
 309 0006 0346     		mov	r3, r0
 310 0008 FB71     		strb	r3, [r7, #7]
  84:Core/Src/radioenge_modem.c ****     gRadioState = state;
 311              		.loc 1 84 17
 312 000a 064A     		ldr	r2, .L18
 313 000c FB79     		ldrb	r3, [r7, #7]
 314 000e 1370     		strb	r3, [r2]
  85:Core/Src/radioenge_modem.c ****     osThreadFlagsSet(ModemMngrTaskHandle, 0x01); 
 315              		.loc 1 85 5
 316 0010 054B     		ldr	r3, .L18+4
 317 0012 1B68     		ldr	r3, [r3]
 318 0014 0121     		movs	r1, #1
 319 0016 1846     		mov	r0, r3
 320 0018 FFF7FEFF 		bl	osThreadFlagsSet
  86:Core/Src/radioenge_modem.c **** }
 321              		.loc 1 86 1
 322 001c 00BF     		nop
 323 001e 0837     		adds	r7, r7, #8
 324              	.LCFI15:
 325              		.cfi_def_cfa_offset 8
 326 0020 BD46     		mov	sp, r7
 327              	.LCFI16:
 328              		.cfi_def_cfa_register 13
 329              		@ sp needed
 330 0022 80BD     		pop	{r7, pc}
 331              	.L19:
 332              		.align	2
 333              	.L18:
ARM GAS  C:\Users\DAELT-~1\AppData\Local\Temp\cc2JXkNO.s 			page 9


 334 0024 00000000 		.word	gRadioState
 335 0028 00000000 		.word	ModemMngrTaskHandle
 336              		.cfi_endproc
 337              	.LFE230:
 339              		.section	.text.ModemLedCallback,"ax",%progbits
 340              		.align	1
 341              		.global	ModemLedCallback
 342              		.syntax unified
 343              		.thumb
 344              		.thumb_func
 346              	ModemLedCallback:
 347              	.LFB231:
  87:Core/Src/radioenge_modem.c **** 
  88:Core/Src/radioenge_modem.c **** void ModemLedCallback(void *argument) 
  89:Core/Src/radioenge_modem.c **** {
 348              		.loc 1 89 1
 349              		.cfi_startproc
 350              		@ args = 0, pretend = 0, frame = 8
 351              		@ frame_needed = 1, uses_anonymous_args = 0
 352 0000 80B5     		push	{r7, lr}
 353              	.LCFI17:
 354              		.cfi_def_cfa_offset 8
 355              		.cfi_offset 7, -8
 356              		.cfi_offset 14, -4
 357 0002 82B0     		sub	sp, sp, #8
 358              	.LCFI18:
 359              		.cfi_def_cfa_offset 16
 360 0004 00AF     		add	r7, sp, #0
 361              	.LCFI19:
 362              		.cfi_def_cfa_register 7
 363 0006 7860     		str	r0, [r7, #4]
  90:Core/Src/radioenge_modem.c ****     //here we use gRadioState without semaphore because a preemption will only cause a momentary le
  91:Core/Src/radioenge_modem.c ****     switch(gRadioState)
 364              		.loc 1 91 5
 365 0008 514B     		ldr	r3, .L29
 366 000a 1B78     		ldrb	r3, [r3]
 367 000c DBB2     		uxtb	r3, r3
 368 000e 013B     		subs	r3, r3, #1
 369 0010 0F2B     		cmp	r3, #15
 370 0012 00F28880 		bhi	.L21
 371 0016 01A2     		adr	r2, .L23
 372 0018 52F823F0 		ldr	pc, [r2, r3, lsl #2]
 373              		.p2align 2
 374              	.L23:
 375 001c 5D000000 		.word	.L27+1
 376 0020 85000000 		.word	.L26+1
 377 0024 27010000 		.word	.L21+1
 378 0028 AD000000 		.word	.L25+1
 379 002c 27010000 		.word	.L21+1
 380 0030 27010000 		.word	.L21+1
 381 0034 27010000 		.word	.L21+1
 382 0038 D5000000 		.word	.L24+1
 383 003c 27010000 		.word	.L21+1
 384 0040 27010000 		.word	.L21+1
 385 0044 27010000 		.word	.L21+1
 386 0048 27010000 		.word	.L21+1
 387 004c 27010000 		.word	.L21+1
ARM GAS  C:\Users\DAELT-~1\AppData\Local\Temp\cc2JXkNO.s 			page 10


 388 0050 27010000 		.word	.L21+1
 389 0054 27010000 		.word	.L21+1
 390 0058 FF000000 		.word	.L22+1
 391              		.p2align 1
 392              	.L27:
  92:Core/Src/radioenge_modem.c ****     {
  93:Core/Src/radioenge_modem.c ****     case RADIO_RESET:
  94:Core/Src/radioenge_modem.c ****     {
  95:Core/Src/radioenge_modem.c ****         HAL_GPIO_TogglePin(LED1_RED_GPIO_Port, LED1_RED_Pin);
 393              		.loc 1 95 9
 394 005c 0421     		movs	r1, #4
 395 005e 3D48     		ldr	r0, .L29+4
 396 0060 FFF7FEFF 		bl	HAL_GPIO_TogglePin
  96:Core/Src/radioenge_modem.c ****         HAL_GPIO_WritePin(LED2_YELLOW_GPIO_Port, LED2_YELLOW_Pin, 0);
 397              		.loc 1 96 9
 398 0064 0022     		movs	r2, #0
 399 0066 1021     		movs	r1, #16
 400 0068 3A48     		ldr	r0, .L29+4
 401 006a FFF7FEFF 		bl	HAL_GPIO_WritePin
  97:Core/Src/radioenge_modem.c ****         HAL_GPIO_WritePin(LED3_GREEN_GPIO_Port, LED3_GREEN_Pin, 0);
 402              		.loc 1 97 9
 403 006e 0022     		movs	r2, #0
 404 0070 0221     		movs	r1, #2
 405 0072 3848     		ldr	r0, .L29+4
 406 0074 FFF7FEFF 		bl	HAL_GPIO_WritePin
  98:Core/Src/radioenge_modem.c ****         HAL_GPIO_WritePin(LED4_BLUE_GPIO_Port, LED4_BLUE_Pin, 0); 
 407              		.loc 1 98 9
 408 0078 0022     		movs	r2, #0
 409 007a 0821     		movs	r1, #8
 410 007c 3548     		ldr	r0, .L29+4
 411 007e FFF7FEFF 		bl	HAL_GPIO_WritePin
  99:Core/Src/radioenge_modem.c ****         break;       
 412              		.loc 1 99 9
 413 0082 61E0     		b	.L28
 414              	.L26:
 100:Core/Src/radioenge_modem.c ****     }
 101:Core/Src/radioenge_modem.c ****     case RADIO_CONFIGURING:
 102:Core/Src/radioenge_modem.c ****     {
 103:Core/Src/radioenge_modem.c ****         HAL_GPIO_WritePin(LED1_RED_GPIO_Port, LED1_RED_Pin,0);
 415              		.loc 1 103 9
 416 0084 0022     		movs	r2, #0
 417 0086 0421     		movs	r1, #4
 418 0088 3248     		ldr	r0, .L29+4
 419 008a FFF7FEFF 		bl	HAL_GPIO_WritePin
 104:Core/Src/radioenge_modem.c ****         HAL_GPIO_TogglePin(LED2_YELLOW_GPIO_Port, LED2_YELLOW_Pin);
 420              		.loc 1 104 9
 421 008e 1021     		movs	r1, #16
 422 0090 3048     		ldr	r0, .L29+4
 423 0092 FFF7FEFF 		bl	HAL_GPIO_TogglePin
 105:Core/Src/radioenge_modem.c ****         HAL_GPIO_WritePin(LED3_GREEN_GPIO_Port, LED3_GREEN_Pin,0);
 424              		.loc 1 105 9
 425 0096 0022     		movs	r2, #0
 426 0098 0221     		movs	r1, #2
 427 009a 2E48     		ldr	r0, .L29+4
 428 009c FFF7FEFF 		bl	HAL_GPIO_WritePin
 106:Core/Src/radioenge_modem.c ****         HAL_GPIO_WritePin(LED4_BLUE_GPIO_Port, LED4_BLUE_Pin, 0);        
 429              		.loc 1 106 9
ARM GAS  C:\Users\DAELT-~1\AppData\Local\Temp\cc2JXkNO.s 			page 11


 430 00a0 0022     		movs	r2, #0
 431 00a2 0821     		movs	r1, #8
 432 00a4 2B48     		ldr	r0, .L29+4
 433 00a6 FFF7FEFF 		bl	HAL_GPIO_WritePin
 107:Core/Src/radioenge_modem.c ****         break;       
 434              		.loc 1 107 9
 435 00aa 4DE0     		b	.L28
 436              	.L25:
 108:Core/Src/radioenge_modem.c ****     }
 109:Core/Src/radioenge_modem.c ****     case RADIO_JOINING:
 110:Core/Src/radioenge_modem.c ****     {
 111:Core/Src/radioenge_modem.c ****         HAL_GPIO_WritePin(LED1_RED_GPIO_Port, LED1_RED_Pin,0);
 437              		.loc 1 111 9
 438 00ac 0022     		movs	r2, #0
 439 00ae 0421     		movs	r1, #4
 440 00b0 2848     		ldr	r0, .L29+4
 441 00b2 FFF7FEFF 		bl	HAL_GPIO_WritePin
 112:Core/Src/radioenge_modem.c ****         HAL_GPIO_WritePin(LED2_YELLOW_GPIO_Port, LED2_YELLOW_Pin,0);
 442              		.loc 1 112 9
 443 00b6 0022     		movs	r2, #0
 444 00b8 1021     		movs	r1, #16
 445 00ba 2648     		ldr	r0, .L29+4
 446 00bc FFF7FEFF 		bl	HAL_GPIO_WritePin
 113:Core/Src/radioenge_modem.c ****         HAL_GPIO_TogglePin(LED3_GREEN_GPIO_Port, LED3_GREEN_Pin);
 447              		.loc 1 113 9
 448 00c0 0221     		movs	r1, #2
 449 00c2 2448     		ldr	r0, .L29+4
 450 00c4 FFF7FEFF 		bl	HAL_GPIO_TogglePin
 114:Core/Src/radioenge_modem.c ****         HAL_GPIO_WritePin(LED4_BLUE_GPIO_Port, LED4_BLUE_Pin, 0);        
 451              		.loc 1 114 9
 452 00c8 0022     		movs	r2, #0
 453 00ca 0821     		movs	r1, #8
 454 00cc 2148     		ldr	r0, .L29+4
 455 00ce FFF7FEFF 		bl	HAL_GPIO_WritePin
 115:Core/Src/radioenge_modem.c ****         break;       
 456              		.loc 1 115 9
 457 00d2 39E0     		b	.L28
 458              	.L24:
 116:Core/Src/radioenge_modem.c ****     }
 117:Core/Src/radioenge_modem.c ****     case RADIO_READY:
 118:Core/Src/radioenge_modem.c ****     {
 119:Core/Src/radioenge_modem.c ****         HAL_GPIO_WritePin(LED1_RED_GPIO_Port, LED1_RED_Pin,0);
 459              		.loc 1 119 9
 460 00d4 0022     		movs	r2, #0
 461 00d6 0421     		movs	r1, #4
 462 00d8 1E48     		ldr	r0, .L29+4
 463 00da FFF7FEFF 		bl	HAL_GPIO_WritePin
 120:Core/Src/radioenge_modem.c ****         HAL_GPIO_WritePin(LED2_YELLOW_GPIO_Port, LED2_YELLOW_Pin,0);
 464              		.loc 1 120 9
 465 00de 0022     		movs	r2, #0
 466 00e0 1021     		movs	r1, #16
 467 00e2 1C48     		ldr	r0, .L29+4
 468 00e4 FFF7FEFF 		bl	HAL_GPIO_WritePin
 121:Core/Src/radioenge_modem.c ****         HAL_GPIO_WritePin(LED3_GREEN_GPIO_Port, LED3_GREEN_Pin,1);
 469              		.loc 1 121 9
 470 00e8 0122     		movs	r2, #1
 471 00ea 0221     		movs	r1, #2
ARM GAS  C:\Users\DAELT-~1\AppData\Local\Temp\cc2JXkNO.s 			page 12


 472 00ec 1948     		ldr	r0, .L29+4
 473 00ee FFF7FEFF 		bl	HAL_GPIO_WritePin
 122:Core/Src/radioenge_modem.c ****         HAL_GPIO_WritePin(LED4_BLUE_GPIO_Port, LED4_BLUE_Pin, 0);        
 474              		.loc 1 122 9
 475 00f2 0022     		movs	r2, #0
 476 00f4 0821     		movs	r1, #8
 477 00f6 1748     		ldr	r0, .L29+4
 478 00f8 FFF7FEFF 		bl	HAL_GPIO_WritePin
 123:Core/Src/radioenge_modem.c ****         break;       
 479              		.loc 1 123 9
 480 00fc 24E0     		b	.L28
 481              	.L22:
 124:Core/Src/radioenge_modem.c ****     }
 125:Core/Src/radioenge_modem.c ****     case RADIO_DUTYCYCLED:
 126:Core/Src/radioenge_modem.c ****     {
 127:Core/Src/radioenge_modem.c ****         HAL_GPIO_WritePin(LED1_RED_GPIO_Port, LED1_RED_Pin,0);
 482              		.loc 1 127 9
 483 00fe 0022     		movs	r2, #0
 484 0100 0421     		movs	r1, #4
 485 0102 1448     		ldr	r0, .L29+4
 486 0104 FFF7FEFF 		bl	HAL_GPIO_WritePin
 128:Core/Src/radioenge_modem.c ****         HAL_GPIO_WritePin(LED2_YELLOW_GPIO_Port, LED2_YELLOW_Pin,0);
 487              		.loc 1 128 9
 488 0108 0022     		movs	r2, #0
 489 010a 1021     		movs	r1, #16
 490 010c 1148     		ldr	r0, .L29+4
 491 010e FFF7FEFF 		bl	HAL_GPIO_WritePin
 129:Core/Src/radioenge_modem.c ****         HAL_GPIO_WritePin(LED3_GREEN_GPIO_Port, LED3_GREEN_Pin,1);
 492              		.loc 1 129 9
 493 0112 0122     		movs	r2, #1
 494 0114 0221     		movs	r1, #2
 495 0116 0F48     		ldr	r0, .L29+4
 496 0118 FFF7FEFF 		bl	HAL_GPIO_WritePin
 130:Core/Src/radioenge_modem.c ****         HAL_GPIO_TogglePin(LED4_BLUE_GPIO_Port, LED4_BLUE_Pin);        
 497              		.loc 1 130 9
 498 011c 0821     		movs	r1, #8
 499 011e 0D48     		ldr	r0, .L29+4
 500 0120 FFF7FEFF 		bl	HAL_GPIO_TogglePin
 131:Core/Src/radioenge_modem.c ****         break;       
 501              		.loc 1 131 9
 502 0124 10E0     		b	.L28
 503              	.L21:
 132:Core/Src/radioenge_modem.c ****     }
 133:Core/Src/radioenge_modem.c ****     default:
 134:Core/Src/radioenge_modem.c ****     {
 135:Core/Src/radioenge_modem.c ****         HAL_GPIO_TogglePin(LED1_RED_GPIO_Port, LED1_RED_Pin);
 504              		.loc 1 135 9
 505 0126 0421     		movs	r1, #4
 506 0128 0A48     		ldr	r0, .L29+4
 507 012a FFF7FEFF 		bl	HAL_GPIO_TogglePin
 136:Core/Src/radioenge_modem.c ****         HAL_GPIO_TogglePin(LED2_YELLOW_GPIO_Port, LED2_YELLOW_Pin);
 508              		.loc 1 136 9
 509 012e 1021     		movs	r1, #16
 510 0130 0848     		ldr	r0, .L29+4
 511 0132 FFF7FEFF 		bl	HAL_GPIO_TogglePin
 137:Core/Src/radioenge_modem.c ****         HAL_GPIO_TogglePin(LED3_GREEN_GPIO_Port, LED3_GREEN_Pin);
 512              		.loc 1 137 9
ARM GAS  C:\Users\DAELT-~1\AppData\Local\Temp\cc2JXkNO.s 			page 13


 513 0136 0221     		movs	r1, #2
 514 0138 0648     		ldr	r0, .L29+4
 515 013a FFF7FEFF 		bl	HAL_GPIO_TogglePin
 138:Core/Src/radioenge_modem.c ****         HAL_GPIO_TogglePin(LED4_BLUE_GPIO_Port, LED4_BLUE_Pin);        
 516              		.loc 1 138 9
 517 013e 0821     		movs	r1, #8
 518 0140 0448     		ldr	r0, .L29+4
 519 0142 FFF7FEFF 		bl	HAL_GPIO_TogglePin
 139:Core/Src/radioenge_modem.c ****         break;       
 520              		.loc 1 139 9
 521 0146 00BF     		nop
 522              	.L28:
 140:Core/Src/radioenge_modem.c ****     }    
 141:Core/Src/radioenge_modem.c ****     }
 142:Core/Src/radioenge_modem.c **** }
 523              		.loc 1 142 1
 524 0148 00BF     		nop
 525 014a 0837     		adds	r7, r7, #8
 526              	.LCFI20:
 527              		.cfi_def_cfa_offset 8
 528 014c BD46     		mov	sp, r7
 529              	.LCFI21:
 530              		.cfi_def_cfa_register 13
 531              		@ sp needed
 532 014e 80BD     		pop	{r7, pc}
 533              	.L30:
 534              		.align	2
 535              	.L29:
 536 0150 00000000 		.word	gRadioState
 537 0154 00000240 		.word	1073872896
 538              		.cfi_endproc
 539              	.LFE231:
 541              		.section	.text.ModemManagerTaskCode,"ax",%progbits
 542              		.align	1
 543              		.global	ModemManagerTaskCode
 544              		.syntax unified
 545              		.thumb
 546              		.thumb_func
 548              	ModemManagerTaskCode:
 549              	.LFB232:
 143:Core/Src/radioenge_modem.c **** 
 144:Core/Src/radioenge_modem.c **** 
 145:Core/Src/radioenge_modem.c **** void ModemManagerTaskCode(void *argument)
 146:Core/Src/radioenge_modem.c **** {
 550              		.loc 1 146 1
 551              		.cfi_startproc
 552              		@ args = 0, pretend = 0, frame = 24
 553              		@ frame_needed = 1, uses_anonymous_args = 0
 554 0000 80B5     		push	{r7, lr}
 555              	.LCFI22:
 556              		.cfi_def_cfa_offset 8
 557              		.cfi_offset 7, -8
 558              		.cfi_offset 14, -4
 559 0002 86B0     		sub	sp, sp, #24
 560              	.LCFI23:
 561              		.cfi_def_cfa_offset 32
 562 0004 00AF     		add	r7, sp, #0
ARM GAS  C:\Users\DAELT-~1\AppData\Local\Temp\cc2JXkNO.s 			page 14


 563              	.LCFI24:
 564              		.cfi_def_cfa_register 7
 565 0006 7860     		str	r0, [r7, #4]
 147:Core/Src/radioenge_modem.c ****     /* USER CODE BEGIN 5 */
 148:Core/Src/radioenge_modem.c ****     /* Infinite loop */    
 149:Core/Src/radioenge_modem.c ****     uint32_t ConfigCmdIndex = 0;
 566              		.loc 1 149 14
 567 0008 0023     		movs	r3, #0
 568 000a 7B61     		str	r3, [r7, #20]
 150:Core/Src/radioenge_modem.c ****     uint32_t flags;
 151:Core/Src/radioenge_modem.c ****     uint32_t modemflags;
 152:Core/Src/radioenge_modem.c ****     osTimerStart(ModemLedTimerHandle, 50U);
 569              		.loc 1 152 5
 570 000c 4A4B     		ldr	r3, .L44
 571 000e 1B68     		ldr	r3, [r3]
 572 0010 3221     		movs	r1, #50
 573 0012 1846     		mov	r0, r3
 574 0014 FFF7FEFF 		bl	osTimerStart
 153:Core/Src/radioenge_modem.c ****     osThreadFlagsSet(ModemMngrTaskHandle, 0x01);    
 575              		.loc 1 153 5
 576 0018 484B     		ldr	r3, .L44+4
 577 001a 1B68     		ldr	r3, [r3]
 578 001c 0121     		movs	r1, #1
 579 001e 1846     		mov	r0, r3
 580 0020 FFF7FEFF 		bl	osThreadFlagsSet
 581              	.L42:
 154:Core/Src/radioenge_modem.c ****     while (1)
 155:Core/Src/radioenge_modem.c ****     {
 156:Core/Src/radioenge_modem.c ****         flags = osThreadFlagsWait (0x01, osFlagsWaitAny,osWaitForever);
 582              		.loc 1 156 17
 583 0024 4FF0FF32 		mov	r2, #-1
 584 0028 0021     		movs	r1, #0
 585 002a 0120     		movs	r0, #1
 586 002c FFF7FEFF 		bl	osThreadFlagsWait
 587 0030 3861     		str	r0, [r7, #16]
 157:Core/Src/radioenge_modem.c ****         osSemaphoreAcquire(RadioStateSemaphoreHandle, osWaitForever);
 588              		.loc 1 157 9
 589 0032 434B     		ldr	r3, .L44+8
 590 0034 1B68     		ldr	r3, [r3]
 591 0036 4FF0FF31 		mov	r1, #-1
 592 003a 1846     		mov	r0, r3
 593 003c FFF7FEFF 		bl	osSemaphoreAcquire
 158:Core/Src/radioenge_modem.c ****         osEventFlagsClear(ModemStatusFlagsHandle, RADIO_STATE_ALL);        
 594              		.loc 1 158 9
 595 0040 404B     		ldr	r3, .L44+12
 596 0042 1B68     		ldr	r3, [r3]
 597 0044 1F21     		movs	r1, #31
 598 0046 1846     		mov	r0, r3
 599 0048 FFF7FEFF 		bl	osEventFlagsClear
 159:Core/Src/radioenge_modem.c ****         switch (gRadioState)
 600              		.loc 1 159 9
 601 004c 3E4B     		ldr	r3, .L44+16
 602 004e 1B78     		ldrb	r3, [r3]
 603 0050 DBB2     		uxtb	r3, r3
 604 0052 013B     		subs	r3, r3, #1
 605 0054 0F2B     		cmp	r3, #15
 606 0056 5ED8     		bhi	.L32
ARM GAS  C:\Users\DAELT-~1\AppData\Local\Temp\cc2JXkNO.s 			page 15


 607 0058 01A2     		adr	r2, .L34
 608 005a 52F823F0 		ldr	pc, [r2, r3, lsl #2]
 609 005e 00BF     		.p2align 2
 610              	.L34:
 611 0060 A1000000 		.word	.L38+1
 612 0064 C5000000 		.word	.L37+1
 613 0068 17010000 		.word	.L32+1
 614 006c 17010000 		.word	.L32+1
 615 0070 17010000 		.word	.L32+1
 616 0074 17010000 		.word	.L32+1
 617 0078 17010000 		.word	.L32+1
 618 007c 17010000 		.word	.L32+1
 619 0080 17010000 		.word	.L32+1
 620 0084 17010000 		.word	.L32+1
 621 0088 17010000 		.word	.L32+1
 622 008c 17010000 		.word	.L32+1
 623 0090 17010000 		.word	.L32+1
 624 0094 17010000 		.word	.L32+1
 625 0098 17010000 		.word	.L32+1
 626 009c 07010000 		.word	.L33+1
 627              		.p2align 1
 628              	.L38:
 160:Core/Src/radioenge_modem.c ****         {
 161:Core/Src/radioenge_modem.c ****         case RADIO_RESET:
 162:Core/Src/radioenge_modem.c ****         {
 163:Core/Src/radioenge_modem.c ****             // CDC_Transmit_FS("Resetting the radio...\r\n", strlen("Resetting the radio...\r\n"));
 164:Core/Src/radioenge_modem.c ****             resetRadio();
 629              		.loc 1 164 13
 630 00a0 FFF7FEFF 		bl	resetRadio
 165:Core/Src/radioenge_modem.c ****             ConfigCmdIndex = 0;
 631              		.loc 1 165 28
 632 00a4 0023     		movs	r3, #0
 633 00a6 7B61     		str	r3, [r7, #20]
 166:Core/Src/radioenge_modem.c ****             SetRadioState(RADIO_CONFIGURING);
 634              		.loc 1 166 13
 635 00a8 0220     		movs	r0, #2
 636 00aa FFF7FEFF 		bl	SetRadioState
 167:Core/Src/radioenge_modem.c ****             osThreadFlagsSet(ModemMngrTaskHandle, 0x01);
 637              		.loc 1 167 13
 638 00ae 234B     		ldr	r3, .L44+4
 639 00b0 1B68     		ldr	r3, [r3]
 640 00b2 0121     		movs	r1, #1
 641 00b4 1846     		mov	r0, r3
 642 00b6 FFF7FEFF 		bl	osThreadFlagsSet
 168:Core/Src/radioenge_modem.c ****             osDelay(1000);
 643              		.loc 1 168 13
 644 00ba 4FF47A70 		mov	r0, #1000
 645 00be FFF7FEFF 		bl	osDelay
 169:Core/Src/radioenge_modem.c ****             break;
 646              		.loc 1 169 13
 647 00c2 28E0     		b	.L32
 648              	.L37:
 170:Core/Src/radioenge_modem.c ****         }
 171:Core/Src/radioenge_modem.c ****         case RADIO_CONFIGURING:
 172:Core/Src/radioenge_modem.c ****         {
 173:Core/Src/radioenge_modem.c ****             if (sendRAWAT(gConfigCmds[ConfigCmdIndex]) == AT_OK)
 649              		.loc 1 173 38
ARM GAS  C:\Users\DAELT-~1\AppData\Local\Temp\cc2JXkNO.s 			page 16


 650 00c4 7B69     		ldr	r3, [r7, #20]
 651 00c6 1B02     		lsls	r3, r3, #8
 652 00c8 204A     		ldr	r2, .L44+20
 653 00ca 1344     		add	r3, r3, r2
 654              		.loc 1 173 17
 655 00cc 1846     		mov	r0, r3
 656 00ce FFF7FEFF 		bl	sendRAWAT
 657 00d2 0346     		mov	r3, r0
 658              		.loc 1 173 16 discriminator 1
 659 00d4 002B     		cmp	r3, #0
 660 00d6 0CD1     		bne	.L39
 174:Core/Src/radioenge_modem.c ****             {                
 175:Core/Src/radioenge_modem.c ****                 ConfigCmdIndex++;
 661              		.loc 1 175 31
 662 00d8 7B69     		ldr	r3, [r7, #20]
 663 00da 0133     		adds	r3, r3, #1
 664 00dc 7B61     		str	r3, [r7, #20]
 176:Core/Src/radioenge_modem.c ****                 if (ConfigCmdIndex == NUMBER_OF_STRINGS)
 665              		.loc 1 176 20
 666 00de 7B69     		ldr	r3, [r7, #20]
 667 00e0 072B     		cmp	r3, #7
 668 00e2 02D1     		bne	.L40
 177:Core/Src/radioenge_modem.c ****                 {
 178:Core/Src/radioenge_modem.c ****                     SetRadioState(RADIO_JOINING);
 669              		.loc 1 178 21
 670 00e4 0420     		movs	r0, #4
 671 00e6 FFF7FEFF 		bl	SetRadioState
 672              	.L40:
 179:Core/Src/radioenge_modem.c ****                 }
 180:Core/Src/radioenge_modem.c ****                 osDelay(100);
 673              		.loc 1 180 17
 674 00ea 6420     		movs	r0, #100
 675 00ec FFF7FEFF 		bl	osDelay
 676 00f0 02E0     		b	.L41
 677              	.L39:
 181:Core/Src/radioenge_modem.c ****             }
 182:Core/Src/radioenge_modem.c ****             else
 183:Core/Src/radioenge_modem.c ****             {
 184:Core/Src/radioenge_modem.c ****                 SetRadioState(RADIO_RESET);
 678              		.loc 1 184 17
 679 00f2 0120     		movs	r0, #1
 680 00f4 FFF7FEFF 		bl	SetRadioState
 681              	.L41:
 185:Core/Src/radioenge_modem.c ****             }
 186:Core/Src/radioenge_modem.c ****             osThreadFlagsSet(ModemMngrTaskHandle, 0x01);
 682              		.loc 1 186 13
 683 00f8 104B     		ldr	r3, .L44+4
 684 00fa 1B68     		ldr	r3, [r3]
 685 00fc 0121     		movs	r1, #1
 686 00fe 1846     		mov	r0, r3
 687 0100 FFF7FEFF 		bl	osThreadFlagsSet
 187:Core/Src/radioenge_modem.c ****             break;
 688              		.loc 1 187 13
 689 0104 07E0     		b	.L32
 690              	.L33:
 188:Core/Src/radioenge_modem.c ****         }
 189:Core/Src/radioenge_modem.c ****         case RADIO_JOINING:
ARM GAS  C:\Users\DAELT-~1\AppData\Local\Temp\cc2JXkNO.s 			page 17


 190:Core/Src/radioenge_modem.c ****         {
 191:Core/Src/radioenge_modem.c ****             // wait for radio callback
 192:Core/Src/radioenge_modem.c ****             break;
 193:Core/Src/radioenge_modem.c ****         }
 194:Core/Src/radioenge_modem.c ****         case RADIO_READY:
 195:Core/Src/radioenge_modem.c ****         {
 196:Core/Src/radioenge_modem.c ****             // now we can send data
 197:Core/Src/radioenge_modem.c ****             break;
 198:Core/Src/radioenge_modem.c ****         }
 199:Core/Src/radioenge_modem.c ****         case RADIO_DUTYCYCLED:
 200:Core/Src/radioenge_modem.c ****         {
 201:Core/Src/radioenge_modem.c ****             // Wait the dutycycle period and return to ready
 202:Core/Src/radioenge_modem.c ****             osTimerStart(DutyCycleTimerHandle, 14000U);
 691              		.loc 1 202 13
 692 0106 124B     		ldr	r3, .L44+24
 693 0108 1B68     		ldr	r3, [r3]
 694 010a 43F2B061 		movw	r1, #14000
 695 010e 1846     		mov	r0, r3
 696 0110 FFF7FEFF 		bl	osTimerStart
 203:Core/Src/radioenge_modem.c ****             break;
 697              		.loc 1 203 13
 698 0114 00BF     		nop
 699              	.L32:
 204:Core/Src/radioenge_modem.c ****         }
 205:Core/Src/radioenge_modem.c ****         }
 206:Core/Src/radioenge_modem.c ****         modemflags = osEventFlagsSet(ModemStatusFlagsHandle, gRadioState);
 700              		.loc 1 206 22
 701 0116 0B4B     		ldr	r3, .L44+12
 702 0118 1B68     		ldr	r3, [r3]
 703 011a 0B4A     		ldr	r2, .L44+16
 704 011c 1278     		ldrb	r2, [r2]
 705 011e D2B2     		uxtb	r2, r2
 706 0120 1146     		mov	r1, r2
 707 0122 1846     		mov	r0, r3
 708 0124 FFF7FEFF 		bl	osEventFlagsSet
 709 0128 F860     		str	r0, [r7, #12]
 207:Core/Src/radioenge_modem.c ****         osSemaphoreRelease(RadioStateSemaphoreHandle);
 710              		.loc 1 207 9
 711 012a 054B     		ldr	r3, .L44+8
 712 012c 1B68     		ldr	r3, [r3]
 713 012e 1846     		mov	r0, r3
 714 0130 FFF7FEFF 		bl	osSemaphoreRelease
 156:Core/Src/radioenge_modem.c ****         osSemaphoreAcquire(RadioStateSemaphoreHandle, osWaitForever);
 715              		.loc 1 156 15
 716 0134 76E7     		b	.L42
 717              	.L45:
 718 0136 00BF     		.align	2
 719              	.L44:
 720 0138 00000000 		.word	ModemLedTimerHandle
 721 013c 00000000 		.word	ModemMngrTaskHandle
 722 0140 00000000 		.word	RadioStateSemaphoreHandle
 723 0144 00000000 		.word	ModemStatusFlagsHandle
 724 0148 00000000 		.word	gRadioState
 725 014c 00000000 		.word	gConfigCmds
 726 0150 00000000 		.word	DutyCycleTimerHandle
 727              		.cfi_endproc
 728              	.LFE232:
ARM GAS  C:\Users\DAELT-~1\AppData\Local\Temp\cc2JXkNO.s 			page 18


 730              		.global	gEncodedString
 731              		.section	.bss.gEncodedString,"aw",%nobits
 732              		.align	2
 735              	gEncodedString:
 736 0000 00000000 		.space	64
 736      00000000 
 736      00000000 
 736      00000000 
 736      00000000 
 737              		.global	gSendBuffer
 738              		.section	.bss.gSendBuffer,"aw",%nobits
 739              		.align	2
 742              	gSendBuffer:
 743 0000 00000000 		.space	80
 743      00000000 
 743      00000000 
 743      00000000 
 743      00000000 
 744              		.section	.text.LoRaSend,"ax",%progbits
 745              		.align	1
 746              		.global	LoRaSend
 747              		.syntax unified
 748              		.thumb
 749              		.thumb_func
 751              	LoRaSend:
 752              	.LFB233:
 208:Core/Src/radioenge_modem.c ****     }
 209:Core/Src/radioenge_modem.c **** }
 210:Core/Src/radioenge_modem.c **** 
 211:Core/Src/radioenge_modem.c **** #define OUT_BUFFER_SIZE (64)
 212:Core/Src/radioenge_modem.c **** uint8_t gEncodedString[OUT_BUFFER_SIZE]; 
 213:Core/Src/radioenge_modem.c **** uint8_t gSendBuffer[OUT_BUFFER_SIZE+16]; 
 214:Core/Src/radioenge_modem.c **** 
 215:Core/Src/radioenge_modem.c **** 
 216:Core/Src/radioenge_modem.c **** osStatus_t LoRaSend(uint32_t LoraWANPort,uint8_t* msg)
 217:Core/Src/radioenge_modem.c **** {   
 753              		.loc 1 217 1
 754              		.cfi_startproc
 755              		@ args = 0, pretend = 0, frame = 8
 756              		@ frame_needed = 1, uses_anonymous_args = 0
 757 0000 80B5     		push	{r7, lr}
 758              	.LCFI25:
 759              		.cfi_def_cfa_offset 8
 760              		.cfi_offset 7, -8
 761              		.cfi_offset 14, -4
 762 0002 82B0     		sub	sp, sp, #8
 763              	.LCFI26:
 764              		.cfi_def_cfa_offset 16
 765 0004 00AF     		add	r7, sp, #0
 766              	.LCFI27:
 767              		.cfi_def_cfa_register 7
 768 0006 7860     		str	r0, [r7, #4]
 769 0008 3960     		str	r1, [r7]
 218:Core/Src/radioenge_modem.c ****     LoRaWaitDutyCycle();
 770              		.loc 1 218 5
 771 000a FFF7FEFF 		bl	LoRaWaitDutyCycle
 219:Core/Src/radioenge_modem.c ****     return LoRaSendNow(LoraWANPort,msg);    
ARM GAS  C:\Users\DAELT-~1\AppData\Local\Temp\cc2JXkNO.s 			page 19


 772              		.loc 1 219 12
 773 000e 3968     		ldr	r1, [r7]
 774 0010 7868     		ldr	r0, [r7, #4]
 775 0012 FFF7FEFF 		bl	LoRaSendNow
 776 0016 0346     		mov	r3, r0
 220:Core/Src/radioenge_modem.c **** }
 777              		.loc 1 220 1
 778 0018 1846     		mov	r0, r3
 779 001a 0837     		adds	r7, r7, #8
 780              	.LCFI28:
 781              		.cfi_def_cfa_offset 8
 782 001c BD46     		mov	sp, r7
 783              	.LCFI29:
 784              		.cfi_def_cfa_register 13
 785              		@ sp needed
 786 001e 80BD     		pop	{r7, pc}
 787              		.cfi_endproc
 788              	.LFE233:
 790              		.section	.rodata
 791 0006 0000     		.align	2
 792              	.LC1:
 793 0008 25303278 		.ascii	"%02x\000"
 793      00
 794              		.section	.text.bin_encode,"ax",%progbits
 795              		.align	1
 796              		.global	bin_encode
 797              		.syntax unified
 798              		.thumb
 799              		.thumb_func
 801              	bin_encode:
 802              	.LFB234:
 221:Core/Src/radioenge_modem.c **** 
 222:Core/Src/radioenge_modem.c **** size_t bin_encode(void* in, size_t in_size, uint8_t* out, size_t max_out_size)
 223:Core/Src/radioenge_modem.c **** {
 803              		.loc 1 223 1
 804              		.cfi_startproc
 805              		@ args = 0, pretend = 0, frame = 32
 806              		@ frame_needed = 1, uses_anonymous_args = 0
 807 0000 80B5     		push	{r7, lr}
 808              	.LCFI30:
 809              		.cfi_def_cfa_offset 8
 810              		.cfi_offset 7, -8
 811              		.cfi_offset 14, -4
 812 0002 88B0     		sub	sp, sp, #32
 813              	.LCFI31:
 814              		.cfi_def_cfa_offset 40
 815 0004 00AF     		add	r7, sp, #0
 816              	.LCFI32:
 817              		.cfi_def_cfa_register 7
 818 0006 F860     		str	r0, [r7, #12]
 819 0008 B960     		str	r1, [r7, #8]
 820 000a 7A60     		str	r2, [r7, #4]
 821 000c 3B60     		str	r3, [r7]
 224:Core/Src/radioenge_modem.c ****     uint8_t* in_ptr = (uint8_t*)in;
 822              		.loc 1 224 14
 823 000e FB68     		ldr	r3, [r7, #12]
 824 0010 FB61     		str	r3, [r7, #28]
ARM GAS  C:\Users\DAELT-~1\AppData\Local\Temp\cc2JXkNO.s 			page 20


 225:Core/Src/radioenge_modem.c ****     size_t offset=0;
 825              		.loc 1 225 12
 826 0012 0023     		movs	r3, #0
 827 0014 BB61     		str	r3, [r7, #24]
 226:Core/Src/radioenge_modem.c ****     size_t iter = in_size;
 828              		.loc 1 226 12
 829 0016 BB68     		ldr	r3, [r7, #8]
 830 0018 7B61     		str	r3, [r7, #20]
 227:Core/Src/radioenge_modem.c ****     size_t i;
 228:Core/Src/radioenge_modem.c ****     //check for buffer overflow
 229:Core/Src/radioenge_modem.c ****     if(max_out_size<in_size*2)
 831              		.loc 1 229 28
 832 001a BB68     		ldr	r3, [r7, #8]
 833 001c 5B00     		lsls	r3, r3, #1
 834              		.loc 1 229 7
 835 001e 3A68     		ldr	r2, [r7]
 836 0020 9A42     		cmp	r2, r3
 837 0022 03D2     		bcs	.L49
 230:Core/Src/radioenge_modem.c ****     {
 231:Core/Src/radioenge_modem.c ****         iter = max_out_size/2;
 838              		.loc 1 231 14
 839 0024 3B68     		ldr	r3, [r7]
 840 0026 5B08     		lsrs	r3, r3, #1
 841 0028 7B61     		str	r3, [r7, #20]
 842 002a 01E0     		b	.L50
 843              	.L49:
 232:Core/Src/radioenge_modem.c ****     }
 233:Core/Src/radioenge_modem.c ****     else
 234:Core/Src/radioenge_modem.c ****     {
 235:Core/Src/radioenge_modem.c ****         iter = in_size;
 844              		.loc 1 235 14
 845 002c BB68     		ldr	r3, [r7, #8]
 846 002e 7B61     		str	r3, [r7, #20]
 847              	.L50:
 236:Core/Src/radioenge_modem.c ****     }
 237:Core/Src/radioenge_modem.c ****     //create the hex string expected by RadioEnge AT
 238:Core/Src/radioenge_modem.c ****     for(i=0;i<iter;i++)
 848              		.loc 1 238 10
 849 0030 0023     		movs	r3, #0
 850 0032 3B61     		str	r3, [r7, #16]
 851              		.loc 1 238 5
 852 0034 10E0     		b	.L51
 853              	.L52:
 239:Core/Src/radioenge_modem.c ****     {
 240:Core/Src/radioenge_modem.c ****         sprintf(out+offset,"%02x",*(in_ptr++));
 854              		.loc 1 240 20
 855 0036 7A68     		ldr	r2, [r7, #4]
 856 0038 BB69     		ldr	r3, [r7, #24]
 857 003a D018     		adds	r0, r2, r3
 858              		.loc 1 240 43
 859 003c FB69     		ldr	r3, [r7, #28]
 860 003e 5A1C     		adds	r2, r3, #1
 861 0040 FA61     		str	r2, [r7, #28]
 862              		.loc 1 240 35
 863 0042 1B78     		ldrb	r3, [r3]	@ zero_extendqisi2
 864              		.loc 1 240 9
 865 0044 1A46     		mov	r2, r3
ARM GAS  C:\Users\DAELT-~1\AppData\Local\Temp\cc2JXkNO.s 			page 21


 866 0046 0949     		ldr	r1, .L54
 867 0048 FFF7FEFF 		bl	sprintf
 241:Core/Src/radioenge_modem.c ****         offset+=2*sizeof(uint8_t);
 868              		.loc 1 241 15
 869 004c BB69     		ldr	r3, [r7, #24]
 870 004e 0233     		adds	r3, r3, #2
 871 0050 BB61     		str	r3, [r7, #24]
 238:Core/Src/radioenge_modem.c ****     {
 872              		.loc 1 238 21 discriminator 3
 873 0052 3B69     		ldr	r3, [r7, #16]
 874 0054 0133     		adds	r3, r3, #1
 875 0056 3B61     		str	r3, [r7, #16]
 876              	.L51:
 238:Core/Src/radioenge_modem.c ****     {
 877              		.loc 1 238 14 discriminator 1
 878 0058 3A69     		ldr	r2, [r7, #16]
 879 005a 7B69     		ldr	r3, [r7, #20]
 880 005c 9A42     		cmp	r2, r3
 881 005e EAD3     		bcc	.L52
 242:Core/Src/radioenge_modem.c ****     }
 243:Core/Src/radioenge_modem.c ****     return offset; //returns the size of the AT buffer
 882              		.loc 1 243 12
 883 0060 BB69     		ldr	r3, [r7, #24]
 244:Core/Src/radioenge_modem.c **** }
 884              		.loc 1 244 1
 885 0062 1846     		mov	r0, r3
 886 0064 2037     		adds	r7, r7, #32
 887              	.LCFI33:
 888              		.cfi_def_cfa_offset 8
 889 0066 BD46     		mov	sp, r7
 890              	.LCFI34:
 891              		.cfi_def_cfa_register 13
 892              		@ sp needed
 893 0068 80BD     		pop	{r7, pc}
 894              	.L55:
 895 006a 00BF     		.align	2
 896              	.L54:
 897 006c 08000000 		.word	.LC1
 898              		.cfi_endproc
 899              	.LFE234:
 901              		.section	.text.LoRaSendB,"ax",%progbits
 902              		.align	1
 903              		.global	LoRaSendB
 904              		.syntax unified
 905              		.thumb
 906              		.thumb_func
 908              	LoRaSendB:
 909              	.LFB235:
 245:Core/Src/radioenge_modem.c **** 
 246:Core/Src/radioenge_modem.c **** osStatus_t LoRaSendB(uint32_t LoraWANPort, uint8_t* msg, size_t size)
 247:Core/Src/radioenge_modem.c **** {
 910              		.loc 1 247 1
 911              		.cfi_startproc
 912              		@ args = 0, pretend = 0, frame = 16
 913              		@ frame_needed = 1, uses_anonymous_args = 0
 914 0000 80B5     		push	{r7, lr}
 915              	.LCFI35:
ARM GAS  C:\Users\DAELT-~1\AppData\Local\Temp\cc2JXkNO.s 			page 22


 916              		.cfi_def_cfa_offset 8
 917              		.cfi_offset 7, -8
 918              		.cfi_offset 14, -4
 919 0002 84B0     		sub	sp, sp, #16
 920              	.LCFI36:
 921              		.cfi_def_cfa_offset 24
 922 0004 00AF     		add	r7, sp, #0
 923              	.LCFI37:
 924              		.cfi_def_cfa_register 7
 925 0006 F860     		str	r0, [r7, #12]
 926 0008 B960     		str	r1, [r7, #8]
 927 000a 7A60     		str	r2, [r7, #4]
 248:Core/Src/radioenge_modem.c ****     LoRaWaitDutyCycle();     
 928              		.loc 1 248 5
 929 000c FFF7FEFF 		bl	LoRaWaitDutyCycle
 249:Core/Src/radioenge_modem.c ****     return LoRaSendBNow(LoraWANPort,msg,size);    
 930              		.loc 1 249 12
 931 0010 7A68     		ldr	r2, [r7, #4]
 932 0012 B968     		ldr	r1, [r7, #8]
 933 0014 F868     		ldr	r0, [r7, #12]
 934 0016 FFF7FEFF 		bl	LoRaSendBNow
 935 001a 0346     		mov	r3, r0
 250:Core/Src/radioenge_modem.c **** }
 936              		.loc 1 250 1
 937 001c 1846     		mov	r0, r3
 938 001e 1037     		adds	r7, r7, #16
 939              	.LCFI38:
 940              		.cfi_def_cfa_offset 8
 941 0020 BD46     		mov	sp, r7
 942              	.LCFI39:
 943              		.cfi_def_cfa_register 13
 944              		@ sp needed
 945 0022 80BD     		pop	{r7, pc}
 946              		.cfi_endproc
 947              	.LFE235:
 949              		.section	.text.LoRaWaitDutyCycle,"ax",%progbits
 950              		.align	1
 951              		.global	LoRaWaitDutyCycle
 952              		.syntax unified
 953              		.thumb
 954              		.thumb_func
 956              	LoRaWaitDutyCycle:
 957              	.LFB236:
 251:Core/Src/radioenge_modem.c **** 
 252:Core/Src/radioenge_modem.c **** 
 253:Core/Src/radioenge_modem.c **** //LoRaSendNow and LoRaSendBNow should only be used in conjunction with LoRaWaitDutyCycle()
 254:Core/Src/radioenge_modem.c **** 
 255:Core/Src/radioenge_modem.c **** void LoRaWaitDutyCycle()
 256:Core/Src/radioenge_modem.c **** {
 958              		.loc 1 256 1
 959              		.cfi_startproc
 960              		@ args = 0, pretend = 0, frame = 0
 961              		@ frame_needed = 1, uses_anonymous_args = 0
 962 0000 80B5     		push	{r7, lr}
 963              	.LCFI40:
 964              		.cfi_def_cfa_offset 8
 965              		.cfi_offset 7, -8
ARM GAS  C:\Users\DAELT-~1\AppData\Local\Temp\cc2JXkNO.s 			page 23


 966              		.cfi_offset 14, -4
 967 0002 00AF     		add	r7, sp, #0
 968              	.LCFI41:
 969              		.cfi_def_cfa_register 7
 257:Core/Src/radioenge_modem.c ****    osEventFlagsWait(ModemStatusFlagsHandle, RADIO_READY, osFlagsWaitAny | osFlagsNoClear, osWaitFor
 970              		.loc 1 257 4
 971 0004 0C4B     		ldr	r3, .L59
 972 0006 1868     		ldr	r0, [r3]
 973 0008 4FF0FF33 		mov	r3, #-1
 974 000c 0222     		movs	r2, #2
 975 000e 0821     		movs	r1, #8
 976 0010 FFF7FEFF 		bl	osEventFlagsWait
 258:Core/Src/radioenge_modem.c ****    osSemaphoreAcquire(LoRaTXSemaphoreHandle,osWaitForever);    
 977              		.loc 1 258 4
 978 0014 094B     		ldr	r3, .L59+4
 979 0016 1B68     		ldr	r3, [r3]
 980 0018 4FF0FF31 		mov	r1, #-1
 981 001c 1846     		mov	r0, r3
 982 001e FFF7FEFF 		bl	osSemaphoreAcquire
 259:Core/Src/radioenge_modem.c ****    osEventFlagsWait(ModemStatusFlagsHandle, RADIO_READY, osFlagsWaitAny | osFlagsNoClear, osWaitFor
 983              		.loc 1 259 4
 984 0022 054B     		ldr	r3, .L59
 985 0024 1868     		ldr	r0, [r3]
 986 0026 4FF0FF33 		mov	r3, #-1
 987 002a 0222     		movs	r2, #2
 988 002c 0821     		movs	r1, #8
 989 002e FFF7FEFF 		bl	osEventFlagsWait
 260:Core/Src/radioenge_modem.c **** }
 990              		.loc 1 260 1
 991 0032 00BF     		nop
 992 0034 80BD     		pop	{r7, pc}
 993              	.L60:
 994 0036 00BF     		.align	2
 995              	.L59:
 996 0038 00000000 		.word	ModemStatusFlagsHandle
 997 003c 00000000 		.word	LoRaTXSemaphoreHandle
 998              		.cfi_endproc
 999              	.LFE236:
 1001              		.section	.rodata
 1002 000d 000000   		.align	2
 1003              	.LC2:
 1004 0010 41542B53 		.ascii	"AT+SEND=%d:%s\015\012\000"
 1004      454E443D 
 1004      25643A25 
 1004      730D0A00 
 1005              		.section	.text.LoRaSendNow,"ax",%progbits
 1006              		.align	1
 1007              		.global	LoRaSendNow
 1008              		.syntax unified
 1009              		.thumb
 1010              		.thumb_func
 1012              	LoRaSendNow:
 1013              	.LFB237:
 261:Core/Src/radioenge_modem.c **** 
 262:Core/Src/radioenge_modem.c **** osStatus_t LoRaSendNow(uint32_t LoraWANPort, uint8_t* msg)
 263:Core/Src/radioenge_modem.c **** {
 1014              		.loc 1 263 1
ARM GAS  C:\Users\DAELT-~1\AppData\Local\Temp\cc2JXkNO.s 			page 24


 1015              		.cfi_startproc
 1016              		@ args = 0, pretend = 0, frame = 16
 1017              		@ frame_needed = 1, uses_anonymous_args = 0
 1018 0000 80B5     		push	{r7, lr}
 1019              	.LCFI42:
 1020              		.cfi_def_cfa_offset 8
 1021              		.cfi_offset 7, -8
 1022              		.cfi_offset 14, -4
 1023 0002 86B0     		sub	sp, sp, #24
 1024              	.LCFI43:
 1025              		.cfi_def_cfa_offset 32
 1026 0004 02AF     		add	r7, sp, #8
 1027              	.LCFI44:
 1028              		.cfi_def_cfa 7, 24
 1029 0006 7860     		str	r0, [r7, #4]
 1030 0008 3960     		str	r1, [r7]
 264:Core/Src/radioenge_modem.c ****     osStatus_t ret = osError;    
 1031              		.loc 1 264 16
 1032 000a 4FF0FF33 		mov	r3, #-1
 1033 000e FB60     		str	r3, [r7, #12]
 265:Core/Src/radioenge_modem.c ****     osSemaphoreAcquire(RadioStateSemaphoreHandle, osWaitForever);
 1034              		.loc 1 265 5
 1035 0010 164B     		ldr	r3, .L64
 1036 0012 1B68     		ldr	r3, [r3]
 1037 0014 4FF0FF31 		mov	r1, #-1
 1038 0018 1846     		mov	r0, r3
 1039 001a FFF7FEFF 		bl	osSemaphoreAcquire
 266:Core/Src/radioenge_modem.c ****     if (gRadioState == RADIO_READY)
 1040              		.loc 1 266 21
 1041 001e 144B     		ldr	r3, .L64+4
 1042 0020 1B78     		ldrb	r3, [r3]
 1043 0022 DBB2     		uxtb	r3, r3
 1044              		.loc 1 266 8
 1045 0024 082B     		cmp	r3, #8
 1046 0026 12D1     		bne	.L62
 267:Core/Src/radioenge_modem.c ****     {
 268:Core/Src/radioenge_modem.c ****         snprintf(gSendBuffer, OUT_BUFFER_SIZE + 16, "AT+SEND=%d:%s\r\n", LoraWANPort, msg);
 1047              		.loc 1 268 9
 1048 0028 3B68     		ldr	r3, [r7]
 1049 002a 0093     		str	r3, [sp]
 1050 002c 7B68     		ldr	r3, [r7, #4]
 1051 002e 114A     		ldr	r2, .L64+8
 1052 0030 5021     		movs	r1, #80
 1053 0032 1148     		ldr	r0, .L64+12
 1054 0034 FFF7FEFF 		bl	snprintf
 269:Core/Src/radioenge_modem.c ****         if (sendRAWAT(gSendBuffer) == AT_TX_OK)
 1055              		.loc 1 269 13
 1056 0038 0F48     		ldr	r0, .L64+12
 1057 003a FFF7FEFF 		bl	sendRAWAT
 1058 003e 0346     		mov	r3, r0
 1059              		.loc 1 269 12 discriminator 1
 1060 0040 012B     		cmp	r3, #1
 1061 0042 04D1     		bne	.L62
 270:Core/Src/radioenge_modem.c ****         {
 271:Core/Src/radioenge_modem.c ****             SetRadioState(RADIO_DUTYCYCLED);
 1062              		.loc 1 271 13
 1063 0044 1020     		movs	r0, #16
ARM GAS  C:\Users\DAELT-~1\AppData\Local\Temp\cc2JXkNO.s 			page 25


 1064 0046 FFF7FEFF 		bl	SetRadioState
 272:Core/Src/radioenge_modem.c ****             ret = osOK;
 1065              		.loc 1 272 17
 1066 004a 0023     		movs	r3, #0
 1067 004c FB60     		str	r3, [r7, #12]
 1068              	.L62:
 273:Core/Src/radioenge_modem.c ****         }        
 274:Core/Src/radioenge_modem.c ****     }    
 275:Core/Src/radioenge_modem.c ****     osSemaphoreRelease(RadioStateSemaphoreHandle);
 1069              		.loc 1 275 5
 1070 004e 074B     		ldr	r3, .L64
 1071 0050 1B68     		ldr	r3, [r3]
 1072 0052 1846     		mov	r0, r3
 1073 0054 FFF7FEFF 		bl	osSemaphoreRelease
 276:Core/Src/radioenge_modem.c ****     osSemaphoreRelease(LoRaTXSemaphoreHandle);
 1074              		.loc 1 276 5
 1075 0058 084B     		ldr	r3, .L64+16
 1076 005a 1B68     		ldr	r3, [r3]
 1077 005c 1846     		mov	r0, r3
 1078 005e FFF7FEFF 		bl	osSemaphoreRelease
 277:Core/Src/radioenge_modem.c ****     return ret;
 1079              		.loc 1 277 12
 1080 0062 FB68     		ldr	r3, [r7, #12]
 278:Core/Src/radioenge_modem.c **** }
 1081              		.loc 1 278 1
 1082 0064 1846     		mov	r0, r3
 1083 0066 1037     		adds	r7, r7, #16
 1084              	.LCFI45:
 1085              		.cfi_def_cfa_offset 8
 1086 0068 BD46     		mov	sp, r7
 1087              	.LCFI46:
 1088              		.cfi_def_cfa_register 13
 1089              		@ sp needed
 1090 006a 80BD     		pop	{r7, pc}
 1091              	.L65:
 1092              		.align	2
 1093              	.L64:
 1094 006c 00000000 		.word	RadioStateSemaphoreHandle
 1095 0070 00000000 		.word	gRadioState
 1096 0074 10000000 		.word	.LC2
 1097 0078 00000000 		.word	gSendBuffer
 1098 007c 00000000 		.word	LoRaTXSemaphoreHandle
 1099              		.cfi_endproc
 1100              	.LFE237:
 1102              		.section	.rodata
 1103              		.align	2
 1104              	.LC3:
 1105 0020 41542B53 		.ascii	"AT+SENDB=%d:%s\015\012\000"
 1105      454E4442 
 1105      3D25643A 
 1105      25730D0A 
 1105      00
 1106              		.section	.text.LoRaSendBNow,"ax",%progbits
 1107              		.align	1
 1108              		.global	LoRaSendBNow
 1109              		.syntax unified
 1110              		.thumb
ARM GAS  C:\Users\DAELT-~1\AppData\Local\Temp\cc2JXkNO.s 			page 26


 1111              		.thumb_func
 1113              	LoRaSendBNow:
 1114              	.LFB238:
 279:Core/Src/radioenge_modem.c **** 
 280:Core/Src/radioenge_modem.c **** osStatus_t LoRaSendBNow(uint32_t LoraWANPort, uint8_t* msg, size_t size)
 281:Core/Src/radioenge_modem.c **** {
 1115              		.loc 1 281 1
 1116              		.cfi_startproc
 1117              		@ args = 0, pretend = 0, frame = 24
 1118              		@ frame_needed = 1, uses_anonymous_args = 0
 1119 0000 80B5     		push	{r7, lr}
 1120              	.LCFI47:
 1121              		.cfi_def_cfa_offset 8
 1122              		.cfi_offset 7, -8
 1123              		.cfi_offset 14, -4
 1124 0002 88B0     		sub	sp, sp, #32
 1125              	.LCFI48:
 1126              		.cfi_def_cfa_offset 40
 1127 0004 02AF     		add	r7, sp, #8
 1128              	.LCFI49:
 1129              		.cfi_def_cfa 7, 32
 1130 0006 F860     		str	r0, [r7, #12]
 1131 0008 B960     		str	r1, [r7, #8]
 1132 000a 7A60     		str	r2, [r7, #4]
 282:Core/Src/radioenge_modem.c ****     osStatus_t ret = osError;
 1133              		.loc 1 282 16
 1134 000c 4FF0FF33 		mov	r3, #-1
 1135 0010 7B61     		str	r3, [r7, #20]
 283:Core/Src/radioenge_modem.c ****     osSemaphoreAcquire(RadioStateSemaphoreHandle, osWaitForever);
 1136              		.loc 1 283 5
 1137 0012 1C4B     		ldr	r3, .L70
 1138 0014 1B68     		ldr	r3, [r3]
 1139 0016 4FF0FF31 		mov	r1, #-1
 1140 001a 1846     		mov	r0, r3
 1141 001c FFF7FEFF 		bl	osSemaphoreAcquire
 284:Core/Src/radioenge_modem.c ****     if (gRadioState == RADIO_READY)
 1142              		.loc 1 284 21
 1143 0020 194B     		ldr	r3, .L70+4
 1144 0022 1B78     		ldrb	r3, [r3]
 1145 0024 DBB2     		uxtb	r3, r3
 1146              		.loc 1 284 8
 1147 0026 082B     		cmp	r3, #8
 1148 0028 1DD1     		bne	.L67
 1149              	.LBB5:
 285:Core/Src/radioenge_modem.c ****     {
 286:Core/Src/radioenge_modem.c ****         size_t encoded_size = bin_encode((void *)(msg), size, gEncodedString, OUT_BUFFER_SIZE);
 1150              		.loc 1 286 31
 1151 002a 4023     		movs	r3, #64
 1152 002c 174A     		ldr	r2, .L70+8
 1153 002e 7968     		ldr	r1, [r7, #4]
 1154 0030 B868     		ldr	r0, [r7, #8]
 1155 0032 FFF7FEFF 		bl	bin_encode
 1156 0036 3861     		str	r0, [r7, #16]
 287:Core/Src/radioenge_modem.c ****         snprintf(gSendBuffer, OUT_BUFFER_SIZE + 16, "AT+SENDB=%d:%s\r\n", LoraWANPort, gEncodedStri
 1157              		.loc 1 287 9
 1158 0038 144B     		ldr	r3, .L70+8
 1159 003a 0093     		str	r3, [sp]
ARM GAS  C:\Users\DAELT-~1\AppData\Local\Temp\cc2JXkNO.s 			page 27


 1160 003c FB68     		ldr	r3, [r7, #12]
 1161 003e 144A     		ldr	r2, .L70+12
 1162 0040 5021     		movs	r1, #80
 1163 0042 1448     		ldr	r0, .L70+16
 1164 0044 FFF7FEFF 		bl	snprintf
 288:Core/Src/radioenge_modem.c ****         if (sendRAWAT(gSendBuffer) == AT_TX_OK)
 1165              		.loc 1 288 13
 1166 0048 1248     		ldr	r0, .L70+16
 1167 004a FFF7FEFF 		bl	sendRAWAT
 1168 004e 0346     		mov	r3, r0
 1169              		.loc 1 288 12 discriminator 1
 1170 0050 012B     		cmp	r3, #1
 1171 0052 05D1     		bne	.L68
 289:Core/Src/radioenge_modem.c ****         {
 290:Core/Src/radioenge_modem.c ****             SetRadioState(RADIO_DUTYCYCLED);
 1172              		.loc 1 290 13
 1173 0054 1020     		movs	r0, #16
 1174 0056 FFF7FEFF 		bl	SetRadioState
 291:Core/Src/radioenge_modem.c ****             ret = osOK;
 1175              		.loc 1 291 17
 1176 005a 0023     		movs	r3, #0
 1177 005c 7B61     		str	r3, [r7, #20]
 1178 005e 02E0     		b	.L67
 1179              	.L68:
 292:Core/Src/radioenge_modem.c ****         }
 293:Core/Src/radioenge_modem.c ****         else
 294:Core/Src/radioenge_modem.c ****         {
 295:Core/Src/radioenge_modem.c ****             SetRadioState(RADIO_RESET);
 1180              		.loc 1 295 13
 1181 0060 0120     		movs	r0, #1
 1182 0062 FFF7FEFF 		bl	SetRadioState
 1183              	.L67:
 1184              	.LBE5:
 296:Core/Src/radioenge_modem.c ****         }
 297:Core/Src/radioenge_modem.c ****     }
 298:Core/Src/radioenge_modem.c ****     osSemaphoreRelease(RadioStateSemaphoreHandle);
 1185              		.loc 1 298 5
 1186 0066 074B     		ldr	r3, .L70
 1187 0068 1B68     		ldr	r3, [r3]
 1188 006a 1846     		mov	r0, r3
 1189 006c FFF7FEFF 		bl	osSemaphoreRelease
 299:Core/Src/radioenge_modem.c ****     osSemaphoreRelease(LoRaTXSemaphoreHandle);
 1190              		.loc 1 299 5
 1191 0070 094B     		ldr	r3, .L70+20
 1192 0072 1B68     		ldr	r3, [r3]
 1193 0074 1846     		mov	r0, r3
 1194 0076 FFF7FEFF 		bl	osSemaphoreRelease
 300:Core/Src/radioenge_modem.c ****     return ret;
 1195              		.loc 1 300 12
 1196 007a 7B69     		ldr	r3, [r7, #20]
 301:Core/Src/radioenge_modem.c **** }
 1197              		.loc 1 301 1
 1198 007c 1846     		mov	r0, r3
 1199 007e 1837     		adds	r7, r7, #24
 1200              	.LCFI50:
 1201              		.cfi_def_cfa_offset 8
 1202 0080 BD46     		mov	sp, r7
ARM GAS  C:\Users\DAELT-~1\AppData\Local\Temp\cc2JXkNO.s 			page 28


 1203              	.LCFI51:
 1204              		.cfi_def_cfa_register 13
 1205              		@ sp needed
 1206 0082 80BD     		pop	{r7, pc}
 1207              	.L71:
 1208              		.align	2
 1209              	.L70:
 1210 0084 00000000 		.word	RadioStateSemaphoreHandle
 1211 0088 00000000 		.word	gRadioState
 1212 008c 00000000 		.word	gEncodedString
 1213 0090 20000000 		.word	.LC3
 1214 0094 00000000 		.word	gSendBuffer
 1215 0098 00000000 		.word	LoRaTXSemaphoreHandle
 1216              		.cfi_endproc
 1217              	.LFE238:
 1219              		.text
 1220              	.Letext0:
 1221              		.file 2 "C:/tools/arm-gnu-toolchain-13.2.rel1-mingw-w64-i686-arm-none-eabi/lib/gcc/arm-none-eabi/1
 1222              		.file 3 "C:/tools/arm-gnu-toolchain-13.2.rel1-mingw-w64-i686-arm-none-eabi/arm-none-eabi/include/m
 1223              		.file 4 "C:/tools/arm-gnu-toolchain-13.2.rel1-mingw-w64-i686-arm-none-eabi/arm-none-eabi/include/s
 1224              		.file 5 "Middlewares/Third_Party/FreeRTOS/Source/CMSIS_RTOS_V2/cmsis_os2.h"
 1225              		.file 6 "Drivers/CMSIS/Device/ST/STM32F4xx/Include/stm32f411xe.h"
 1226              		.file 7 "Drivers/STM32F4xx_HAL_Driver/Inc/stm32f4xx_hal_gpio.h"
 1227              		.file 8 "Core/Inc/radioenge_modem.h"
 1228              		.file 9 "Core/Inc/uart_at.h"
 1229              		.file 10 "C:/tools/arm-gnu-toolchain-13.2.rel1-mingw-w64-i686-arm-none-eabi/arm-none-eabi/include/
ARM GAS  C:\Users\DAELT-~1\AppData\Local\Temp\cc2JXkNO.s 			page 29


DEFINED SYMBOLS
                            *ABS*:00000000 radioenge_modem.c
C:\Users\DAELT-~1\AppData\Local\Temp\cc2JXkNO.s:24     .bss.gJoinedFSM:00000000 gJoinedFSM
C:\Users\DAELT-~1\AppData\Local\Temp\cc2JXkNO.s:25     .bss.gJoinedFSM:00000000 $d
C:\Users\DAELT-~1\AppData\Local\Temp\cc2JXkNO.s:30     .data.gRadioState:00000000 gRadioState
C:\Users\DAELT-~1\AppData\Local\Temp\cc2JXkNO.s:37     .data.gConfigCmds:00000000 gConfigCmds
C:\Users\DAELT-~1\AppData\Local\Temp\cc2JXkNO.s:34     .data.gConfigCmds:00000000 $d
C:\Users\DAELT-~1\AppData\Local\Temp\cc2JXkNO.s:58     .bss.gConsecutiveJoinErrors:00000000 gConsecutiveJoinErrors
C:\Users\DAELT-~1\AppData\Local\Temp\cc2JXkNO.s:55     .bss.gConsecutiveJoinErrors:00000000 $d
C:\Users\DAELT-~1\AppData\Local\Temp\cc2JXkNO.s:61     .text.LoRaWAN_JoinCallback:00000000 $t
C:\Users\DAELT-~1\AppData\Local\Temp\cc2JXkNO.s:67     .text.LoRaWAN_JoinCallback:00000000 LoRaWAN_JoinCallback
C:\Users\DAELT-~1\AppData\Local\Temp\cc2JXkNO.s:292    .text.SetRadioState:00000000 SetRadioState
C:\Users\DAELT-~1\AppData\Local\Temp\cc2JXkNO.s:161    .text.LoRaWAN_JoinCallback:00000074 $d
C:\Users\DAELT-~1\AppData\Local\Temp\cc2JXkNO.s:169    .text.DutyCycleTimerCallback:00000000 $t
C:\Users\DAELT-~1\AppData\Local\Temp\cc2JXkNO.s:175    .text.DutyCycleTimerCallback:00000000 DutyCycleTimerCallback
C:\Users\DAELT-~1\AppData\Local\Temp\cc2JXkNO.s:230    .text.DutyCycleTimerCallback:00000038 $d
C:\Users\DAELT-~1\AppData\Local\Temp\cc2JXkNO.s:236    .rodata:00000000 $d
C:\Users\DAELT-~1\AppData\Local\Temp\cc2JXkNO.s:240    .text.resetRadio:00000000 $t
C:\Users\DAELT-~1\AppData\Local\Temp\cc2JXkNO.s:246    .text.resetRadio:00000000 resetRadio
C:\Users\DAELT-~1\AppData\Local\Temp\cc2JXkNO.s:281    .text.resetRadio:00000020 $d
C:\Users\DAELT-~1\AppData\Local\Temp\cc2JXkNO.s:286    .text.SetRadioState:00000000 $t
C:\Users\DAELT-~1\AppData\Local\Temp\cc2JXkNO.s:334    .text.SetRadioState:00000024 $d
C:\Users\DAELT-~1\AppData\Local\Temp\cc2JXkNO.s:340    .text.ModemLedCallback:00000000 $t
C:\Users\DAELT-~1\AppData\Local\Temp\cc2JXkNO.s:346    .text.ModemLedCallback:00000000 ModemLedCallback
C:\Users\DAELT-~1\AppData\Local\Temp\cc2JXkNO.s:375    .text.ModemLedCallback:0000001c $d
C:\Users\DAELT-~1\AppData\Local\Temp\cc2JXkNO.s:391    .text.ModemLedCallback:0000005c $t
C:\Users\DAELT-~1\AppData\Local\Temp\cc2JXkNO.s:536    .text.ModemLedCallback:00000150 $d
C:\Users\DAELT-~1\AppData\Local\Temp\cc2JXkNO.s:542    .text.ModemManagerTaskCode:00000000 $t
C:\Users\DAELT-~1\AppData\Local\Temp\cc2JXkNO.s:548    .text.ModemManagerTaskCode:00000000 ModemManagerTaskCode
C:\Users\DAELT-~1\AppData\Local\Temp\cc2JXkNO.s:611    .text.ModemManagerTaskCode:00000060 $d
C:\Users\DAELT-~1\AppData\Local\Temp\cc2JXkNO.s:627    .text.ModemManagerTaskCode:000000a0 $t
C:\Users\DAELT-~1\AppData\Local\Temp\cc2JXkNO.s:720    .text.ModemManagerTaskCode:00000138 $d
C:\Users\DAELT-~1\AppData\Local\Temp\cc2JXkNO.s:735    .bss.gEncodedString:00000000 gEncodedString
C:\Users\DAELT-~1\AppData\Local\Temp\cc2JXkNO.s:732    .bss.gEncodedString:00000000 $d
C:\Users\DAELT-~1\AppData\Local\Temp\cc2JXkNO.s:742    .bss.gSendBuffer:00000000 gSendBuffer
C:\Users\DAELT-~1\AppData\Local\Temp\cc2JXkNO.s:739    .bss.gSendBuffer:00000000 $d
C:\Users\DAELT-~1\AppData\Local\Temp\cc2JXkNO.s:745    .text.LoRaSend:00000000 $t
C:\Users\DAELT-~1\AppData\Local\Temp\cc2JXkNO.s:751    .text.LoRaSend:00000000 LoRaSend
C:\Users\DAELT-~1\AppData\Local\Temp\cc2JXkNO.s:956    .text.LoRaWaitDutyCycle:00000000 LoRaWaitDutyCycle
C:\Users\DAELT-~1\AppData\Local\Temp\cc2JXkNO.s:1012   .text.LoRaSendNow:00000000 LoRaSendNow
C:\Users\DAELT-~1\AppData\Local\Temp\cc2JXkNO.s:795    .text.bin_encode:00000000 $t
C:\Users\DAELT-~1\AppData\Local\Temp\cc2JXkNO.s:801    .text.bin_encode:00000000 bin_encode
C:\Users\DAELT-~1\AppData\Local\Temp\cc2JXkNO.s:897    .text.bin_encode:0000006c $d
C:\Users\DAELT-~1\AppData\Local\Temp\cc2JXkNO.s:902    .text.LoRaSendB:00000000 $t
C:\Users\DAELT-~1\AppData\Local\Temp\cc2JXkNO.s:908    .text.LoRaSendB:00000000 LoRaSendB
C:\Users\DAELT-~1\AppData\Local\Temp\cc2JXkNO.s:1113   .text.LoRaSendBNow:00000000 LoRaSendBNow
C:\Users\DAELT-~1\AppData\Local\Temp\cc2JXkNO.s:950    .text.LoRaWaitDutyCycle:00000000 $t
C:\Users\DAELT-~1\AppData\Local\Temp\cc2JXkNO.s:996    .text.LoRaWaitDutyCycle:00000038 $d
C:\Users\DAELT-~1\AppData\Local\Temp\cc2JXkNO.s:1006   .text.LoRaSendNow:00000000 $t
C:\Users\DAELT-~1\AppData\Local\Temp\cc2JXkNO.s:1094   .text.LoRaSendNow:0000006c $d
C:\Users\DAELT-~1\AppData\Local\Temp\cc2JXkNO.s:1107   .text.LoRaSendBNow:00000000 $t
C:\Users\DAELT-~1\AppData\Local\Temp\cc2JXkNO.s:1210   .text.LoRaSendBNow:00000084 $d

UNDEFINED SYMBOLS
osSemaphoreAcquire
osThreadFlagsSet
osSemaphoreRelease
ARM GAS  C:\Users\DAELT-~1\AppData\Local\Temp\cc2JXkNO.s 			page 30


RadioStateSemaphoreHandle
ModemMngrTaskHandle
osDelay
sendRAWAT
HAL_GPIO_TogglePin
HAL_GPIO_WritePin
osTimerStart
osThreadFlagsWait
osEventFlagsClear
osEventFlagsSet
ModemLedTimerHandle
ModemStatusFlagsHandle
DutyCycleTimerHandle
sprintf
osEventFlagsWait
LoRaTXSemaphoreHandle
snprintf
