ARM GAS  C:\Users\DAELT-~1\AppData\Local\Temp\cckZIBYV.s 			page 1


   1              		.cpu cortex-m4
   2              		.arch armv7e-m
   3              		.fpu fpv4-sp-d16
   4              		.eabi_attribute 27, 1
   5              		.eabi_attribute 28, 1
   6              		.eabi_attribute 20, 1
   7              		.eabi_attribute 21, 1
   8              		.eabi_attribute 23, 3
   9              		.eabi_attribute 24, 1
  10              		.eabi_attribute 25, 1
  11              		.eabi_attribute 26, 1
  12              		.eabi_attribute 30, 6
  13              		.eabi_attribute 34, 1
  14              		.eabi_attribute 18, 4
  15              		.file	"uart_at.c"
  16              		.text
  17              	.Ltext0:
  18              		.cfi_sections	.debug_frame
  19              		.file 1 "Core/Src/uart_at.c"
  20              		.global	cmd_buffer
  21              		.section	.bss.cmd_buffer,"aw",%nobits
  22              		.align	2
  25              	cmd_buffer:
  26 0000 00000000 		.space	20
  26      00000000 
  26      00000000 
  26      00000000 
  26      00000000 
  27              		.global	cmd_len
  28              		.section	.bss.cmd_len,"aw",%nobits
  31              	cmd_len:
  32 0000 00       		.space	1
  33              		.global	byte
  34              		.section	.bss.byte,"aw",%nobits
  37              	byte:
  38 0000 00       		.space	1
  39              		.global	mpid_ATCMD_MemPool
  40              		.section	.bss.mpid_ATCMD_MemPool,"aw",%nobits
  41              		.align	2
  44              	mpid_ATCMD_MemPool:
  45 0000 00000000 		.space	4
  46              		.global	mpid_LoRaPayload_MemPool
  47              		.section	.bss.mpid_LoRaPayload_MemPool,"aw",%nobits
  48              		.align	2
  51              	mpid_LoRaPayload_MemPool:
  52 0000 00000000 		.space	4
  53              		.global	AT_COMMANDS
  54              		.section	.rodata.AT_COMMANDS,"a"
  55              		.align	2
  58              	AT_COMMANDS:
  59 0000 00       		.byte	0
  60 0001 08       		.byte	8
  61 0002 03       		.byte	3
  62 0003 00       		.space	1
  63 0004 2C010000 		.word	300
  64 0008 41545A00 		.ascii	"ATZ\000"
  65 000c 00000000 		.space	12
ARM GAS  C:\Users\DAELT-~1\AppData\Local\Temp\cckZIBYV.s 			page 2


  65      00000000 
  65      00000000 
  66 0018 01       		.byte	1
  67 0019 00       		.byte	0
  68 001a 03       		.byte	3
  69 001b 00       		.space	1
  70 001c 2C010000 		.word	300
  71 0020 41542B43 		.ascii	"AT+CFM\000"
  71      464D00
  72 0027 00000000 		.space	9
  72      00000000 
  72      00
  73 0030 02       		.byte	2
  74 0031 00       		.byte	0
  75 0032 03       		.byte	3
  76 0033 00       		.space	1
  77 0034 2C010000 		.word	300
  78 0038 41542B41 		.ascii	"AT+APPKEY\000"
  78      50504B45 
  78      5900
  79 0042 00000000 		.space	6
  79      0000
  80 0048 03       		.byte	3
  81 0049 00       		.byte	0
  82 004a 03       		.byte	3
  83 004b 00       		.space	1
  84 004c 2C010000 		.word	300
  85 0050 41542B41 		.ascii	"AT+APPEUI\000"
  85      50504555 
  85      4900
  86 005a 00000000 		.space	6
  86      0000
  87 0060 04       		.byte	4
  88 0061 00       		.byte	0
  89 0062 03       		.byte	3
  90 0063 00       		.space	1
  91 0064 2C010000 		.word	300
  92 0068 41542B41 		.ascii	"AT+ADR\000"
  92      445200
  93 006f 00000000 		.space	9
  93      00000000 
  93      00
  94 0078 05       		.byte	5
  95 0079 00       		.byte	0
  96 007a 03       		.byte	3
  97 007b 00       		.space	1
  98 007c 2C010000 		.word	300
  99 0080 41542B4E 		.ascii	"AT+NJM\000"
  99      4A4D00
 100 0087 00000000 		.space	9
 100      00000000 
 100      00
 101 0090 06       		.byte	6
 102 0091 00       		.byte	0
 103 0092 03       		.byte	3
 104 0093 00       		.space	1
 105 0094 2C010000 		.word	300
ARM GAS  C:\Users\DAELT-~1\AppData\Local\Temp\cckZIBYV.s 			page 3


 106 0098 41542B4A 		.ascii	"AT+JOIN\000"
 106      4F494E00 
 107 00a0 00000000 		.space	8
 107      00000000 
 108 00a8 07       		.byte	7
 109 00a9 00       		.byte	0
 110 00aa 03       		.byte	3
 111 00ab 00       		.space	1
 112 00ac 2C010000 		.word	300
 113 00b0 41542B43 		.ascii	"AT+CHMASK\000"
 113      484D4153 
 113      4B00
 114 00ba 00000000 		.space	6
 114      0000
 115 00c0 08       		.byte	8
 116 00c1 01       		.byte	1
 117 00c2 03       		.byte	3
 118 00c3 00       		.space	1
 119 00c4 2C010000 		.word	300
 120 00c8 41542B53 		.ascii	"AT+SENDB\000"
 120      454E4442 
 120      00
 121 00d1 00000000 		.space	7
 121      000000
 122 00d8 09       		.byte	9
 123 00d9 01       		.byte	1
 124 00da 03       		.byte	3
 125 00db 00       		.space	1
 126 00dc 2C010000 		.word	300
 127 00e0 41542B53 		.ascii	"AT+SEND\000"
 127      454E4400 
 128 00e8 00000000 		.space	8
 128      00000000 
 129 00f0 0A       		.byte	10
 130 00f1 00       		.byte	0
 131 00f2 03       		.byte	3
 132 00f3 00       		.space	1
 133 00f4 2C010000 		.word	300
 134 00f8 41540D0A 		.ascii	"AT\015\012\000"
 134      00
 135 00fd 00000000 		.space	11
 135      00000000 
 135      000000
 136 0108 0B       		.byte	11
 137 0109 00       		.byte	0
 138 010a 03       		.byte	3
 139 010b 00       		.space	1
 140 010c 2C010000 		.word	300
 141 0110 554E4445 		.ascii	"UNDEFINED\000"
 141      46494E45 
 141      4400
 142 011a 00000000 		.space	6
 142      0000
 143              		.global	AT_RESPONSES
 144              		.section	.rodata.AT_RESPONSES,"a"
 145              		.align	2
 148              	AT_RESPONSES:
ARM GAS  C:\Users\DAELT-~1\AppData\Local\Temp\cckZIBYV.s 			page 4


 149 0000 00       		.byte	0
 150 0001 41545F4F 		.ascii	"AT_OK\000"
 150      4B00
 151 0007 00000000 		.space	18
 151      00000000 
 151      00000000 
 151      00000000 
 151      0000
 152 0019 01       		.byte	1
 153 001a 41545F54 		.ascii	"AT_TX_OK\000"
 153      585F4F4B 
 153      00
 154 0023 00000000 		.space	15
 154      00000000 
 154      00000000 
 154      000000
 155 0032 02       		.byte	2
 156 0033 52583A00 		.ascii	"RX:\000"
 157 0037 00000000 		.space	20
 157      00000000 
 157      00000000 
 157      00000000 
 157      00000000 
 158 004b 03       		.byte	3
 159 004c 41545F45 		.ascii	"AT_ERROR\000"
 159      52524F52 
 159      00
 160 0055 00000000 		.space	15
 160      00000000 
 160      00000000 
 160      000000
 161 0064 04       		.byte	4
 162 0065 41545F4A 		.ascii	"AT_JOIN_OK\000"
 162      4F494E5F 
 162      4F4B00
 163 0070 00000000 		.space	13
 163      00000000 
 163      00000000 
 163      00
 164 007d 05       		.byte	5
 165 007e 41545F54 		.ascii	"AT_TIMEOUT\000"
 165      494D454F 
 165      555400
 166 0089 00000000 		.space	13
 166      00000000 
 166      00000000 
 166      00
 167 0096 06       		.byte	6
 168 0097 41545F42 		.ascii	"AT_BUSY\000"
 168      55535900 
 169 009f 00000000 		.space	16
 169      00000000 
 169      00000000 
 169      00000000 
 170 00af 07       		.byte	7
 171 00b0 41545F4A 		.ascii	"AT_JOIN_ERROR\000"
 171      4F494E5F 
ARM GAS  C:\Users\DAELT-~1\AppData\Local\Temp\cckZIBYV.s 			page 5


 171      4552524F 
 171      5200
 172 00be 00000000 		.space	10
 172      00000000 
 172      0000
 173 00c8 08       		.byte	8
 174 00c9 52616469 		.ascii	"Radioenge\000"
 174      6F656E67 
 174      6500
 175 00d3 00000000 		.space	14
 175      00000000 
 175      00000000 
 175      0000
 176 00e1 09       		.byte	9
 177 00e2 41545F4E 		.ascii	"AT_NO_NETWORK_JOINED\000"
 177      4F5F4E45 
 177      54574F52 
 177      4B5F4A4F 
 177      494E4544 
 178 00f7 000000   		.space	3
 179 00fa 0A       		.byte	10
 180 00fb 554E4445 		.ascii	"UNDEFINED\000"
 180      46494E45 
 180      4400
 181 0105 00000000 		.space	14
 181      00000000 
 181      00000000 
 181      0000
 182              		.global	gPendingResponse
 183              		.section	.bss.gPendingResponse,"aw",%nobits
 186              	gPendingResponse:
 187 0000 00       		.space	1
 188              		.global	gATPayload
 189              		.section	.bss.gATPayload,"aw",%nobits
 190              		.align	2
 193              	gATPayload:
 194 0000 00000000 		.space	64
 194      00000000 
 194      00000000 
 194      00000000 
 194      00000000 
 195              		.section	.text.sendRAWAT,"ax",%progbits
 196              		.align	1
 197              		.global	sendRAWAT
 198              		.syntax unified
 199              		.thumb
 200              		.thumb_func
 202              	sendRAWAT:
 203              	.LFB7:
   1:Core/Src/uart_at.c **** #include "cmsis_os.h"
   2:Core/Src/uart_at.c **** #include "cmsis_os2.h"
   3:Core/Src/uart_at.c **** #include "uart_at.h"
   4:Core/Src/uart_at.c **** #include "uartRingBufDMA.h"
   5:Core/Src/uart_at.c **** #include <stdio.h>
   6:Core/Src/uart_at.c **** 
   7:Core/Src/uart_at.c **** uint8_t cmd_buffer[20];
   8:Core/Src/uart_at.c **** uint8_t cmd_len = 0;
ARM GAS  C:\Users\DAELT-~1\AppData\Local\Temp\cckZIBYV.s 			page 6


   9:Core/Src/uart_at.c **** uint8_t byte = 0;
  10:Core/Src/uart_at.c **** osMemoryPoolId_t mpid_ATCMD_MemPool; // memory pool id
  11:Core/Src/uart_at.c **** osMemoryPoolId_t mpid_LoRaPayload_MemPool; // memory pool id
  12:Core/Src/uart_at.c **** extern osMessageQueueId_t uartQueueHandle;
  13:Core/Src/uart_at.c **** 
  14:Core/Src/uart_at.c **** ATResponse ParseAT(char *buffer);
  15:Core/Src/uart_at.c **** ATResponse ParseResponse(char *buffer);
  16:Core/Src/uart_at.c **** 
  17:Core/Src/uart_at.c **** const AT_CMD_DEF_t AT_COMMANDS[NUM_AT_COMMANDS] =
  18:Core/Src/uart_at.c ****     {
  19:Core/Src/uart_at.c ****         {.command = ATZ, .expected_response = AT_RESET, .retries = 3, .timeout_ms = 300, .command_s
  20:Core/Src/uart_at.c ****         {.command = AT_CFM, .expected_response = AT_OK, .retries = 3, .timeout_ms = 300, .command_s
  21:Core/Src/uart_at.c ****         {.command = AT_APPKEY, .expected_response = AT_OK, .retries = 3, .timeout_ms = 300, .comman
  22:Core/Src/uart_at.c ****         {.command = AT_APPEUI, .expected_response = AT_OK, .retries = 3, .timeout_ms = 300, .comman
  23:Core/Src/uart_at.c ****         {.command = AT_ADR, .expected_response = AT_OK, .retries = 3, .timeout_ms = 300, .command_s
  24:Core/Src/uart_at.c ****         {.command = AT_NJM, .expected_response = AT_OK, .retries = 3, .timeout_ms = 300, .command_s
  25:Core/Src/uart_at.c ****         {.command = AT_JOIN, .expected_response = AT_OK, .retries = 3, .timeout_ms = 300, .command_
  26:Core/Src/uart_at.c ****         {.command = AT_CHMASK, .expected_response = AT_OK, .retries = 3, .timeout_ms = 300, .comman
  27:Core/Src/uart_at.c ****         {.command = AT_SENDB, .expected_response = AT_TX_OK, .retries = 3, .timeout_ms = 300, .comm
  28:Core/Src/uart_at.c ****         {.command = AT_SEND, .expected_response = AT_TX_OK, .retries = 3, .timeout_ms = 300, .comma
  29:Core/Src/uart_at.c ****         {.command = AT, .expected_response = AT_OK, .retries = 3, .timeout_ms = 300, .command_strin
  30:Core/Src/uart_at.c ****         {.command = AT_COMMAND_UNDEFINED, .expected_response = AT_OK, .retries = 3, .timeout_ms = 3
  31:Core/Src/uart_at.c **** 
  32:Core/Src/uart_at.c **** const AT_RESPONSE_DEF_t AT_RESPONSES[NUM_AT_RESPONSES] =
  33:Core/Src/uart_at.c ****     {
  34:Core/Src/uart_at.c ****         {.response = AT_OK, .response_string = "AT_OK"},
  35:Core/Src/uart_at.c ****         {.response = AT_TX_OK, .response_string = "AT_TX_OK"},
  36:Core/Src/uart_at.c ****         {.response = AT_RX_OK, .response_string = "RX:"},
  37:Core/Src/uart_at.c ****         {.response = AT_ERROR, .response_string = "AT_ERROR"},
  38:Core/Src/uart_at.c ****         {.response = AT_JOINED, .response_string = "AT_JOIN_OK"},
  39:Core/Src/uart_at.c ****         {.response = AT_TIMEOUT, .response_string = "AT_TIMEOUT"},
  40:Core/Src/uart_at.c ****         {.response = AT_BUSY, .response_string = "AT_BUSY"},
  41:Core/Src/uart_at.c ****         {.response = AT_JOIN_ERROR, .response_string = "AT_JOIN_ERROR"},
  42:Core/Src/uart_at.c ****         {.response = AT_RESET, .response_string = "Radioenge"},
  43:Core/Src/uart_at.c ****         {.response = AT_NO_NETWORK_JOINED, .response_string = "AT_NO_NETWORK_JOINED"},
  44:Core/Src/uart_at.c ****         {.response = AT_RESPONSE_UNDEFINED, .response_string = "UNDEFINED"}};
  45:Core/Src/uart_at.c **** 
  46:Core/Src/uart_at.c **** extern void LoRaWAN_RxEventCallback(uint8_t *data, uint32_t length, uint32_t port, int32_t rssi, in
  47:Core/Src/uart_at.c **** extern void LoRaWAN_JoinCallback(ATResponse response);
  48:Core/Src/uart_at.c **** 
  49:Core/Src/uart_at.c **** ATResponse gPendingResponse;
  50:Core/Src/uart_at.c **** UART_MEM_BLOCK_t gATPayload;
  51:Core/Src/uart_at.c **** 
  52:Core/Src/uart_at.c **** ATResponse sendRAWAT(uint8_t *cmd)
  53:Core/Src/uart_at.c **** {    
 204              		.loc 1 53 1
 205              		.cfi_startproc
 206              		@ args = 0, pretend = 0, frame = 24
 207              		@ frame_needed = 1, uses_anonymous_args = 0
 208 0000 90B5     		push	{r4, r7, lr}
 209              	.LCFI0:
 210              		.cfi_def_cfa_offset 12
 211              		.cfi_offset 4, -12
 212              		.cfi_offset 7, -8
 213              		.cfi_offset 14, -4
 214 0002 87B0     		sub	sp, sp, #28
 215              	.LCFI1:
ARM GAS  C:\Users\DAELT-~1\AppData\Local\Temp\cckZIBYV.s 			page 7


 216              		.cfi_def_cfa_offset 40
 217 0004 00AF     		add	r7, sp, #0
 218              	.LCFI2:
 219              		.cfi_def_cfa_register 7
 220 0006 7860     		str	r0, [r7, #4]
  54:Core/Src/uart_at.c ****     CMD_t* pATCommand;
  55:Core/Src/uart_at.c ****     osStatus_t ret;
  56:Core/Src/uart_at.c ****     uint32_t retries = 0, flags = 0;
 221              		.loc 1 56 14
 222 0008 0023     		movs	r3, #0
 223 000a 7B61     		str	r3, [r7, #20]
 224              		.loc 1 56 27
 225 000c 0023     		movs	r3, #0
 226 000e 3B61     		str	r3, [r7, #16]
  57:Core/Src/uart_at.c ****     osSemaphoreAcquire(ATCommandSemaphoreHandle, osWaitForever);
 227              		.loc 1 57 5
 228 0010 424B     		ldr	r3, .L9
 229 0012 1B68     		ldr	r3, [r3]
 230 0014 4FF0FF31 		mov	r1, #-1
 231 0018 1846     		mov	r0, r3
 232 001a FFF7FEFF 		bl	osSemaphoreAcquire
  58:Core/Src/uart_at.c ****     pATCommand = (CMD_t *)osMemoryPoolAlloc(mpid_ATCMD_MemPool, 0U); // get Mem Block
 233              		.loc 1 58 27
 234 001e 404B     		ldr	r3, .L9+4
 235 0020 1B68     		ldr	r3, [r3]
 236 0022 0021     		movs	r1, #0
 237 0024 1846     		mov	r0, r3
 238 0026 FFF7FEFF 		bl	osMemoryPoolAlloc
 239 002a 0346     		mov	r3, r0
 240              		.loc 1 58 16 discriminator 1
 241 002c BB60     		str	r3, [r7, #8]
  59:Core/Src/uart_at.c ****     if(pATCommand != NULL)
 242              		.loc 1 59 19
 243 002e BB68     		ldr	r3, [r7, #8]
 244              		.loc 1 59 7
 245 0030 002B     		cmp	r3, #0
 246 0032 65D0     		beq	.L2
  60:Core/Src/uart_at.c ****     {
  61:Core/Src/uart_at.c ****         pATCommand->command = ParseAT(cmd);
 247              		.loc 1 61 19
 248 0034 BC68     		ldr	r4, [r7, #8]
 249              		.loc 1 61 31
 250 0036 7868     		ldr	r0, [r7, #4]
 251 0038 FFF7FEFF 		bl	ParseAT
 252 003c 0346     		mov	r3, r0
 253              		.loc 1 61 29 discriminator 1
 254 003e 2370     		strb	r3, [r4]
  62:Core/Src/uart_at.c ****         pATCommand->response = AT_RESPONSE_UNDEFINED;
 255              		.loc 1 62 19
 256 0040 BB68     		ldr	r3, [r7, #8]
 257              		.loc 1 62 30
 258 0042 0A22     		movs	r2, #10
 259 0044 5A70     		strb	r2, [r3, #1]
  63:Core/Src/uart_at.c ****         if(pATCommand->command != AT_COMMAND_UNDEFINED )
 260              		.loc 1 63 22
 261 0046 BB68     		ldr	r3, [r7, #8]
 262 0048 1B78     		ldrb	r3, [r3]	@ zero_extendqisi2
ARM GAS  C:\Users\DAELT-~1\AppData\Local\Temp\cckZIBYV.s 			page 8


 263              		.loc 1 63 11
 264 004a 0B2B     		cmp	r3, #11
 265 004c 4DD0     		beq	.L3
 266              	.LBB2:
  64:Core/Src/uart_at.c ****         {
  65:Core/Src/uart_at.c ****             memcpy(gATPayload.Buf,cmd,strlen(cmd)+1);
 267              		.loc 1 65 39
 268 004e 7868     		ldr	r0, [r7, #4]
 269 0050 FFF7FEFF 		bl	strlen
 270 0054 0346     		mov	r3, r0
 271              		.loc 1 65 13 discriminator 1
 272 0056 0133     		adds	r3, r3, #1
 273 0058 1A46     		mov	r2, r3
 274 005a 7968     		ldr	r1, [r7, #4]
 275 005c 3148     		ldr	r0, .L9+8
 276 005e FFF7FEFF 		bl	memcpy
  66:Core/Src/uart_at.c ****             pATCommand->tx_payload = &gATPayload;
 277              		.loc 1 66 23
 278 0062 BB68     		ldr	r3, [r7, #8]
 279              		.loc 1 66 36
 280 0064 2F4A     		ldr	r2, .L9+8
 281 0066 5A60     		str	r2, [r3, #4]
  67:Core/Src/uart_at.c ****             gPendingResponse = AT_RESPONSE_UNDEFINED;
 282              		.loc 1 67 30
 283 0068 2F4B     		ldr	r3, .L9+12
 284 006a 0A22     		movs	r2, #10
 285 006c 1A70     		strb	r2, [r3]
  68:Core/Src/uart_at.c ****             pATCommand->RequestedBy = osThreadGetId();	
 286              		.loc 1 68 23
 287 006e BC68     		ldr	r4, [r7, #8]
 288              		.loc 1 68 39
 289 0070 FFF7FEFF 		bl	osThreadGetId
 290 0074 0346     		mov	r3, r0
 291              		.loc 1 68 37 discriminator 1
 292 0076 A360     		str	r3, [r4, #8]
 293              	.L6:
  69:Core/Src/uart_at.c ****             do
  70:Core/Src/uart_at.c ****             {
  71:Core/Src/uart_at.c ****                 ret = osMessageQueuePut(ATQueueHandle, &pATCommand, 0U, 250U);
 294              		.loc 1 71 23
 295 0078 2C4B     		ldr	r3, .L9+16
 296 007a 1868     		ldr	r0, [r3]
 297 007c 07F10801 		add	r1, r7, #8
 298 0080 FA23     		movs	r3, #250
 299 0082 0022     		movs	r2, #0
 300 0084 FFF7FEFF 		bl	osMessageQueuePut
 301 0088 F860     		str	r0, [r7, #12]
  72:Core/Src/uart_at.c ****                 if (ret != osOK)
 302              		.loc 1 72 20
 303 008a FB68     		ldr	r3, [r7, #12]
 304 008c 002B     		cmp	r3, #0
 305 008e 16D0     		beq	.L4
  73:Core/Src/uart_at.c ****                 {
  74:Core/Src/uart_at.c ****                     if(retries++>4)
 306              		.loc 1 74 31
 307 0090 7B69     		ldr	r3, [r7, #20]
 308 0092 5A1C     		adds	r2, r3, #1
ARM GAS  C:\Users\DAELT-~1\AppData\Local\Temp\cckZIBYV.s 			page 9


 309 0094 7A61     		str	r2, [r7, #20]
 310              		.loc 1 74 23
 311 0096 042B     		cmp	r3, #4
 312 0098 11D9     		bls	.L4
  75:Core/Src/uart_at.c ****                     {
  76:Core/Src/uart_at.c ****                         gPendingResponse = AT_ERROR;
 313              		.loc 1 76 42
 314 009a 234B     		ldr	r3, .L9+12
 315 009c 0322     		movs	r2, #3
 316 009e 1A70     		strb	r2, [r3]
  77:Core/Src/uart_at.c ****                         osMemoryPoolFree(mpid_ATCMD_MemPool,pATCommand);
 317              		.loc 1 77 25
 318 00a0 1F4B     		ldr	r3, .L9+4
 319 00a2 1B68     		ldr	r3, [r3]
 320 00a4 BA68     		ldr	r2, [r7, #8]
 321 00a6 1146     		mov	r1, r2
 322 00a8 1846     		mov	r0, r3
 323 00aa FFF7FEFF 		bl	osMemoryPoolFree
  78:Core/Src/uart_at.c ****                         osSemaphoreRelease(ATCommandSemaphoreHandle);
 324              		.loc 1 78 25
 325 00ae 1B4B     		ldr	r3, .L9
 326 00b0 1B68     		ldr	r3, [r3]
 327 00b2 1846     		mov	r0, r3
 328 00b4 FFF7FEFF 		bl	osSemaphoreRelease
  79:Core/Src/uart_at.c ****                         return gPendingResponse;
 329              		.loc 1 79 32
 330 00b8 1B4B     		ldr	r3, .L9+12
 331 00ba 1B78     		ldrb	r3, [r3]	@ zero_extendqisi2
 332 00bc 2AE0     		b	.L8
 333              	.L4:
  80:Core/Src/uart_at.c ****                     }
  81:Core/Src/uart_at.c ****                 }
  82:Core/Src/uart_at.c ****             }while(ret != osOK);
 334              		.loc 1 82 24
 335 00be FB68     		ldr	r3, [r7, #12]
 336 00c0 002B     		cmp	r3, #0
 337 00c2 D9D1     		bne	.L6
  83:Core/Src/uart_at.c ****             //wait for response
  84:Core/Src/uart_at.c ****             osThreadFlagsClear (SEND_RAW_AT_WAIT_SUCCESS_FLAG | SEND_RAW_AT_WAIT_FAILURE_FLAG);    
 338              		.loc 1 84 13
 339 00c4 C020     		movs	r0, #192
 340 00c6 FFF7FEFF 		bl	osThreadFlagsClear
  85:Core/Src/uart_at.c ****             flags = osThreadFlagsWait (SEND_RAW_AT_WAIT_SUCCESS_FLAG | SEND_RAW_AT_WAIT_FAILURE_FLA
 341              		.loc 1 85 21
 342 00ca 4FF0FF32 		mov	r2, #-1
 343 00ce 0021     		movs	r1, #0
 344 00d0 C020     		movs	r0, #192
 345 00d2 FFF7FEFF 		bl	osThreadFlagsWait
 346 00d6 3861     		str	r0, [r7, #16]
  86:Core/Src/uart_at.c ****             if(flags & SEND_RAW_AT_WAIT_FAILURE_FLAG)
 347              		.loc 1 86 22
 348 00d8 3B69     		ldr	r3, [r7, #16]
 349 00da 03F08003 		and	r3, r3, #128
 350              		.loc 1 86 15
 351 00de 002B     		cmp	r3, #0
 352 00e0 11D0     		beq	.L7
  87:Core/Src/uart_at.c ****             {
ARM GAS  C:\Users\DAELT-~1\AppData\Local\Temp\cckZIBYV.s 			page 10


  88:Core/Src/uart_at.c ****                 gPendingResponse = AT_ERROR;
 353              		.loc 1 88 34
 354 00e2 114B     		ldr	r3, .L9+12
 355 00e4 0322     		movs	r2, #3
 356 00e6 1A70     		strb	r2, [r3]
 357 00e8 0DE0     		b	.L7
 358              	.L3:
 359              	.LBE2:
  89:Core/Src/uart_at.c ****             }
  90:Core/Src/uart_at.c ****         }
  91:Core/Src/uart_at.c ****         else
  92:Core/Src/uart_at.c ****         {
  93:Core/Src/uart_at.c ****             osMemoryPoolFree(mpid_ATCMD_MemPool,pATCommand);
 360              		.loc 1 93 13
 361 00ea 0D4B     		ldr	r3, .L9+4
 362 00ec 1B68     		ldr	r3, [r3]
 363 00ee BA68     		ldr	r2, [r7, #8]
 364 00f0 1146     		mov	r1, r2
 365 00f2 1846     		mov	r0, r3
 366 00f4 FFF7FEFF 		bl	osMemoryPoolFree
  94:Core/Src/uart_at.c ****             gPendingResponse = AT_ERROR;
 367              		.loc 1 94 30
 368 00f8 0B4B     		ldr	r3, .L9+12
 369 00fa 0322     		movs	r2, #3
 370 00fc 1A70     		strb	r2, [r3]
 371 00fe 02E0     		b	.L7
 372              	.L2:
  95:Core/Src/uart_at.c ****         }
  96:Core/Src/uart_at.c ****     }
  97:Core/Src/uart_at.c ****     else
  98:Core/Src/uart_at.c ****     {
  99:Core/Src/uart_at.c ****         gPendingResponse = AT_ERROR;
 373              		.loc 1 99 26
 374 0100 094B     		ldr	r3, .L9+12
 375 0102 0322     		movs	r2, #3
 376 0104 1A70     		strb	r2, [r3]
 377              	.L7:
 100:Core/Src/uart_at.c ****     }
 101:Core/Src/uart_at.c ****     
 102:Core/Src/uart_at.c ****     osSemaphoreRelease(ATCommandSemaphoreHandle);
 378              		.loc 1 102 5
 379 0106 054B     		ldr	r3, .L9
 380 0108 1B68     		ldr	r3, [r3]
 381 010a 1846     		mov	r0, r3
 382 010c FFF7FEFF 		bl	osSemaphoreRelease
 103:Core/Src/uart_at.c ****     return gPendingResponse;
 383              		.loc 1 103 12
 384 0110 054B     		ldr	r3, .L9+12
 385 0112 1B78     		ldrb	r3, [r3]	@ zero_extendqisi2
 386              	.L8:
 104:Core/Src/uart_at.c **** }
 387              		.loc 1 104 1
 388 0114 1846     		mov	r0, r3
 389 0116 1C37     		adds	r7, r7, #28
 390              	.LCFI3:
 391              		.cfi_def_cfa_offset 12
 392 0118 BD46     		mov	sp, r7
ARM GAS  C:\Users\DAELT-~1\AppData\Local\Temp\cckZIBYV.s 			page 11


 393              	.LCFI4:
 394              		.cfi_def_cfa_register 13
 395              		@ sp needed
 396 011a 90BD     		pop	{r4, r7, pc}
 397              	.L10:
 398              		.align	2
 399              	.L9:
 400 011c 00000000 		.word	ATCommandSemaphoreHandle
 401 0120 00000000 		.word	mpid_ATCMD_MemPool
 402 0124 00000000 		.word	gATPayload
 403 0128 00000000 		.word	gPendingResponse
 404 012c 00000000 		.word	ATQueueHandle
 405              		.cfi_endproc
 406              	.LFE7:
 408              		.section	.text.ParseResponse,"ax",%progbits
 409              		.align	1
 410              		.global	ParseResponse
 411              		.syntax unified
 412              		.thumb
 413              		.thumb_func
 415              	ParseResponse:
 416              	.LFB8:
 105:Core/Src/uart_at.c **** 
 106:Core/Src/uart_at.c **** ATResponse ParseResponse(char *buffer)
 107:Core/Src/uart_at.c **** { 
 417              		.loc 1 107 1
 418              		.cfi_startproc
 419              		@ args = 0, pretend = 0, frame = 16
 420              		@ frame_needed = 1, uses_anonymous_args = 0
 421 0000 90B5     		push	{r4, r7, lr}
 422              	.LCFI5:
 423              		.cfi_def_cfa_offset 12
 424              		.cfi_offset 4, -12
 425              		.cfi_offset 7, -8
 426              		.cfi_offset 14, -4
 427 0002 85B0     		sub	sp, sp, #20
 428              	.LCFI6:
 429              		.cfi_def_cfa_offset 32
 430 0004 00AF     		add	r7, sp, #0
 431              	.LCFI7:
 432              		.cfi_def_cfa_register 7
 433 0006 7860     		str	r0, [r7, #4]
 434              	.LBB3:
 108:Core/Src/uart_at.c ****     for (uint32_t i = 0; i < NUM_AT_RESPONSES; i++)
 435              		.loc 1 108 19
 436 0008 0023     		movs	r3, #0
 437 000a FB60     		str	r3, [r7, #12]
 438              		.loc 1 108 5
 439 000c 2AE0     		b	.L12
 440              	.L15:
 441              	.LBB4:
 109:Core/Src/uart_at.c ****     {
 110:Core/Src/uart_at.c ****         if (strncmp(buffer, AT_RESPONSES[i].response_string, strlen(AT_RESPONSES[i].response_string
 442              		.loc 1 110 44
 443 000e FA68     		ldr	r2, [r7, #12]
 444 0010 1346     		mov	r3, r2
 445 0012 9B00     		lsls	r3, r3, #2
ARM GAS  C:\Users\DAELT-~1\AppData\Local\Temp\cckZIBYV.s 			page 12


 446 0014 1344     		add	r3, r3, r2
 447 0016 9A00     		lsls	r2, r3, #2
 448 0018 1344     		add	r3, r3, r2
 449 001a 164A     		ldr	r2, .L16
 450 001c 1344     		add	r3, r3, r2
 451 001e 5C1C     		adds	r4, r3, #1
 452              		.loc 1 110 84
 453 0020 FA68     		ldr	r2, [r7, #12]
 454 0022 1346     		mov	r3, r2
 455 0024 9B00     		lsls	r3, r3, #2
 456 0026 1344     		add	r3, r3, r2
 457 0028 9A00     		lsls	r2, r3, #2
 458 002a 1344     		add	r3, r3, r2
 459 002c 114A     		ldr	r2, .L16
 460 002e 1344     		add	r3, r3, r2
 461 0030 0133     		adds	r3, r3, #1
 462              		.loc 1 110 13
 463 0032 1846     		mov	r0, r3
 464 0034 FFF7FEFF 		bl	strlen
 465 0038 0346     		mov	r3, r0
 466              		.loc 1 110 13 is_stmt 0 discriminator 1
 467 003a 1A46     		mov	r2, r3
 468 003c 2146     		mov	r1, r4
 469 003e 7868     		ldr	r0, [r7, #4]
 470 0040 FFF7FEFF 		bl	strncmp
 471 0044 0346     		mov	r3, r0
 472              		.loc 1 110 12 is_stmt 1 discriminator 2
 473 0046 002B     		cmp	r3, #0
 474 0048 09D1     		bne	.L13
 111:Core/Src/uart_at.c ****         {
 112:Core/Src/uart_at.c ****             return AT_RESPONSES[i].response;
 475              		.loc 1 112 35
 476 004a 0A49     		ldr	r1, .L16
 477 004c FA68     		ldr	r2, [r7, #12]
 478 004e 1346     		mov	r3, r2
 479 0050 9B00     		lsls	r3, r3, #2
 480 0052 1344     		add	r3, r3, r2
 481 0054 9A00     		lsls	r2, r3, #2
 482 0056 1344     		add	r3, r3, r2
 483 0058 0B44     		add	r3, r3, r1
 484 005a 1B78     		ldrb	r3, [r3]	@ zero_extendqisi2
 485 005c 06E0     		b	.L14
 486              	.L13:
 487              	.LBE4:
 108:Core/Src/uart_at.c ****     {
 488              		.loc 1 108 49 discriminator 2
 489 005e FB68     		ldr	r3, [r7, #12]
 490 0060 0133     		adds	r3, r3, #1
 491 0062 FB60     		str	r3, [r7, #12]
 492              	.L12:
 108:Core/Src/uart_at.c ****     {
 493              		.loc 1 108 28 discriminator 1
 494 0064 FB68     		ldr	r3, [r7, #12]
 495 0066 0A2B     		cmp	r3, #10
 496 0068 D1D9     		bls	.L15
 497              	.LBE3:
 113:Core/Src/uart_at.c ****         }
ARM GAS  C:\Users\DAELT-~1\AppData\Local\Temp\cckZIBYV.s 			page 13


 114:Core/Src/uart_at.c ****     }
 115:Core/Src/uart_at.c ****     return AT_RESPONSES[NUM_AT_RESPONSES-1].response; //undefined    
 498              		.loc 1 115 44
 499 006a 0A23     		movs	r3, #10
 500              	.L14:
 116:Core/Src/uart_at.c **** }
 501              		.loc 1 116 1
 502 006c 1846     		mov	r0, r3
 503 006e 1437     		adds	r7, r7, #20
 504              	.LCFI8:
 505              		.cfi_def_cfa_offset 12
 506 0070 BD46     		mov	sp, r7
 507              	.LCFI9:
 508              		.cfi_def_cfa_register 13
 509              		@ sp needed
 510 0072 90BD     		pop	{r4, r7, pc}
 511              	.L17:
 512              		.align	2
 513              	.L16:
 514 0074 00000000 		.word	AT_RESPONSES
 515              		.cfi_endproc
 516              	.LFE8:
 518              		.section	.text.ParseAT,"ax",%progbits
 519              		.align	1
 520              		.global	ParseAT
 521              		.syntax unified
 522              		.thumb
 523              		.thumb_func
 525              	ParseAT:
 526              	.LFB9:
 117:Core/Src/uart_at.c **** 
 118:Core/Src/uart_at.c **** ATResponse ParseAT(char *buffer)
 119:Core/Src/uart_at.c **** {    
 527              		.loc 1 119 1
 528              		.cfi_startproc
 529              		@ args = 0, pretend = 0, frame = 16
 530              		@ frame_needed = 1, uses_anonymous_args = 0
 531 0000 90B5     		push	{r4, r7, lr}
 532              	.LCFI10:
 533              		.cfi_def_cfa_offset 12
 534              		.cfi_offset 4, -12
 535              		.cfi_offset 7, -8
 536              		.cfi_offset 14, -4
 537 0002 85B0     		sub	sp, sp, #20
 538              	.LCFI11:
 539              		.cfi_def_cfa_offset 32
 540 0004 00AF     		add	r7, sp, #0
 541              	.LCFI12:
 542              		.cfi_def_cfa_register 7
 543 0006 7860     		str	r0, [r7, #4]
 544              	.LBB5:
 120:Core/Src/uart_at.c ****     for (uint32_t i = 0; i < NUM_AT_COMMANDS; i++)
 545              		.loc 1 120 19
 546 0008 0023     		movs	r3, #0
 547 000a FB60     		str	r3, [r7, #12]
 548              		.loc 1 120 5
 549 000c 27E0     		b	.L19
ARM GAS  C:\Users\DAELT-~1\AppData\Local\Temp\cckZIBYV.s 			page 14


 550              	.L22:
 551              	.LBB6:
 121:Core/Src/uart_at.c ****     {
 122:Core/Src/uart_at.c ****         if (strncmp(buffer, AT_COMMANDS[i].command_string, strlen(AT_COMMANDS[i].command_string)) =
 552              		.loc 1 122 43
 553 000e FA68     		ldr	r2, [r7, #12]
 554 0010 1346     		mov	r3, r2
 555 0012 5B00     		lsls	r3, r3, #1
 556 0014 1344     		add	r3, r3, r2
 557 0016 DB00     		lsls	r3, r3, #3
 558 0018 0833     		adds	r3, r3, #8
 559 001a 154A     		ldr	r2, .L23
 560 001c 9C18     		adds	r4, r3, r2
 561              		.loc 1 122 81
 562 001e FA68     		ldr	r2, [r7, #12]
 563 0020 1346     		mov	r3, r2
 564 0022 5B00     		lsls	r3, r3, #1
 565 0024 1344     		add	r3, r3, r2
 566 0026 DB00     		lsls	r3, r3, #3
 567 0028 0833     		adds	r3, r3, #8
 568 002a 114A     		ldr	r2, .L23
 569 002c 1344     		add	r3, r3, r2
 570              		.loc 1 122 13
 571 002e 1846     		mov	r0, r3
 572 0030 FFF7FEFF 		bl	strlen
 573 0034 0346     		mov	r3, r0
 574              		.loc 1 122 13 is_stmt 0 discriminator 1
 575 0036 1A46     		mov	r2, r3
 576 0038 2146     		mov	r1, r4
 577 003a 7868     		ldr	r0, [r7, #4]
 578 003c FFF7FEFF 		bl	strncmp
 579 0040 0346     		mov	r3, r0
 580              		.loc 1 122 12 is_stmt 1 discriminator 2
 581 0042 002B     		cmp	r3, #0
 582 0044 08D1     		bne	.L20
 123:Core/Src/uart_at.c ****         {
 124:Core/Src/uart_at.c ****             return AT_COMMANDS[i].command;
 583              		.loc 1 124 34
 584 0046 0A49     		ldr	r1, .L23
 585 0048 FA68     		ldr	r2, [r7, #12]
 586 004a 1346     		mov	r3, r2
 587 004c 5B00     		lsls	r3, r3, #1
 588 004e 1344     		add	r3, r3, r2
 589 0050 DB00     		lsls	r3, r3, #3
 590 0052 0B44     		add	r3, r3, r1
 591 0054 1B78     		ldrb	r3, [r3]	@ zero_extendqisi2
 592 0056 06E0     		b	.L21
 593              	.L20:
 594              	.LBE6:
 120:Core/Src/uart_at.c ****     {
 595              		.loc 1 120 48 discriminator 2
 596 0058 FB68     		ldr	r3, [r7, #12]
 597 005a 0133     		adds	r3, r3, #1
 598 005c FB60     		str	r3, [r7, #12]
 599              	.L19:
 120:Core/Src/uart_at.c ****     {
 600              		.loc 1 120 28 discriminator 1
ARM GAS  C:\Users\DAELT-~1\AppData\Local\Temp\cckZIBYV.s 			page 15


 601 005e FB68     		ldr	r3, [r7, #12]
 602 0060 0B2B     		cmp	r3, #11
 603 0062 D4D9     		bls	.L22
 604              	.LBE5:
 125:Core/Src/uart_at.c ****         }
 126:Core/Src/uart_at.c ****     }
 127:Core/Src/uart_at.c ****     return AT_COMMANDS[NUM_AT_COMMANDS - 1].command; // undefined
 605              		.loc 1 127 44
 606 0064 0B23     		movs	r3, #11
 607              	.L21:
 128:Core/Src/uart_at.c **** }
 608              		.loc 1 128 1
 609 0066 1846     		mov	r0, r3
 610 0068 1437     		adds	r7, r7, #20
 611              	.LCFI13:
 612              		.cfi_def_cfa_offset 12
 613 006a BD46     		mov	sp, r7
 614              	.LCFI14:
 615              		.cfi_def_cfa_register 13
 616              		@ sp needed
 617 006c 90BD     		pop	{r4, r7, pc}
 618              	.L24:
 619 006e 00BF     		.align	2
 620              	.L23:
 621 0070 00000000 		.word	AT_COMMANDS
 622              		.cfi_endproc
 623              	.LFE9:
 625              		.section	.text.ATHandlingTaskCode,"ax",%progbits
 626              		.align	1
 627              		.global	ATHandlingTaskCode
 628              		.syntax unified
 629              		.thumb
 630              		.thumb_func
 632              	ATHandlingTaskCode:
 633              	.LFB10:
 129:Core/Src/uart_at.c **** 
 130:Core/Src/uart_at.c **** void ATHandlingTaskCode(void *argument)
 131:Core/Src/uart_at.c **** {
 634              		.loc 1 131 1
 635              		.cfi_startproc
 636              		@ args = 0, pretend = 0, frame = 32
 637              		@ frame_needed = 1, uses_anonymous_args = 0
 638 0000 90B5     		push	{r4, r7, lr}
 639              	.LCFI15:
 640              		.cfi_def_cfa_offset 12
 641              		.cfi_offset 4, -12
 642              		.cfi_offset 7, -8
 643              		.cfi_offset 14, -4
 644 0002 8BB0     		sub	sp, sp, #44
 645              	.LCFI16:
 646              		.cfi_def_cfa_offset 56
 647 0004 02AF     		add	r7, sp, #8
 648              	.LCFI17:
 649              		.cfi_def_cfa 7, 48
 650 0006 7860     		str	r0, [r7, #4]
 132:Core/Src/uart_at.c ****     /* USER CODE BEGIN 5 */
 133:Core/Src/uart_at.c ****     /* Infinite loop */
ARM GAS  C:\Users\DAELT-~1\AppData\Local\Temp\cckZIBYV.s 			page 16


 134:Core/Src/uart_at.c ****     AT_FSM ATTaskFSM = AT_IDLE;
 651              		.loc 1 134 12
 652 0008 0023     		movs	r3, #0
 653 000a FB77     		strb	r3, [r7, #31]
 135:Core/Src/uart_at.c ****     osStatus_t atevent;    
 136:Core/Src/uart_at.c ****     CMD_t* new_cmd=NULL;
 654              		.loc 1 136 12
 655 000c 0023     		movs	r3, #0
 656 000e BB60     		str	r3, [r7, #8]
 137:Core/Src/uart_at.c ****     CMD_t* send_cmd=NULL;
 657              		.loc 1 137 12
 658 0010 0023     		movs	r3, #0
 659 0012 BB61     		str	r3, [r7, #24]
 138:Core/Src/uart_at.c ****     CMD_t* PendingCommand = NULL;
 660              		.loc 1 138 12
 661 0014 0023     		movs	r3, #0
 662 0016 7B61     		str	r3, [r7, #20]
 139:Core/Src/uart_at.c ****     uint32_t CurrentRetries=0;    
 663              		.loc 1 139 14
 664 0018 0023     		movs	r3, #0
 665 001a 3B61     		str	r3, [r7, #16]
 666              	.L45:
 140:Core/Src/uart_at.c **** 
 141:Core/Src/uart_at.c ****     while (1)
 142:Core/Src/uart_at.c ****     {
 143:Core/Src/uart_at.c ****         atevent = osMessageQueueGet(ATQueueHandle, &new_cmd, NULL, 3000U);   // wait for message
 667              		.loc 1 143 19
 668 001c 8E4B     		ldr	r3, .L48
 669 001e 1868     		ldr	r0, [r3]
 670 0020 07F10801 		add	r1, r7, #8
 671 0024 40F6B833 		movw	r3, #3000
 672 0028 0022     		movs	r2, #0
 673 002a FFF7FEFF 		bl	osMessageQueueGet
 674 002e F860     		str	r0, [r7, #12]
 144:Core/Src/uart_at.c ****         if(atevent == osErrorTimeout)
 675              		.loc 1 144 11
 676 0030 FB68     		ldr	r3, [r7, #12]
 677 0032 13F1020F 		cmn	r3, #2
 678 0036 2CD1     		bne	.L26
 145:Core/Src/uart_at.c ****         {
 146:Core/Src/uart_at.c ****             if(PendingCommand!=NULL)
 679              		.loc 1 146 15
 680 0038 7B69     		ldr	r3, [r7, #20]
 681 003a 002B     		cmp	r3, #0
 682 003c 00F03581 		beq	.L27
 147:Core/Src/uart_at.c ****             {
 148:Core/Src/uart_at.c ****                 if(CurrentRetries < AT_COMMANDS[PendingCommand->command].retries)
 683              		.loc 1 148 63
 684 0040 7B69     		ldr	r3, [r7, #20]
 685 0042 1B78     		ldrb	r3, [r3]	@ zero_extendqisi2
 686 0044 1946     		mov	r1, r3
 687              		.loc 1 148 73
 688 0046 854A     		ldr	r2, .L48+4
 689 0048 0B46     		mov	r3, r1
 690 004a 5B00     		lsls	r3, r3, #1
 691 004c 0B44     		add	r3, r3, r1
 692 004e DB00     		lsls	r3, r3, #3
ARM GAS  C:\Users\DAELT-~1\AppData\Local\Temp\cckZIBYV.s 			page 17


 693 0050 1344     		add	r3, r3, r2
 694 0052 0233     		adds	r3, r3, #2
 695 0054 1B78     		ldrb	r3, [r3]	@ zero_extendqisi2
 696 0056 1A46     		mov	r2, r3
 697              		.loc 1 148 19
 698 0058 3B69     		ldr	r3, [r7, #16]
 699 005a 9342     		cmp	r3, r2
 700 005c 05D2     		bcs	.L28
 149:Core/Src/uart_at.c ****                 {
 150:Core/Src/uart_at.c ****                     send_cmd = PendingCommand;
 701              		.loc 1 150 30
 702 005e 7B69     		ldr	r3, [r7, #20]
 703 0060 BB61     		str	r3, [r7, #24]
 151:Core/Src/uart_at.c ****                     CurrentRetries++;
 704              		.loc 1 151 35
 705 0062 3B69     		ldr	r3, [r7, #16]
 706 0064 0133     		adds	r3, r3, #1
 707 0066 3B61     		str	r3, [r7, #16]
 708 0068 1FE1     		b	.L27
 709              	.L28:
 152:Core/Src/uart_at.c ****                 }
 153:Core/Src/uart_at.c ****                 else
 154:Core/Src/uart_at.c ****                 {                    
 155:Core/Src/uart_at.c ****                     gPendingResponse = AT_TIMEOUT;
 710              		.loc 1 155 38
 711 006a 7D4B     		ldr	r3, .L48+8
 712 006c 0522     		movs	r2, #5
 713 006e 1A70     		strb	r2, [r3]
 156:Core/Src/uart_at.c ****                     osThreadFlagsSet(PendingCommand->RequestedBy, SEND_RAW_AT_WAIT_FAILURE_FLAG);
 714              		.loc 1 156 21
 715 0070 7B69     		ldr	r3, [r7, #20]
 716 0072 9B68     		ldr	r3, [r3, #8]
 717 0074 8021     		movs	r1, #128
 718 0076 1846     		mov	r0, r3
 719 0078 FFF7FEFF 		bl	osThreadFlagsSet
 157:Core/Src/uart_at.c ****                     osMemoryPoolFree(mpid_ATCMD_MemPool,PendingCommand);
 720              		.loc 1 157 21
 721 007c 794B     		ldr	r3, .L48+12
 722 007e 1B68     		ldr	r3, [r3]
 723 0080 7969     		ldr	r1, [r7, #20]
 724 0082 1846     		mov	r0, r3
 725 0084 FFF7FEFF 		bl	osMemoryPoolFree
 158:Core/Src/uart_at.c ****                     PendingCommand = NULL;                    
 726              		.loc 1 158 36
 727 0088 0023     		movs	r3, #0
 728 008a 7B61     		str	r3, [r7, #20]
 159:Core/Src/uart_at.c ****                     ATTaskFSM = AT_IDLE;
 729              		.loc 1 159 31
 730 008c 0023     		movs	r3, #0
 731 008e FB77     		strb	r3, [r7, #31]
 732 0090 0BE1     		b	.L27
 733              	.L26:
 160:Core/Src/uart_at.c ****                 }
 161:Core/Src/uart_at.c ****             }
 162:Core/Src/uart_at.c ****         }
 163:Core/Src/uart_at.c ****         else if (atevent == osOK)
 734              		.loc 1 163 17
ARM GAS  C:\Users\DAELT-~1\AppData\Local\Temp\cckZIBYV.s 			page 18


 735 0092 FB68     		ldr	r3, [r7, #12]
 736 0094 002B     		cmp	r3, #0
 737 0096 40F00881 		bne	.L27
 164:Core/Src/uart_at.c ****         {         
 165:Core/Src/uart_at.c ****             switch (new_cmd->command)
 738              		.loc 1 165 28
 739 009a BB68     		ldr	r3, [r7, #8]
 740 009c 1B78     		ldrb	r3, [r3]	@ zero_extendqisi2
 741              		.loc 1 165 13
 742 009e 0A2B     		cmp	r3, #10
 743 00a0 04D8     		bhi	.L29
 166:Core/Src/uart_at.c ****             {
 167:Core/Src/uart_at.c ****                 case ATZ:
 168:Core/Src/uart_at.c ****                 case AT_CFM:
 169:Core/Src/uart_at.c ****                 case AT_APPKEY:
 170:Core/Src/uart_at.c ****                 case AT_APPEUI:
 171:Core/Src/uart_at.c ****                 case AT_ADR:
 172:Core/Src/uart_at.c ****                 case AT_NJM:
 173:Core/Src/uart_at.c ****                 case AT_JOIN:
 174:Core/Src/uart_at.c ****                 case AT_SENDB:
 175:Core/Src/uart_at.c ****                 case AT_SEND:
 176:Core/Src/uart_at.c ****                 case AT_CHMASK:
 177:Core/Src/uart_at.c ****                 case AT:
 178:Core/Src/uart_at.c ****                 {
 179:Core/Src/uart_at.c ****                     send_cmd = new_cmd;
 744              		.loc 1 179 30
 745 00a2 BB68     		ldr	r3, [r7, #8]
 746 00a4 BB61     		str	r3, [r7, #24]
 180:Core/Src/uart_at.c ****                     CurrentRetries = 0;
 747              		.loc 1 180 36
 748 00a6 0023     		movs	r3, #0
 749 00a8 3B61     		str	r3, [r7, #16]
 181:Core/Src/uart_at.c ****                     break;
 750              		.loc 1 181 21
 751 00aa 21E0     		b	.L30
 752              	.L29:
 182:Core/Src/uart_at.c ****                 }    
 183:Core/Src/uart_at.c ****                 case AT_COMMAND_UNDEFINED:        
 184:Core/Src/uart_at.c ****                 default:
 185:Core/Src/uart_at.c ****                 {
 186:Core/Src/uart_at.c ****                     if(new_cmd->response == AT_RESPONSE_UNDEFINED)
 753              		.loc 1 186 31
 754 00ac BB68     		ldr	r3, [r7, #8]
 755 00ae 5B78     		ldrb	r3, [r3, #1]	@ zero_extendqisi2
 756              		.loc 1 186 23
 757 00b0 0A2B     		cmp	r3, #10
 758 00b2 1CD1     		bne	.L46
 187:Core/Src/uart_at.c ****                     {
 188:Core/Src/uart_at.c ****                         //malformed CMD_t - should not be happening
 189:Core/Src/uart_at.c ****                         gPendingResponse = AT_ERROR;
 759              		.loc 1 189 42
 760 00b4 6A4B     		ldr	r3, .L48+8
 761 00b6 0322     		movs	r2, #3
 762 00b8 1A70     		strb	r2, [r3]
 190:Core/Src/uart_at.c ****                         if(PendingCommand)
 763              		.loc 1 190 27
 764 00ba 7B69     		ldr	r3, [r7, #20]
ARM GAS  C:\Users\DAELT-~1\AppData\Local\Temp\cckZIBYV.s 			page 19


 765 00bc 002B     		cmp	r3, #0
 766 00be 0BD0     		beq	.L32
 191:Core/Src/uart_at.c ****                         {
 192:Core/Src/uart_at.c ****                             osThreadFlagsSet(PendingCommand->RequestedBy, SEND_RAW_AT_WAIT_FAILURE_
 767              		.loc 1 192 29
 768 00c0 7B69     		ldr	r3, [r7, #20]
 769 00c2 9B68     		ldr	r3, [r3, #8]
 770 00c4 8021     		movs	r1, #128
 771 00c6 1846     		mov	r0, r3
 772 00c8 FFF7FEFF 		bl	osThreadFlagsSet
 193:Core/Src/uart_at.c ****                             osMemoryPoolFree(mpid_ATCMD_MemPool,PendingCommand);
 773              		.loc 1 193 29
 774 00cc 654B     		ldr	r3, .L48+12
 775 00ce 1B68     		ldr	r3, [r3]
 776 00d0 7969     		ldr	r1, [r7, #20]
 777 00d2 1846     		mov	r0, r3
 778 00d4 FFF7FEFF 		bl	osMemoryPoolFree
 779              	.L32:
 194:Core/Src/uart_at.c ****                         }
 195:Core/Src/uart_at.c ****                         osMemoryPoolFree(mpid_ATCMD_MemPool,new_cmd);                        
 780              		.loc 1 195 25
 781 00d8 624B     		ldr	r3, .L48+12
 782 00da 1B68     		ldr	r3, [r3]
 783 00dc BA68     		ldr	r2, [r7, #8]
 784 00de 1146     		mov	r1, r2
 785 00e0 1846     		mov	r0, r3
 786 00e2 FFF7FEFF 		bl	osMemoryPoolFree
 196:Core/Src/uart_at.c ****                         PendingCommand = NULL;                        
 787              		.loc 1 196 40
 788 00e6 0023     		movs	r3, #0
 789 00e8 7B61     		str	r3, [r7, #20]
 197:Core/Src/uart_at.c ****                         ATTaskFSM = AT_IDLE;
 790              		.loc 1 197 35
 791 00ea 0023     		movs	r3, #0
 792 00ec FB77     		strb	r3, [r7, #31]
 793              	.L46:
 198:Core/Src/uart_at.c ****                     }                    
 199:Core/Src/uart_at.c ****                     break;
 794              		.loc 1 199 21
 795 00ee 00BF     		nop
 796              	.L30:
 200:Core/Src/uart_at.c ****                 }                
 201:Core/Src/uart_at.c ****             }
 202:Core/Src/uart_at.c ****             if (new_cmd->response == AT_RX_OK)
 797              		.loc 1 202 24
 798 00f0 BB68     		ldr	r3, [r7, #8]
 799 00f2 5B78     		ldrb	r3, [r3, #1]	@ zero_extendqisi2
 800              		.loc 1 202 16
 801 00f4 022B     		cmp	r3, #2
 802 00f6 23D1     		bne	.L33
 203:Core/Src/uart_at.c ****             {
 204:Core/Src/uart_at.c ****                 LoRaWAN_RxEventCallback(new_cmd->rx_payload->Buf, new_cmd->rx_payload->rcvDataLen, 
 803              		.loc 1 204 48
 804 00f8 BB68     		ldr	r3, [r7, #8]
 805 00fa 5B68     		ldr	r3, [r3, #4]
 806              		.loc 1 204 60
 807 00fc 03F11400 		add	r0, r3, #20
ARM GAS  C:\Users\DAELT-~1\AppData\Local\Temp\cckZIBYV.s 			page 20


 808              		.loc 1 204 74
 809 0100 BB68     		ldr	r3, [r7, #8]
 810 0102 5B68     		ldr	r3, [r3, #4]
 811              		.loc 1 204 17
 812 0104 9968     		ldr	r1, [r3, #8]
 813              		.loc 1 204 107
 814 0106 BB68     		ldr	r3, [r7, #8]
 815 0108 5B68     		ldr	r3, [r3, #4]
 816              		.loc 1 204 17
 817 010a 1A68     		ldr	r2, [r3]
 818              		.loc 1 204 137
 819 010c BB68     		ldr	r3, [r7, #8]
 820 010e 5B68     		ldr	r3, [r3, #4]
 821              		.loc 1 204 17
 822 0110 DC68     		ldr	r4, [r3, #12]
 823              		.loc 1 204 167
 824 0112 BB68     		ldr	r3, [r7, #8]
 825 0114 5B68     		ldr	r3, [r3, #4]
 826              		.loc 1 204 17
 827 0116 1B69     		ldr	r3, [r3, #16]
 828 0118 0093     		str	r3, [sp]
 829 011a 2346     		mov	r3, r4
 830 011c FFF7FEFF 		bl	LoRaWAN_RxEventCallback
 205:Core/Src/uart_at.c ****                 //osMemoryPoolFree(mpid_LoRaPayload_MemPool, PendingCommand->rx_payload);          
 206:Core/Src/uart_at.c ****                 osMemoryPoolFree(mpid_LoRaPayload_MemPool, new_cmd->rx_payload);
 831              		.loc 1 206 17
 832 0120 514B     		ldr	r3, .L48+16
 833 0122 1A68     		ldr	r2, [r3]
 834              		.loc 1 206 67
 835 0124 BB68     		ldr	r3, [r7, #8]
 836 0126 5B68     		ldr	r3, [r3, #4]
 837              		.loc 1 206 17
 838 0128 1946     		mov	r1, r3
 839 012a 1046     		mov	r0, r2
 840 012c FFF7FEFF 		bl	osMemoryPoolFree
 207:Core/Src/uart_at.c ****                 osMemoryPoolFree(mpid_ATCMD_MemPool,new_cmd);                        
 841              		.loc 1 207 17
 842 0130 4C4B     		ldr	r3, .L48+12
 843 0132 1B68     		ldr	r3, [r3]
 844 0134 BA68     		ldr	r2, [r7, #8]
 845 0136 1146     		mov	r1, r2
 846 0138 1846     		mov	r0, r3
 847 013a FFF7FEFF 		bl	osMemoryPoolFree
 848 013e B4E0     		b	.L27
 849              	.L33:
 208:Core/Src/uart_at.c ****             }
 209:Core/Src/uart_at.c ****             else if ((new_cmd->response == AT_JOINED) || (new_cmd->response == AT_JOIN_ERROR))
 850              		.loc 1 209 30
 851 0140 BB68     		ldr	r3, [r7, #8]
 852 0142 5B78     		ldrb	r3, [r3, #1]	@ zero_extendqisi2
 853              		.loc 1 209 21
 854 0144 042B     		cmp	r3, #4
 855 0146 03D0     		beq	.L34
 856              		.loc 1 209 66 discriminator 1
 857 0148 BB68     		ldr	r3, [r7, #8]
 858 014a 5B78     		ldrb	r3, [r3, #1]	@ zero_extendqisi2
 859              		.loc 1 209 55 discriminator 1
ARM GAS  C:\Users\DAELT-~1\AppData\Local\Temp\cckZIBYV.s 			page 21


 860 014c 072B     		cmp	r3, #7
 861 014e 12D1     		bne	.L35
 862              	.L34:
 210:Core/Src/uart_at.c ****             {
 211:Core/Src/uart_at.c ****                 LoRaWAN_JoinCallback(new_cmd->response);
 863              		.loc 1 211 45
 864 0150 BB68     		ldr	r3, [r7, #8]
 865              		.loc 1 211 17
 866 0152 5B78     		ldrb	r3, [r3, #1]	@ zero_extendqisi2
 867 0154 1846     		mov	r0, r3
 868 0156 FFF7FEFF 		bl	LoRaWAN_JoinCallback
 212:Core/Src/uart_at.c ****                 osMemoryPoolFree(mpid_ATCMD_MemPool, PendingCommand);
 869              		.loc 1 212 17
 870 015a 424B     		ldr	r3, .L48+12
 871 015c 1B68     		ldr	r3, [r3]
 872 015e 7969     		ldr	r1, [r7, #20]
 873 0160 1846     		mov	r0, r3
 874 0162 FFF7FEFF 		bl	osMemoryPoolFree
 213:Core/Src/uart_at.c ****                 osMemoryPoolFree(mpid_ATCMD_MemPool,new_cmd);                        
 875              		.loc 1 213 17
 876 0166 3F4B     		ldr	r3, .L48+12
 877 0168 1B68     		ldr	r3, [r3]
 878 016a BA68     		ldr	r2, [r7, #8]
 879 016c 1146     		mov	r1, r2
 880 016e 1846     		mov	r0, r3
 881 0170 FFF7FEFF 		bl	osMemoryPoolFree
 882 0174 99E0     		b	.L27
 883              	.L35:
 214:Core/Src/uart_at.c ****             }
 215:Core/Src/uart_at.c ****             else if (new_cmd->command == AT_COMMAND_UNDEFINED) // it is a response
 884              		.loc 1 215 29
 885 0176 BB68     		ldr	r3, [r7, #8]
 886 0178 1B78     		ldrb	r3, [r3]	@ zero_extendqisi2
 887              		.loc 1 215 21
 888 017a 0B2B     		cmp	r3, #11
 889 017c 40F09580 		bne	.L27
 216:Core/Src/uart_at.c ****             {
 217:Core/Src/uart_at.c ****                 switch (ATTaskFSM)
 890              		.loc 1 217 17
 891 0180 FB7F     		ldrb	r3, [r7, #31]	@ zero_extendqisi2
 892 0182 002B     		cmp	r3, #0
 893 0184 02D0     		beq	.L36
 894 0186 012B     		cmp	r3, #1
 895 0188 11D0     		beq	.L37
 896 018a 8EE0     		b	.L27
 897              	.L36:
 218:Core/Src/uart_at.c ****                 {
 219:Core/Src/uart_at.c ****                 case AT_IDLE:
 220:Core/Src/uart_at.c ****                 {
 221:Core/Src/uart_at.c ****                     //unexpected response - ignore
 222:Core/Src/uart_at.c ****                     if (PendingCommand)
 898              		.loc 1 222 24
 899 018c 7B69     		ldr	r3, [r7, #20]
 900 018e 002B     		cmp	r3, #0
 901 0190 05D0     		beq	.L38
 223:Core/Src/uart_at.c ****                     {
 224:Core/Src/uart_at.c ****                         osMemoryPoolFree(mpid_ATCMD_MemPool, PendingCommand);
ARM GAS  C:\Users\DAELT-~1\AppData\Local\Temp\cckZIBYV.s 			page 22


 902              		.loc 1 224 25
 903 0192 344B     		ldr	r3, .L48+12
 904 0194 1B68     		ldr	r3, [r3]
 905 0196 7969     		ldr	r1, [r7, #20]
 906 0198 1846     		mov	r0, r3
 907 019a FFF7FEFF 		bl	osMemoryPoolFree
 908              	.L38:
 225:Core/Src/uart_at.c ****                     }
 226:Core/Src/uart_at.c ****                     osMemoryPoolFree(mpid_ATCMD_MemPool,new_cmd);                        
 909              		.loc 1 226 21
 910 019e 314B     		ldr	r3, .L48+12
 911 01a0 1B68     		ldr	r3, [r3]
 912 01a2 BA68     		ldr	r2, [r7, #8]
 913 01a4 1146     		mov	r1, r2
 914 01a6 1846     		mov	r0, r3
 915 01a8 FFF7FEFF 		bl	osMemoryPoolFree
 227:Core/Src/uart_at.c ****                     break;
 916              		.loc 1 227 21
 917 01ac 7DE0     		b	.L27
 918              	.L37:
 228:Core/Src/uart_at.c ****                 }
 229:Core/Src/uart_at.c ****                 case AT_WAITING_RESPONSE:
 230:Core/Src/uart_at.c ****                 {
 231:Core/Src/uart_at.c ****                     if (new_cmd->response == AT_COMMANDS[PendingCommand->command].expected_response
 919              		.loc 1 231 32
 920 01ae BB68     		ldr	r3, [r7, #8]
 921 01b0 5A78     		ldrb	r2, [r3, #1]	@ zero_extendqisi2
 922              		.loc 1 231 72
 923 01b2 7B69     		ldr	r3, [r7, #20]
 924 01b4 1B78     		ldrb	r3, [r3]	@ zero_extendqisi2
 925 01b6 1846     		mov	r0, r3
 926              		.loc 1 231 82
 927 01b8 2849     		ldr	r1, .L48+4
 928 01ba 0346     		mov	r3, r0
 929 01bc 5B00     		lsls	r3, r3, #1
 930 01be 0344     		add	r3, r3, r0
 931 01c0 DB00     		lsls	r3, r3, #3
 932 01c2 0B44     		add	r3, r3, r1
 933 01c4 0133     		adds	r3, r3, #1
 934 01c6 1B78     		ldrb	r3, [r3]	@ zero_extendqisi2
 935              		.loc 1 231 24
 936 01c8 9A42     		cmp	r2, r3
 937 01ca 27D1     		bne	.L39
 232:Core/Src/uart_at.c ****                     {
 233:Core/Src/uart_at.c ****                         // all good
 234:Core/Src/uart_at.c ****                         gPendingResponse = AT_COMMANDS[PendingCommand->command].expected_response;
 938              		.loc 1 234 70
 939 01cc 7B69     		ldr	r3, [r7, #20]
 940 01ce 1B78     		ldrb	r3, [r3]	@ zero_extendqisi2
 941 01d0 1946     		mov	r1, r3
 942              		.loc 1 234 80
 943 01d2 224A     		ldr	r2, .L48+4
 944 01d4 0B46     		mov	r3, r1
 945 01d6 5B00     		lsls	r3, r3, #1
 946 01d8 0B44     		add	r3, r3, r1
 947 01da DB00     		lsls	r3, r3, #3
 948 01dc 1344     		add	r3, r3, r2
ARM GAS  C:\Users\DAELT-~1\AppData\Local\Temp\cckZIBYV.s 			page 23


 949 01de 0133     		adds	r3, r3, #1
 950 01e0 1A78     		ldrb	r2, [r3]	@ zero_extendqisi2
 951              		.loc 1 234 42
 952 01e2 1F4B     		ldr	r3, .L48+8
 953 01e4 1A70     		strb	r2, [r3]
 235:Core/Src/uart_at.c ****                         if (PendingCommand)
 954              		.loc 1 235 28
 955 01e6 7B69     		ldr	r3, [r7, #20]
 956 01e8 002B     		cmp	r3, #0
 957 01ea 0BD0     		beq	.L40
 236:Core/Src/uart_at.c ****                         {
 237:Core/Src/uart_at.c ****                             osThreadFlagsSet(PendingCommand->RequestedBy, SEND_RAW_AT_WAIT_SUCCESS_
 958              		.loc 1 237 29
 959 01ec 7B69     		ldr	r3, [r7, #20]
 960 01ee 9B68     		ldr	r3, [r3, #8]
 961 01f0 4021     		movs	r1, #64
 962 01f2 1846     		mov	r0, r3
 963 01f4 FFF7FEFF 		bl	osThreadFlagsSet
 238:Core/Src/uart_at.c ****                             osMemoryPoolFree(mpid_ATCMD_MemPool, PendingCommand);
 964              		.loc 1 238 29
 965 01f8 1A4B     		ldr	r3, .L48+12
 966 01fa 1B68     		ldr	r3, [r3]
 967 01fc 7969     		ldr	r1, [r7, #20]
 968 01fe 1846     		mov	r0, r3
 969 0200 FFF7FEFF 		bl	osMemoryPoolFree
 970              	.L40:
 239:Core/Src/uart_at.c ****                         }
 240:Core/Src/uart_at.c ****                         osMemoryPoolFree(mpid_ATCMD_MemPool, new_cmd);
 971              		.loc 1 240 25
 972 0204 174B     		ldr	r3, .L48+12
 973 0206 1B68     		ldr	r3, [r3]
 974 0208 BA68     		ldr	r2, [r7, #8]
 975 020a 1146     		mov	r1, r2
 976 020c 1846     		mov	r0, r3
 977 020e FFF7FEFF 		bl	osMemoryPoolFree
 241:Core/Src/uart_at.c ****                         PendingCommand = NULL;
 978              		.loc 1 241 40
 979 0212 0023     		movs	r3, #0
 980 0214 7B61     		str	r3, [r7, #20]
 242:Core/Src/uart_at.c ****                         ATTaskFSM = AT_IDLE;                        
 981              		.loc 1 242 35
 982 0216 0023     		movs	r3, #0
 983 0218 FB77     		strb	r3, [r7, #31]
 243:Core/Src/uart_at.c ****                     }
 244:Core/Src/uart_at.c ****                     else
 245:Core/Src/uart_at.c ****                     {
 246:Core/Src/uart_at.c ****                         //unexpected response - retry
 247:Core/Src/uart_at.c ****                         if (CurrentRetries < AT_COMMANDS[PendingCommand->command].retries)
 248:Core/Src/uart_at.c ****                         {
 249:Core/Src/uart_at.c ****                             CurrentRetries++;
 250:Core/Src/uart_at.c ****                             send_cmd = PendingCommand;
 251:Core/Src/uart_at.c ****                             PendingCommand = NULL;
 252:Core/Src/uart_at.c ****                             osMemoryPoolFree(mpid_ATCMD_MemPool, new_cmd);
 253:Core/Src/uart_at.c ****                         }
 254:Core/Src/uart_at.c ****                         else
 255:Core/Src/uart_at.c ****                         {
 256:Core/Src/uart_at.c ****                             // command failure after retries
ARM GAS  C:\Users\DAELT-~1\AppData\Local\Temp\cckZIBYV.s 			page 24


 257:Core/Src/uart_at.c ****                             gPendingResponse = new_cmd->response;
 258:Core/Src/uart_at.c ****                             if(PendingCommand != NULL)
 259:Core/Src/uart_at.c ****                             {
 260:Core/Src/uart_at.c ****                                 osThreadFlagsSet(PendingCommand->RequestedBy, SEND_RAW_AT_WAIT_FAIL
 261:Core/Src/uart_at.c ****                                 osMemoryPoolFree(mpid_ATCMD_MemPool, PendingCommand);
 262:Core/Src/uart_at.c ****                             }
 263:Core/Src/uart_at.c ****                             osMemoryPoolFree(mpid_ATCMD_MemPool, new_cmd);
 264:Core/Src/uart_at.c ****                             PendingCommand = NULL;                            
 265:Core/Src/uart_at.c ****                             ATTaskFSM = AT_IDLE;                            
 266:Core/Src/uart_at.c ****                         }
 267:Core/Src/uart_at.c ****                     }
 268:Core/Src/uart_at.c ****                     break;
 984              		.loc 1 268 21
 985 021a 45E0     		b	.L47
 986              	.L39:
 247:Core/Src/uart_at.c ****                         {
 987              		.loc 1 247 72
 988 021c 7B69     		ldr	r3, [r7, #20]
 989 021e 1B78     		ldrb	r3, [r3]	@ zero_extendqisi2
 990 0220 1946     		mov	r1, r3
 247:Core/Src/uart_at.c ****                         {
 991              		.loc 1 247 82
 992 0222 0E4A     		ldr	r2, .L48+4
 993 0224 0B46     		mov	r3, r1
 994 0226 5B00     		lsls	r3, r3, #1
 995 0228 0B44     		add	r3, r3, r1
 996 022a DB00     		lsls	r3, r3, #3
 997 022c 1344     		add	r3, r3, r2
 998 022e 0233     		adds	r3, r3, #2
 999 0230 1B78     		ldrb	r3, [r3]	@ zero_extendqisi2
 1000 0232 1A46     		mov	r2, r3
 247:Core/Src/uart_at.c ****                         {
 1001              		.loc 1 247 28
 1002 0234 3B69     		ldr	r3, [r7, #16]
 1003 0236 9342     		cmp	r3, r2
 1004 0238 18D2     		bcs	.L42
 249:Core/Src/uart_at.c ****                             send_cmd = PendingCommand;
 1005              		.loc 1 249 43
 1006 023a 3B69     		ldr	r3, [r7, #16]
 1007 023c 0133     		adds	r3, r3, #1
 1008 023e 3B61     		str	r3, [r7, #16]
 250:Core/Src/uart_at.c ****                             PendingCommand = NULL;
 1009              		.loc 1 250 38
 1010 0240 7B69     		ldr	r3, [r7, #20]
 1011 0242 BB61     		str	r3, [r7, #24]
 251:Core/Src/uart_at.c ****                             osMemoryPoolFree(mpid_ATCMD_MemPool, new_cmd);
 1012              		.loc 1 251 44
 1013 0244 0023     		movs	r3, #0
 1014 0246 7B61     		str	r3, [r7, #20]
 252:Core/Src/uart_at.c ****                         }
 1015              		.loc 1 252 29
 1016 0248 064B     		ldr	r3, .L48+12
 1017 024a 1B68     		ldr	r3, [r3]
 1018 024c BA68     		ldr	r2, [r7, #8]
 1019 024e 1146     		mov	r1, r2
 1020 0250 1846     		mov	r0, r3
 1021 0252 FFF7FEFF 		bl	osMemoryPoolFree
ARM GAS  C:\Users\DAELT-~1\AppData\Local\Temp\cckZIBYV.s 			page 25


 1022              		.loc 1 268 21
 1023 0256 27E0     		b	.L47
 1024              	.L49:
 1025              		.align	2
 1026              	.L48:
 1027 0258 00000000 		.word	ATQueueHandle
 1028 025c 00000000 		.word	AT_COMMANDS
 1029 0260 00000000 		.word	gPendingResponse
 1030 0264 00000000 		.word	mpid_ATCMD_MemPool
 1031 0268 00000000 		.word	mpid_LoRaPayload_MemPool
 1032              	.L42:
 257:Core/Src/uart_at.c ****                             if(PendingCommand != NULL)
 1033              		.loc 1 257 55
 1034 026c BB68     		ldr	r3, [r7, #8]
 1035 026e 5A78     		ldrb	r2, [r3, #1]	@ zero_extendqisi2
 257:Core/Src/uart_at.c ****                             if(PendingCommand != NULL)
 1036              		.loc 1 257 46
 1037 0270 1A4B     		ldr	r3, .L50
 1038 0272 1A70     		strb	r2, [r3]
 258:Core/Src/uart_at.c ****                             {
 1039              		.loc 1 258 31
 1040 0274 7B69     		ldr	r3, [r7, #20]
 1041 0276 002B     		cmp	r3, #0
 1042 0278 0BD0     		beq	.L43
 260:Core/Src/uart_at.c ****                                 osMemoryPoolFree(mpid_ATCMD_MemPool, PendingCommand);
 1043              		.loc 1 260 33
 1044 027a 7B69     		ldr	r3, [r7, #20]
 1045 027c 9B68     		ldr	r3, [r3, #8]
 1046 027e 8021     		movs	r1, #128
 1047 0280 1846     		mov	r0, r3
 1048 0282 FFF7FEFF 		bl	osThreadFlagsSet
 261:Core/Src/uart_at.c ****                             }
 1049              		.loc 1 261 33
 1050 0286 164B     		ldr	r3, .L50+4
 1051 0288 1B68     		ldr	r3, [r3]
 1052 028a 7969     		ldr	r1, [r7, #20]
 1053 028c 1846     		mov	r0, r3
 1054 028e FFF7FEFF 		bl	osMemoryPoolFree
 1055              	.L43:
 263:Core/Src/uart_at.c ****                             PendingCommand = NULL;                            
 1056              		.loc 1 263 29
 1057 0292 134B     		ldr	r3, .L50+4
 1058 0294 1B68     		ldr	r3, [r3]
 1059 0296 BA68     		ldr	r2, [r7, #8]
 1060 0298 1146     		mov	r1, r2
 1061 029a 1846     		mov	r0, r3
 1062 029c FFF7FEFF 		bl	osMemoryPoolFree
 264:Core/Src/uart_at.c ****                             ATTaskFSM = AT_IDLE;                            
 1063              		.loc 1 264 44
 1064 02a0 0023     		movs	r3, #0
 1065 02a2 7B61     		str	r3, [r7, #20]
 265:Core/Src/uart_at.c ****                         }
 1066              		.loc 1 265 39
 1067 02a4 0023     		movs	r3, #0
 1068 02a6 FB77     		strb	r3, [r7, #31]
 1069              	.L47:
 1070              		.loc 1 268 21
ARM GAS  C:\Users\DAELT-~1\AppData\Local\Temp\cckZIBYV.s 			page 26


 1071 02a8 00BF     		nop
 1072              	.L27:
 269:Core/Src/uart_at.c ****                 }
 270:Core/Src/uart_at.c ****                 }
 271:Core/Src/uart_at.c ****             }            
 272:Core/Src/uart_at.c ****         }
 273:Core/Src/uart_at.c ****         if (send_cmd != NULL)
 1073              		.loc 1 273 12
 1074 02aa BB69     		ldr	r3, [r7, #24]
 1075 02ac 002B     		cmp	r3, #0
 1076 02ae 3FF4B5AE 		beq	.L45
 1077              	.LBB7:
 274:Core/Src/uart_at.c ****         {
 275:Core/Src/uart_at.c ****             PendingCommand = send_cmd;
 1078              		.loc 1 275 28
 1079 02b2 BB69     		ldr	r3, [r7, #24]
 1080 02b4 7B61     		str	r3, [r7, #20]
 276:Core/Src/uart_at.c ****             send_cmd = NULL;
 1081              		.loc 1 276 22
 1082 02b6 0023     		movs	r3, #0
 1083 02b8 BB61     		str	r3, [r7, #24]
 277:Core/Src/uart_at.c ****             ATTaskFSM = AT_WAITING_RESPONSE;
 1084              		.loc 1 277 23
 1085 02ba 0123     		movs	r3, #1
 1086 02bc FB77     		strb	r3, [r7, #31]
 278:Core/Src/uart_at.c ****             SendToUART(PendingCommand->tx_payload->Buf, strlen(PendingCommand->tx_payload->Buf));
 1087              		.loc 1 278 38
 1088 02be 7B69     		ldr	r3, [r7, #20]
 1089 02c0 5B68     		ldr	r3, [r3, #4]
 1090              		.loc 1 278 50
 1091 02c2 1C46     		mov	r4, r3
 1092              		.loc 1 278 78
 1093 02c4 7B69     		ldr	r3, [r7, #20]
 1094 02c6 5B68     		ldr	r3, [r3, #4]
 1095              		.loc 1 278 13
 1096 02c8 1846     		mov	r0, r3
 1097 02ca FFF7FEFF 		bl	strlen
 1098 02ce 0346     		mov	r3, r0
 1099              		.loc 1 278 13 is_stmt 0 discriminator 1
 1100 02d0 1946     		mov	r1, r3
 1101 02d2 2046     		mov	r0, r4
 1102 02d4 FFF7FEFF 		bl	SendToUART
 1103              	.LBE7:
 143:Core/Src/uart_at.c ****         if(atevent == osErrorTimeout)
 1104              		.loc 1 143 17 is_stmt 1
 1105 02d8 A0E6     		b	.L45
 1106              	.L51:
 1107 02da 00BF     		.align	2
 1108              	.L50:
 1109 02dc 00000000 		.word	gPendingResponse
 1110 02e0 00000000 		.word	mpid_ATCMD_MemPool
 1111              		.cfi_endproc
 1112              	.LFE10:
 1114              		.section	.rodata
 1115              		.align	2
 1116              	.LC0:
 1117 0000 3A00     		.ascii	":\000"
ARM GAS  C:\Users\DAELT-~1\AppData\Local\Temp\cckZIBYV.s 			page 27


 1118              		.section	.text.ATParsingTaskCode,"ax",%progbits
 1119              		.align	1
 1120              		.global	ATParsingTaskCode
 1121              		.syntax unified
 1122              		.thumb
 1123              		.thumb_func
 1125              	ATParsingTaskCode:
 1126              	.LFB11:
 279:Core/Src/uart_at.c ****         }
 280:Core/Src/uart_at.c ****     }
 281:Core/Src/uart_at.c ****     /* USER CODE END StartCmdProcessing */
 282:Core/Src/uart_at.c ****     /* USER CODE END 5 */
 283:Core/Src/uart_at.c **** }
 284:Core/Src/uart_at.c **** 
 285:Core/Src/uart_at.c **** /* USER CODE BEGIN Header_StartATHandling */
 286:Core/Src/uart_at.c **** /**
 287:Core/Src/uart_at.c ****  * @brief Function implementing the cmdHandlingTask thread.
 288:Core/Src/uart_at.c ****  * @param argument: Not used
 289:Core/Src/uart_at.c ****  * @retval None
 290:Core/Src/uart_at.c ****  */
 291:Core/Src/uart_at.c **** /* USER CODE END Header_StartATHandling */
 292:Core/Src/uart_at.c **** void ATParsingTaskCode(void const *argument)
 293:Core/Src/uart_at.c **** {
 1127              		.loc 1 293 1
 1128              		.cfi_startproc
 1129              		@ args = 0, pretend = 0, frame = 48
 1130              		@ frame_needed = 1, uses_anonymous_args = 0
 1131 0000 90B5     		push	{r4, r7, lr}
 1132              	.LCFI18:
 1133              		.cfi_def_cfa_offset 12
 1134              		.cfi_offset 4, -12
 1135              		.cfi_offset 7, -8
 1136              		.cfi_offset 14, -4
 1137 0002 8DB0     		sub	sp, sp, #52
 1138              	.LCFI19:
 1139              		.cfi_def_cfa_offset 64
 1140 0004 00AF     		add	r7, sp, #0
 1141              	.LCFI20:
 1142              		.cfi_def_cfa_register 7
 1143 0006 7860     		str	r0, [r7, #4]
 294:Core/Src/uart_at.c ****     /* USER CODE BEGIN StartATHandling */
 295:Core/Src/uart_at.c ****     /* Infinite loop */
 296:Core/Src/uart_at.c ****     // REF: https://www.keil.com/pack/doc/cmsis/RTOS/html/group__CMSIS__RTOS__Mail.html
 297:Core/Src/uart_at.c ****     osStatus_t uartevent;
 298:Core/Src/uart_at.c ****     UART_MEM_BLOCK_t *pMem;
 299:Core/Src/uart_at.c ****     LORA_PAYLOAD_MEM_BLOCK_t *pLoRaPayload;
 300:Core/Src/uart_at.c ****     CMD_t *pATResponse;
 301:Core/Src/uart_at.c ****     
 302:Core/Src/uart_at.c ****     mpid_ATCMD_MemPool = osMemoryPoolNew(ATCMD_MEMPOOL_OBJECTS, sizeof(CMD_t), NULL);
 1144              		.loc 1 302 26
 1145 0008 0022     		movs	r2, #0
 1146 000a 0C21     		movs	r1, #12
 1147 000c 0820     		movs	r0, #8
 1148 000e FFF7FEFF 		bl	osMemoryPoolNew
 1149 0012 0346     		mov	r3, r0
 1150              		.loc 1 302 24 discriminator 1
 1151 0014 604A     		ldr	r2, .L64
ARM GAS  C:\Users\DAELT-~1\AppData\Local\Temp\cckZIBYV.s 			page 28


 1152 0016 1360     		str	r3, [r2]
 303:Core/Src/uart_at.c ****     mpid_LoRaPayload_MemPool = osMemoryPoolNew(LORAPAYLOAD_MEMPOOL_OBJECTS, sizeof(LORA_PAYLOAD_MEM
 1153              		.loc 1 303 32
 1154 0018 0022     		movs	r2, #0
 1155 001a 5421     		movs	r1, #84
 1156 001c 0220     		movs	r0, #2
 1157 001e FFF7FEFF 		bl	osMemoryPoolNew
 1158 0022 0346     		mov	r3, r0
 1159              		.loc 1 303 30 discriminator 1
 1160 0024 5D4A     		ldr	r2, .L64+4
 1161 0026 1360     		str	r3, [r2]
 304:Core/Src/uart_at.c ****     Ringbuf_Init();
 1162              		.loc 1 304 5
 1163 0028 FFF7FEFF 		bl	Ringbuf_Init
 305:Core/Src/uart_at.c ****     uint32_t CurrentRetries = 0;
 1164              		.loc 1 305 14
 1165 002c 0023     		movs	r3, #0
 1166 002e BB62     		str	r3, [r7, #40]
 1167              	.L62:
 306:Core/Src/uart_at.c ****     while (1)
 307:Core/Src/uart_at.c ****     {
 308:Core/Src/uart_at.c ****         uartevent = osMessageQueueGet(uartQueueHandle, &pMem, NULL,  osWaitForever); // wait for me
 1168              		.loc 1 308 21
 1169 0030 5B4B     		ldr	r3, .L64+8
 1170 0032 1868     		ldr	r0, [r3]
 1171 0034 07F11001 		add	r1, r7, #16
 1172 0038 4FF0FF33 		mov	r3, #-1
 1173 003c 0022     		movs	r2, #0
 1174 003e FFF7FEFF 		bl	osMessageQueueGet
 1175 0042 7862     		str	r0, [r7, #36]
 309:Core/Src/uart_at.c ****         if (uartevent == osOK)
 1176              		.loc 1 309 12
 1177 0044 7B6A     		ldr	r3, [r7, #36]
 1178 0046 002B     		cmp	r3, #0
 1179 0048 F2D1     		bne	.L62
 310:Core/Src/uart_at.c ****         {
 311:Core/Src/uart_at.c ****             pATResponse = (CMD_t *)osMemoryPoolAlloc(mpid_ATCMD_MemPool, 0U); // get Mem Block
 1180              		.loc 1 311 36
 1181 004a 534B     		ldr	r3, .L64
 1182 004c 1B68     		ldr	r3, [r3]
 1183 004e 0021     		movs	r1, #0
 1184 0050 1846     		mov	r0, r3
 1185 0052 FFF7FEFF 		bl	osMemoryPoolAlloc
 1186 0056 0346     		mov	r3, r0
 1187              		.loc 1 311 25 discriminator 1
 1188 0058 FB60     		str	r3, [r7, #12]
 312:Core/Src/uart_at.c ****             if (pATResponse != NULL)
 1189              		.loc 1 312 29
 1190 005a FB68     		ldr	r3, [r7, #12]
 1191              		.loc 1 312 16
 1192 005c 002B     		cmp	r3, #0
 1193 005e 00F09180 		beq	.L54
 313:Core/Src/uart_at.c ****             {
 314:Core/Src/uart_at.c ****                 pATResponse->command = AT_COMMAND_UNDEFINED;
 1194              		.loc 1 314 28
 1195 0062 FB68     		ldr	r3, [r7, #12]
 1196              		.loc 1 314 38
ARM GAS  C:\Users\DAELT-~1\AppData\Local\Temp\cckZIBYV.s 			page 29


 1197 0064 0B22     		movs	r2, #11
 1198 0066 1A70     		strb	r2, [r3]
 315:Core/Src/uart_at.c ****                 pATResponse->response = ParseResponse(pMem->Buf);
 1199              		.loc 1 315 59
 1200 0068 3B69     		ldr	r3, [r7, #16]
 1201              		.loc 1 315 28
 1202 006a FC68     		ldr	r4, [r7, #12]
 1203              		.loc 1 315 41
 1204 006c 1846     		mov	r0, r3
 1205 006e FFF7FEFF 		bl	ParseResponse
 1206 0072 0346     		mov	r3, r0
 1207              		.loc 1 315 39 discriminator 1
 1208 0074 6370     		strb	r3, [r4, #1]
 316:Core/Src/uart_at.c ****                 if(pATResponse!=AT_RESPONSE_UNDEFINED)
 1209              		.loc 1 316 31
 1210 0076 FB68     		ldr	r3, [r7, #12]
 1211              		.loc 1 316 19
 1212 0078 0A2B     		cmp	r3, #10
 1213 007a 7BD0     		beq	.L55
 317:Core/Src/uart_at.c ****                 {
 318:Core/Src/uart_at.c ****                     if(pATResponse->response==AT_RX_OK)
 1214              		.loc 1 318 35
 1215 007c FB68     		ldr	r3, [r7, #12]
 1216 007e 5B78     		ldrb	r3, [r3, #1]	@ zero_extendqisi2
 1217              		.loc 1 318 23
 1218 0080 022B     		cmp	r3, #2
 1219 0082 6BD1     		bne	.L56
 1220              	.LBB8:
 319:Core/Src/uart_at.c ****                     {
 320:Core/Src/uart_at.c ****                         //parse received data
 321:Core/Src/uart_at.c ****                         char *pch;
 322:Core/Src/uart_at.c ****                         char *rcvDataPointer, asciiChar[3];  
 323:Core/Src/uart_at.c ****                         uint32_t number;                      
 324:Core/Src/uart_at.c ****                         pLoRaPayload = (LORA_PAYLOAD_MEM_BLOCK_t *)osMemoryPoolAlloc(mpid_LoRaPaylo
 1221              		.loc 1 324 68
 1222 0084 454B     		ldr	r3, .L64+4
 1223 0086 1B68     		ldr	r3, [r3]
 1224 0088 0021     		movs	r1, #0
 1225 008a 1846     		mov	r0, r3
 1226 008c FFF7FEFF 		bl	osMemoryPoolAlloc
 1227 0090 3862     		str	r0, [r7, #32]
 325:Core/Src/uart_at.c ****                         // Data Format: RX:616263:2:-43:25
 326:Core/Src/uart_at.c ****                         pch = strtok(pMem->Buf, ":");
 1228              		.loc 1 326 42
 1229 0092 3B69     		ldr	r3, [r7, #16]
 1230              		.loc 1 326 31
 1231 0094 4349     		ldr	r1, .L64+12
 1232 0096 1846     		mov	r0, r3
 1233 0098 FFF7FEFF 		bl	strtok
 1234 009c 0346     		mov	r3, r0
 1235              		.loc 1 326 29 discriminator 1
 1236 009e FB61     		str	r3, [r7, #28]
 327:Core/Src/uart_at.c ****                         pch = strtok(NULL, ":");
 1237              		.loc 1 327 31
 1238 00a0 4049     		ldr	r1, .L64+12
 1239 00a2 0020     		movs	r0, #0
 1240 00a4 FFF7FEFF 		bl	strtok
ARM GAS  C:\Users\DAELT-~1\AppData\Local\Temp\cckZIBYV.s 			page 30


 1241 00a8 0346     		mov	r3, r0
 1242              		.loc 1 327 29 discriminator 1
 1243 00aa FB61     		str	r3, [r7, #28]
 328:Core/Src/uart_at.c ****                         rcvDataPointer = pch;
 1244              		.loc 1 328 40
 1245 00ac FB69     		ldr	r3, [r7, #28]
 1246 00ae BB61     		str	r3, [r7, #24]
 329:Core/Src/uart_at.c ****                         asciiChar[3] = '\0';
 1247              		.loc 1 329 38
 1248 00b0 0023     		movs	r3, #0
 1249 00b2 FB72     		strb	r3, [r7, #11]
 330:Core/Src/uart_at.c ****                         pLoRaPayload->Buf[0] = '\0';
 1250              		.loc 1 330 46
 1251 00b4 3B6A     		ldr	r3, [r7, #32]
 1252 00b6 0022     		movs	r2, #0
 1253 00b8 1A75     		strb	r2, [r3, #20]
 331:Core/Src/uart_at.c ****                         pLoRaPayload->rcvDataLen = strlen(rcvDataPointer);
 1254              		.loc 1 331 52
 1255 00ba B869     		ldr	r0, [r7, #24]
 1256 00bc FFF7FEFF 		bl	strlen
 1257 00c0 0246     		mov	r2, r0
 1258              		.loc 1 331 50 discriminator 1
 1259 00c2 3B6A     		ldr	r3, [r7, #32]
 1260 00c4 9A60     		str	r2, [r3, #8]
 1261              	.LBB9:
 332:Core/Src/uart_at.c ****                         for (uint32_t i = 0; i < pLoRaPayload->rcvDataLen; i = i + 2)
 1262              		.loc 1 332 39
 1263 00c6 0023     		movs	r3, #0
 1264 00c8 FB62     		str	r3, [r7, #44]
 1265              		.loc 1 332 25
 1266 00ca 19E0     		b	.L57
 1267              	.L58:
 1268              	.LBB10:
 333:Core/Src/uart_at.c ****                         {
 334:Core/Src/uart_at.c ****                             memcpy(asciiChar, rcvDataPointer + i, 2);
 1269              		.loc 1 334 62
 1270 00cc BA69     		ldr	r2, [r7, #24]
 1271 00ce FB6A     		ldr	r3, [r7, #44]
 1272 00d0 1344     		add	r3, r3, r2
 1273              		.loc 1 334 29
 1274 00d2 1B88     		ldrh	r3, [r3]	@ unaligned
 1275 00d4 9BB2     		uxth	r3, r3
 1276 00d6 3B81     		strh	r3, [r7, #8]	@ movhi
 335:Core/Src/uart_at.c ****                             number = (uint32_t)strtol(asciiChar, NULL, 16);
 1277              		.loc 1 335 48
 1278 00d8 07F10803 		add	r3, r7, #8
 1279 00dc 1022     		movs	r2, #16
 1280 00de 0021     		movs	r1, #0
 1281 00e0 1846     		mov	r0, r3
 1282 00e2 FFF7FEFF 		bl	strtol
 1283 00e6 0346     		mov	r3, r0
 1284              		.loc 1 335 36 discriminator 1
 1285 00e8 7B61     		str	r3, [r7, #20]
 336:Core/Src/uart_at.c ****                             //sprintf(pLoRaPayload->Buf, "%s%c", pLoRaPayload->Buf, number);
 337:Core/Src/uart_at.c ****                             pLoRaPayload->Buf[i / 2] = number & 0x00FF;
 1286              		.loc 1 337 49
 1287 00ea FB6A     		ldr	r3, [r7, #44]
ARM GAS  C:\Users\DAELT-~1\AppData\Local\Temp\cckZIBYV.s 			page 31


 1288 00ec 5B08     		lsrs	r3, r3, #1
 1289              		.loc 1 337 54
 1290 00ee 7A69     		ldr	r2, [r7, #20]
 1291 00f0 D1B2     		uxtb	r1, r2
 1292 00f2 3A6A     		ldr	r2, [r7, #32]
 1293 00f4 1344     		add	r3, r3, r2
 1294 00f6 0A46     		mov	r2, r1
 1295 00f8 1A75     		strb	r2, [r3, #20]
 1296              	.LBE10:
 332:Core/Src/uart_at.c ****                         {
 1297              		.loc 1 332 78 discriminator 3
 1298 00fa FB6A     		ldr	r3, [r7, #44]
 1299 00fc 0233     		adds	r3, r3, #2
 1300 00fe FB62     		str	r3, [r7, #44]
 1301              	.L57:
 332:Core/Src/uart_at.c ****                         {
 1302              		.loc 1 332 62 discriminator 1
 1303 0100 3B6A     		ldr	r3, [r7, #32]
 1304 0102 9B68     		ldr	r3, [r3, #8]
 332:Core/Src/uart_at.c ****                         {
 1305              		.loc 1 332 48 discriminator 1
 1306 0104 FA6A     		ldr	r2, [r7, #44]
 1307 0106 9A42     		cmp	r2, r3
 1308 0108 E0D3     		bcc	.L58
 1309              	.LBE9:
 338:Core/Src/uart_at.c ****                         }
 339:Core/Src/uart_at.c ****                         pch = strtok(NULL, ":");
 1310              		.loc 1 339 31
 1311 010a 2649     		ldr	r1, .L64+12
 1312 010c 0020     		movs	r0, #0
 1313 010e FFF7FEFF 		bl	strtok
 1314 0112 0346     		mov	r3, r0
 1315              		.loc 1 339 29 discriminator 1
 1316 0114 FB61     		str	r3, [r7, #28]
 340:Core/Src/uart_at.c ****                         pLoRaPayload->rcvPort = atoi(pch);
 1317              		.loc 1 340 49
 1318 0116 F869     		ldr	r0, [r7, #28]
 1319 0118 FFF7FEFF 		bl	atoi
 1320 011c 0346     		mov	r3, r0
 1321              		.loc 1 340 49 is_stmt 0 discriminator 1
 1322 011e 1A46     		mov	r2, r3
 1323              		.loc 1 340 47 is_stmt 1 discriminator 1
 1324 0120 3B6A     		ldr	r3, [r7, #32]
 1325 0122 1A60     		str	r2, [r3]
 341:Core/Src/uart_at.c ****                         pch = strtok(NULL, ":");
 1326              		.loc 1 341 31
 1327 0124 1F49     		ldr	r1, .L64+12
 1328 0126 0020     		movs	r0, #0
 1329 0128 FFF7FEFF 		bl	strtok
 1330 012c 0346     		mov	r3, r0
 1331              		.loc 1 341 29 discriminator 1
 1332 012e FB61     		str	r3, [r7, #28]
 342:Core/Src/uart_at.c ****                         pLoRaPayload->rcvRSSI = atoi(pch);
 1333              		.loc 1 342 49
 1334 0130 F869     		ldr	r0, [r7, #28]
 1335 0132 FFF7FEFF 		bl	atoi
 1336 0136 0246     		mov	r2, r0
ARM GAS  C:\Users\DAELT-~1\AppData\Local\Temp\cckZIBYV.s 			page 32


 1337              		.loc 1 342 47 discriminator 1
 1338 0138 3B6A     		ldr	r3, [r7, #32]
 1339 013a DA60     		str	r2, [r3, #12]
 343:Core/Src/uart_at.c ****                         pch = strtok(NULL, ":");
 1340              		.loc 1 343 31
 1341 013c 1949     		ldr	r1, .L64+12
 1342 013e 0020     		movs	r0, #0
 1343 0140 FFF7FEFF 		bl	strtok
 1344 0144 0346     		mov	r3, r0
 1345              		.loc 1 343 29 discriminator 1
 1346 0146 FB61     		str	r3, [r7, #28]
 344:Core/Src/uart_at.c ****                         pLoRaPayload->rcvSNR = atoi(pch);
 1347              		.loc 1 344 48
 1348 0148 F869     		ldr	r0, [r7, #28]
 1349 014a FFF7FEFF 		bl	atoi
 1350 014e 0246     		mov	r2, r0
 1351              		.loc 1 344 46 discriminator 1
 1352 0150 3B6A     		ldr	r3, [r7, #32]
 1353 0152 1A61     		str	r2, [r3, #16]
 345:Core/Src/uart_at.c ****                         pATResponse->rx_payload = pLoRaPayload;
 1354              		.loc 1 345 36
 1355 0154 FB68     		ldr	r3, [r7, #12]
 1356              		.loc 1 345 49
 1357 0156 3A6A     		ldr	r2, [r7, #32]
 1358 0158 5A60     		str	r2, [r3, #4]
 1359              	.LBE8:
 1360 015a 02E0     		b	.L59
 1361              	.L56:
 346:Core/Src/uart_at.c ****                     }    
 347:Core/Src/uart_at.c ****                     else
 348:Core/Src/uart_at.c ****                     {
 349:Core/Src/uart_at.c ****                         pATResponse->rx_payload = NULL;
 1362              		.loc 1 349 36
 1363 015c FB68     		ldr	r3, [r7, #12]
 1364              		.loc 1 349 49
 1365 015e 0022     		movs	r2, #0
 1366 0160 5A60     		str	r2, [r3, #4]
 1367              	.L59:
 350:Core/Src/uart_at.c ****                     }                    
 351:Core/Src/uart_at.c ****                     // Put command to queue
 352:Core/Src/uart_at.c ****                     osMessageQueuePut(ATQueueHandle, &pATResponse, 0U, 0U);
 1368              		.loc 1 352 21
 1369 0162 114B     		ldr	r3, .L64+16
 1370 0164 1868     		ldr	r0, [r3]
 1371 0166 07F10C01 		add	r1, r7, #12
 1372 016a 0023     		movs	r3, #0
 1373 016c 0022     		movs	r2, #0
 1374 016e FFF7FEFF 		bl	osMessageQueuePut
 1375 0172 08E0     		b	.L60
 1376              	.L55:
 353:Core/Src/uart_at.c ****                 }
 354:Core/Src/uart_at.c ****                 else
 355:Core/Src/uart_at.c ****                 {
 356:Core/Src/uart_at.c ****                     osMemoryPoolFree(mpid_ATCMD_MemPool,pATResponse);
 1377              		.loc 1 356 21
 1378 0174 084B     		ldr	r3, .L64
 1379 0176 1B68     		ldr	r3, [r3]
ARM GAS  C:\Users\DAELT-~1\AppData\Local\Temp\cckZIBYV.s 			page 33


 1380 0178 FA68     		ldr	r2, [r7, #12]
 1381 017a 1146     		mov	r1, r2
 1382 017c 1846     		mov	r0, r3
 1383 017e FFF7FEFF 		bl	osMemoryPoolFree
 1384 0182 00E0     		b	.L60
 1385              	.L63:
 1386              	.L54:
 357:Core/Src/uart_at.c ****                 }
 358:Core/Src/uart_at.c ****             } 
 359:Core/Src/uart_at.c ****             else
 360:Core/Src/uart_at.c ****             {
 361:Core/Src/uart_at.c ****                 while(1);
 1387              		.loc 1 361 22
 1388 0184 FEE7     		b	.L63
 1389              	.L60:
 362:Core/Src/uart_at.c ****             }           
 363:Core/Src/uart_at.c ****             osMemoryPoolFree(mpid_UART_MemPool,pMem);
 1390              		.loc 1 363 13
 1391 0186 094B     		ldr	r3, .L64+20
 1392 0188 1B68     		ldr	r3, [r3]
 1393 018a 3A69     		ldr	r2, [r7, #16]
 1394 018c 1146     		mov	r1, r2
 1395 018e 1846     		mov	r0, r3
 1396 0190 FFF7FEFF 		bl	osMemoryPoolFree
 308:Core/Src/uart_at.c ****         if (uartevent == osOK)
 1397              		.loc 1 308 19
 1398 0194 4CE7     		b	.L62
 1399              	.L65:
 1400 0196 00BF     		.align	2
 1401              	.L64:
 1402 0198 00000000 		.word	mpid_ATCMD_MemPool
 1403 019c 00000000 		.word	mpid_LoRaPayload_MemPool
 1404 01a0 00000000 		.word	uartQueueHandle
 1405 01a4 00000000 		.word	.LC0
 1406 01a8 00000000 		.word	ATQueueHandle
 1407 01ac 00000000 		.word	mpid_UART_MemPool
 1408              		.cfi_endproc
 1409              	.LFE11:
 1411              		.text
 1412              	.Letext0:
 1413              		.file 2 "C:/tools/arm-gnu-toolchain-13.2.rel1-mingw-w64-i686-arm-none-eabi/lib/gcc/arm-none-eabi/1
 1414              		.file 3 "C:/tools/arm-gnu-toolchain-13.2.rel1-mingw-w64-i686-arm-none-eabi/arm-none-eabi/include/m
 1415              		.file 4 "C:/tools/arm-gnu-toolchain-13.2.rel1-mingw-w64-i686-arm-none-eabi/arm-none-eabi/include/s
 1416              		.file 5 "Middlewares/Third_Party/FreeRTOS/Source/CMSIS_RTOS_V2/cmsis_os2.h"
 1417              		.file 6 "Core/Inc/uartRingBufDMA.h"
 1418              		.file 7 "Core/Inc/uart_at.h"
 1419              		.file 8 "<built-in>"
ARM GAS  C:\Users\DAELT-~1\AppData\Local\Temp\cckZIBYV.s 			page 34


DEFINED SYMBOLS
                            *ABS*:00000000 uart_at.c
C:\Users\DAELT-~1\AppData\Local\Temp\cckZIBYV.s:25     .bss.cmd_buffer:00000000 cmd_buffer
C:\Users\DAELT-~1\AppData\Local\Temp\cckZIBYV.s:22     .bss.cmd_buffer:00000000 $d
C:\Users\DAELT-~1\AppData\Local\Temp\cckZIBYV.s:31     .bss.cmd_len:00000000 cmd_len
C:\Users\DAELT-~1\AppData\Local\Temp\cckZIBYV.s:32     .bss.cmd_len:00000000 $d
C:\Users\DAELT-~1\AppData\Local\Temp\cckZIBYV.s:37     .bss.byte:00000000 byte
C:\Users\DAELT-~1\AppData\Local\Temp\cckZIBYV.s:38     .bss.byte:00000000 $d
C:\Users\DAELT-~1\AppData\Local\Temp\cckZIBYV.s:44     .bss.mpid_ATCMD_MemPool:00000000 mpid_ATCMD_MemPool
C:\Users\DAELT-~1\AppData\Local\Temp\cckZIBYV.s:41     .bss.mpid_ATCMD_MemPool:00000000 $d
C:\Users\DAELT-~1\AppData\Local\Temp\cckZIBYV.s:51     .bss.mpid_LoRaPayload_MemPool:00000000 mpid_LoRaPayload_MemPool
C:\Users\DAELT-~1\AppData\Local\Temp\cckZIBYV.s:48     .bss.mpid_LoRaPayload_MemPool:00000000 $d
C:\Users\DAELT-~1\AppData\Local\Temp\cckZIBYV.s:58     .rodata.AT_COMMANDS:00000000 AT_COMMANDS
C:\Users\DAELT-~1\AppData\Local\Temp\cckZIBYV.s:55     .rodata.AT_COMMANDS:00000000 $d
C:\Users\DAELT-~1\AppData\Local\Temp\cckZIBYV.s:148    .rodata.AT_RESPONSES:00000000 AT_RESPONSES
C:\Users\DAELT-~1\AppData\Local\Temp\cckZIBYV.s:145    .rodata.AT_RESPONSES:00000000 $d
C:\Users\DAELT-~1\AppData\Local\Temp\cckZIBYV.s:186    .bss.gPendingResponse:00000000 gPendingResponse
C:\Users\DAELT-~1\AppData\Local\Temp\cckZIBYV.s:187    .bss.gPendingResponse:00000000 $d
C:\Users\DAELT-~1\AppData\Local\Temp\cckZIBYV.s:193    .bss.gATPayload:00000000 gATPayload
C:\Users\DAELT-~1\AppData\Local\Temp\cckZIBYV.s:190    .bss.gATPayload:00000000 $d
C:\Users\DAELT-~1\AppData\Local\Temp\cckZIBYV.s:196    .text.sendRAWAT:00000000 $t
C:\Users\DAELT-~1\AppData\Local\Temp\cckZIBYV.s:202    .text.sendRAWAT:00000000 sendRAWAT
C:\Users\DAELT-~1\AppData\Local\Temp\cckZIBYV.s:525    .text.ParseAT:00000000 ParseAT
C:\Users\DAELT-~1\AppData\Local\Temp\cckZIBYV.s:400    .text.sendRAWAT:0000011c $d
C:\Users\DAELT-~1\AppData\Local\Temp\cckZIBYV.s:409    .text.ParseResponse:00000000 $t
C:\Users\DAELT-~1\AppData\Local\Temp\cckZIBYV.s:415    .text.ParseResponse:00000000 ParseResponse
C:\Users\DAELT-~1\AppData\Local\Temp\cckZIBYV.s:514    .text.ParseResponse:00000074 $d
C:\Users\DAELT-~1\AppData\Local\Temp\cckZIBYV.s:519    .text.ParseAT:00000000 $t
C:\Users\DAELT-~1\AppData\Local\Temp\cckZIBYV.s:621    .text.ParseAT:00000070 $d
C:\Users\DAELT-~1\AppData\Local\Temp\cckZIBYV.s:626    .text.ATHandlingTaskCode:00000000 $t
C:\Users\DAELT-~1\AppData\Local\Temp\cckZIBYV.s:632    .text.ATHandlingTaskCode:00000000 ATHandlingTaskCode
C:\Users\DAELT-~1\AppData\Local\Temp\cckZIBYV.s:1027   .text.ATHandlingTaskCode:00000258 $d
C:\Users\DAELT-~1\AppData\Local\Temp\cckZIBYV.s:1034   .text.ATHandlingTaskCode:0000026c $t
C:\Users\DAELT-~1\AppData\Local\Temp\cckZIBYV.s:1109   .text.ATHandlingTaskCode:000002dc $d
C:\Users\DAELT-~1\AppData\Local\Temp\cckZIBYV.s:1115   .rodata:00000000 $d
C:\Users\DAELT-~1\AppData\Local\Temp\cckZIBYV.s:1119   .text.ATParsingTaskCode:00000000 $t
C:\Users\DAELT-~1\AppData\Local\Temp\cckZIBYV.s:1125   .text.ATParsingTaskCode:00000000 ATParsingTaskCode
C:\Users\DAELT-~1\AppData\Local\Temp\cckZIBYV.s:1402   .text.ATParsingTaskCode:00000198 $d

UNDEFINED SYMBOLS
osSemaphoreAcquire
osMemoryPoolAlloc
strlen
memcpy
osThreadGetId
osMessageQueuePut
osMemoryPoolFree
osSemaphoreRelease
osThreadFlagsClear
osThreadFlagsWait
ATCommandSemaphoreHandle
ATQueueHandle
strncmp
osMessageQueueGet
osThreadFlagsSet
LoRaWAN_RxEventCallback
LoRaWAN_JoinCallback
ARM GAS  C:\Users\DAELT-~1\AppData\Local\Temp\cckZIBYV.s 			page 35


SendToUART
osMemoryPoolNew
Ringbuf_Init
strtok
strtol
atoi
uartQueueHandle
mpid_UART_MemPool
